<?xml version="1.0" encoding="UTF-8"?>
<!DOCTYPE svg PUBLIC "-//W3C//DTD SVG 1.1//EN"
          "http://www.w3.org/Graphics/SVG/1.1/DTD/svg11.dtd">
<svg xmlns="http://www.w3.org/2000/svg" version="1.1"
     width="370" height="160">
<rect x="0" y="0" width="370" height="160" fill="white" stroke="white" stroke-width="0"/>
<text x="10" y="29" fill="black">Cross-section A</text>
<rect x="10" y="100" width="5" height="5" fill="black" stroke-width="0" stroke="black" />
<rect x="10" y="95" width="5" height="5" fill="black" stroke-width="0" stroke="black" />
<rect x="10" y="80" width="5" height="5" fill="black" stroke-width="0" stroke="black" />
<rect x="10" y="75" width="5" height="5" fill="black" stroke-width="0" stroke="black" />
<rect x="15" y="100" width="5" height="5" fill="black" stroke-width="0" stroke="black" />
<rect x="15" y="95" width="5" height="5" fill="black" stroke-width="0" stroke="black" />
<rect x="15" y="80" width="5" height="5" fill="black" stroke-width="0" stroke="black" />
<rect x="15" y="75" width="5" height="5" fill="black" stroke-width="0" stroke="black" />
<rect x="20" y="95" width="5" height="5" fill="black" stroke-width="0" stroke="black" />
<rect x="20" y="90" width="5" height="5" fill="black" stroke-width="0" stroke="black" />
<rect x="20" y="80" width="5" height="5" fill="black" stroke-width="0" stroke="black" />
<rect x="20" y="75" width="5" height="5" fill="black" stroke-width="0" stroke="black" />
<rect x="25" y="95" width="5" height="5" fill="black" stroke-width="0" stroke="black" />
<rect x="25" y="90" width="5" height="5" fill="black" stroke-width="0" stroke="black" />
<rect x="25" y="75" width="5" height="5" fill="black" stroke-width="0" stroke="black" />
<rect x="30" y="90" width="5" height="5" fill="black" stroke-width="0" stroke="black" />
<rect x="30" y="75" width="5" height="5" fill="black" stroke-width="0" stroke="black" />
<rect x="35" y="110" width="5" height="5" fill="black" stroke-width="0" stroke="black" />
<rect x="35" y="105" width="5" height="5" fill="black" stroke-width="0" stroke="black" />
<rect x="35" y="100" width="5" height="5" fill="black" stroke-width="0" stroke="black" />
<rect x="35" y="95" width="5" height="5" fill="black" stroke-width="0" stroke="black" />
<rect x="35" y="90" width="5" height="5" fill="black" stroke-width="0" stroke="black" />
<rect x="40" y="115" width="5" height="5" fill="black" stroke-width="0" stroke="black" />
<rect x="40" y="110" width="5" height="5" fill="black" stroke-width="0" stroke="black" />
<rect x="40" y="105" width="5" height="5" fill="black" stroke-width="0" stroke="black" />
<rect x="40" y="95" width="5" height="5" fill="black" stroke-width="0" stroke="black" />
<rect x="40" y="90" width="5" height="5" fill="black" stroke-width="0" stroke="black" />
<rect x="40" y="85" width="5" height="5" fill="black" stroke-width="0" stroke="black" />
<rect x="40" y="80" width="5" height="5" fill="black" stroke-width="0" stroke="black" />
<rect x="45" y="115" width="5" height="5" fill="black" stroke-width="0" stroke="black" />
<rect x="45" y="110" width="5" height="5" fill="black" stroke-width="0" stroke="black" />
<rect x="45" y="95" width="5" height="5" fill="black" stroke-width="0" stroke="black" />
<rect x="45" y="90" width="5" height="5" fill="black" stroke-width="0" stroke="black" />
<rect x="45" y="85" width="5" height="5" fill="black" stroke-width="0" stroke="black" />
<rect x="45" y="80" width="5" height="5" fill="black" stroke-width="0" stroke="black" />
<rect x="50" y="120" width="5" height="5" fill="black" stroke-width="0" stroke="black" />
<rect x="50" y="115" width="5" height="5" fill="black" stroke-width="0" stroke="black" />
<rect x="50" y="110" width="5" height="5" fill="black" stroke-width="0" stroke="black" />
<rect x="50" y="90" width="5" height="5" fill="black" stroke-width="0" stroke="black" />
<rect x="50" y="85" width="5" height="5" fill="black" stroke-width="0" stroke="black" />
<rect x="55" y="120" width="5" height="5" fill="black" stroke-width="0" stroke="black" />
<rect x="55" y="115" width="5" height="5" fill="black" stroke-width="0" stroke="black" />
<rect x="55" y="110" width="5" height="5" fill="black" stroke-width="0" stroke="black" />
<rect x="55" y="90" width="5" height="5" fill="black" stroke-width="0" stroke="black" />
<rect x="55" y="85" width="5" height="5" fill="black" stroke-width="0" stroke="black" />
<rect x="60" y="115" width="5" height="5" fill="black" stroke-width="0" stroke="black" />
<rect x="60" y="90" width="5" height="5" fill="black" stroke-width="0" stroke="black" />
<rect x="60" y="85" width="5" height="5" fill="black" stroke-width="0" stroke="black" />
<rect x="65" y="115" width="5" height="5" fill="black" stroke-width="0" stroke="black" />
<rect x="65" y="90" width="5" height="5" fill="black" stroke-width="0" stroke="black" />
<rect x="65" y="85" width="5" height="5" fill="black" stroke-width="0" stroke="black" />
<rect x="70" y="115" width="5" height="5" fill="black" stroke-width="0" stroke="black" />
<rect x="70" y="90" width="5" height="5" fill="black" stroke-width="0" stroke="black" />
<rect x="70" y="85" width="5" height="5" fill="black" stroke-width="0" stroke="black" />
<rect x="75" y="115" width="5" height="5" fill="black" stroke-width="0" stroke="black" />
<rect x="75" y="85" width="5" height="5" fill="black" stroke-width="0" stroke="black" />
<rect x="80" y="120" width="5" height="5" fill="black" stroke-width="0" stroke="black" />
<rect x="80" y="115" width="5" height="5" fill="black" stroke-width="0" stroke="black" />
<rect x="80" y="70" width="5" height="5" fill="black" stroke-width="0" stroke="black" />
<rect x="80" y="65" width="5" height="5" fill="black" stroke-width="0" stroke="black" />
<rect x="85" y="120" width="5" height="5" fill="black" stroke-width="0" stroke="black" />
<rect x="85" y="115" width="5" height="5" fill="black" stroke-width="0" stroke="black" />
<rect x="85" y="70" width="5" height="5" fill="black" stroke-width="0" stroke="black" />
<rect x="85" y="65" width="5" height="5" fill="black" stroke-width="0" stroke="black" />
<rect x="90" y="120" width="5" height="5" fill="black" stroke-width="0" stroke="black" />
<rect x="90" y="115" width="5" height="5" fill="black" stroke-width="0" stroke="black" />
<rect x="90" y="70" width="5" height="5" fill="black" stroke-width="0" stroke="black" />
<rect x="95" y="120" width="5" height="5" fill="black" stroke-width="0" stroke="black" />
<rect x="95" y="80" width="5" height="5" fill="black" stroke-width="0" stroke="black" />
<rect x="95" y="75" width="5" height="5" fill="black" stroke-width="0" stroke="black" />
<rect x="95" y="70" width="5" height="5" fill="black" stroke-width="0" stroke="black" />
<rect x="100" y="125" width="5" height="5" fill="black" stroke-width="0" stroke="black" />
<rect x="100" y="120" width="5" height="5" fill="black" stroke-width="0" stroke="black" />
<rect x="100" y="80" width="5" height="5" fill="black" stroke-width="0" stroke="black" />
<rect x="100" y="75" width="5" height="5" fill="black" stroke-width="0" stroke="black" />
<rect x="100" y="70" width="5" height="5" fill="black" stroke-width="0" stroke="black" />
<rect x="100" y="65" width="5" height="5" fill="black" stroke-width="0" stroke="black" />
<rect x="105" y="125" width="5" height="5" fill="black" stroke-width="0" stroke="black" />
<rect x="105" y="120" width="5" height="5" fill="black" stroke-width="0" stroke="black" />
<rect x="105" y="80" width="5" height="5" fill="black" stroke-width="0" stroke="black" />
<rect x="105" y="75" width="5" height="5" fill="black" stroke-width="0" stroke="black" />
<rect x="105" y="70" width="5" height="5" fill="black" stroke-width="0" stroke="black" />
<rect x="105" y="65" width="5" height="5" fill="black" stroke-width="0" stroke="black" />
<rect x="110" y="125" width="5" height="5" fill="black" stroke-width="0" stroke="black" />
<rect x="110" y="120" width="5" height="5" fill="black" stroke-width="0" stroke="black" />
<rect x="110" y="80" width="5" height="5" fill="black" stroke-width="0" stroke="black" />
<rect x="110" y="75" width="5" height="5" fill="black" stroke-width="0" stroke="black" />
<rect x="110" y="70" width="5" height="5" fill="black" stroke-width="0" stroke="black" />
<rect x="115" y="130" width="5" height="5" fill="black" stroke-width="0" stroke="black" />
<rect x="115" y="125" width="5" height="5" fill="black" stroke-width="0" stroke="black" />
<rect x="115" y="120" width="5" height="5" fill="black" stroke-width="0" stroke="black" />
<rect x="115" y="75" width="5" height="5" fill="black" stroke-width="0" stroke="black" />
<rect x="115" y="70" width="5" height="5" fill="black" stroke-width="0" stroke="black" />
<rect x="120" y="135" width="5" height="5" fill="black" stroke-width="0" stroke="black" />
<rect x="120" y="130" width="5" height="5" fill="black" stroke-width="0" stroke="black" />
<rect x="120" y="125" width="5" height="5" fill="black" stroke-width="0" stroke="black" />
<rect x="120" y="75" width="5" height="5" fill="black" stroke-width="0" stroke="black" />
<rect x="120" y="70" width="5" height="5" fill="black" stroke-width="0" stroke="black" />
<rect x="125" y="130" width="5" height="5" fill="black" stroke-width="0" stroke="black" />
<rect x="125" y="125" width="5" height="5" fill="black" stroke-width="0" stroke="black" />
<rect x="125" y="70" width="5" height="5" fill="black" stroke-width="0" stroke="black" />
<rect x="125" y="65" width="5" height="5" fill="black" stroke-width="0" stroke="black" />
<rect x="130" y="130" width="5" height="5" fill="black" stroke-width="0" stroke="black" />
<rect x="130" y="125" width="5" height="5" fill="black" stroke-width="0" stroke="black" />
<rect x="130" y="70" width="5" height="5" fill="black" stroke-width="0" stroke="black" />
<rect x="130" y="65" width="5" height="5" fill="black" stroke-width="0" stroke="black" />
<rect x="135" y="130" width="5" height="5" fill="black" stroke-width="0" stroke="black" />
<rect x="135" y="125" width="5" height="5" fill="black" stroke-width="0" stroke="black" />
<rect x="135" y="70" width="5" height="5" fill="black" stroke-width="0" stroke="black" />
<rect x="135" y="65" width="5" height="5" fill="black" stroke-width="0" stroke="black" />
<rect x="135" y="60" width="5" height="5" fill="black" stroke-width="0" stroke="black" />
<rect x="140" y="140" width="5" height="5" fill="black" stroke-width="0" stroke="black" />
<rect x="140" y="135" width="5" height="5" fill="black" stroke-width="0" stroke="black" />
<rect x="140" y="60" width="5" height="5" fill="black" stroke-width="0" stroke="black" />
<rect x="140" y="55" width="5" height="5" fill="black" stroke-width="0" stroke="black" />
<rect x="145" y="140" width="5" height="5" fill="black" stroke-width="0" stroke="black" />
<rect x="145" y="135" width="5" height="5" fill="black" stroke-width="0" stroke="black" />
<rect x="145" y="60" width="5" height="5" fill="black" stroke-width="0" stroke="black" />
<rect x="145" y="55" width="5" height="5" fill="black" stroke-width="0" stroke="black" />
<rect x="145" y="50" width="5" height="5" fill="black" stroke-width="0" stroke="black" />
<rect x="150" y="145" width="5" height="5" fill="black" stroke-width="0" stroke="black" />
<rect x="150" y="140" width="5" height="5" fill="black" stroke-width="0" stroke="black" />
<rect x="150" y="60" width="5" height="5" fill="black" stroke-width="0" stroke="black" />
<rect x="150" y="55" width="5" height="5" fill="black" stroke-width="0" stroke="black" />
<rect x="150" y="50" width="5" height="5" fill="black" stroke-width="0" stroke="black" />
<rect x="155" y="145" width="5" height="5" fill="black" stroke-width="0" stroke="black" />
<rect x="155" y="140" width="5" height="5" fill="black" stroke-width="0" stroke="black" />
<rect x="155" y="55" width="5" height="5" fill="black" stroke-width="0" stroke="black" />
<rect x="155" y="50" width="5" height="5" fill="black" stroke-width="0" stroke="black" />
<rect x="160" y="145" width="5" height="5" fill="black" stroke-width="0" stroke="black" />
<rect x="160" y="140" width="5" height="5" fill="black" stroke-width="0" stroke="black" />
<rect x="160" y="55" width="5" height="5" fill="black" stroke-width="0" stroke="black" />
<rect x="160" y="50" width="5" height="5" fill="black" stroke-width="0" stroke="black" />
<rect x="160" y="45" width="5" height="5" fill="black" stroke-width="0" stroke="black" />
<rect x="165" y="145" width="5" height="5" fill="black" stroke-width="0" stroke="black" />
<rect x="165" y="50" width="5" height="5" fill="black" stroke-width="0" stroke="black" />
<rect x="165" y="45" width="5" height="5" fill="black" stroke-width="0" stroke="black" />
<rect x="170" y="145" width="5" height="5" fill="black" stroke-width="0" stroke="black" />
<rect x="175" y="145" width="5" height="5" fill="black" stroke-width="0" stroke="black" />
<rect x="175" y="45" width="5" height="5" fill="black" stroke-width="0" stroke="black" />
<rect x="180" y="145" width="5" height="5" fill="black" stroke-width="0" stroke="black" />
<rect x="180" y="45" width="5" height="5" fill="black" stroke-width="0" stroke="black" />
<rect x="185" y="145" width="5" height="5" fill="black" stroke-width="0" stroke="black" />
<rect x="185" y="45" width="5" height="5" fill="black" stroke-width="0" stroke="black" />
<rect x="185" y="40" width="5" height="5" fill="black" stroke-width="0" stroke="black" />
<rect x="190" y="145" width="5" height="5" fill="black" stroke-width="0" stroke="black" />
<rect x="190" y="45" width="5" height="5" fill="black" stroke-width="0" stroke="black" />
<rect x="190" y="40" width="5" height="5" fill="black" stroke-width="0" stroke="black" />
<rect x="195" y="145" width="5" height="5" fill="black" stroke-width="0" stroke="black" />
<rect x="195" y="45" width="5" height="5" fill="black" stroke-width="0" stroke="black" />
<rect x="195" y="40" width="5" height="5" fill="black" stroke-width="0" stroke="black" />
<rect x="200" y="145" width="5" height="5" fill="black" stroke-width="0" stroke="black" />
<rect x="200" y="40" width="5" height="5" fill="black" stroke-width="0" stroke="black" />
<rect x="205" y="145" width="5" height="5" fill="black" stroke-width="0" stroke="black" />
<rect x="205" y="40" width="5" height="5" fill="black" stroke-width="0" stroke="black" />
<rect x="210" y="145" width="5" height="5" fill="black" stroke-width="0" stroke="black" />
<rect x="210" y="140" width="5" height="5" fill="black" stroke-width="0" stroke="black" />
<rect x="210" y="40" width="5" height="5" fill="black" stroke-width="0" stroke="black" />
<rect x="215" y="145" width="5" height="5" fill="black" stroke-width="0" stroke="black" />
<rect x="215" y="140" width="5" height="5" fill="black" stroke-width="0" stroke="black" />
<rect x="215" y="40" width="5" height="5" fill="black" stroke-width="0" stroke="black" />
<rect x="220" y="140" width="5" height="5" fill="black" stroke-width="0" stroke="black" />
<rect x="220" y="40" width="5" height="5" fill="black" stroke-width="0" stroke="black" />
<rect x="225" y="140" width="5" height="5" fill="black" stroke-width="0" stroke="black" />
<rect x="225" y="135" width="5" height="5" fill="black" stroke-width="0" stroke="black" />
<rect x="225" y="40" width="5" height="5" fill="black" stroke-width="0" stroke="black" />
<rect x="225" y="35" width="5" height="5" fill="black" stroke-width="0" stroke="black" />
<rect x="230" y="140" width="5" height="5" fill="black" stroke-width="0" stroke="black" />
<rect x="230" y="135" width="5" height="5" fill="black" stroke-width="0" stroke="black" />
<rect x="230" y="40" width="5" height="5" fill="black" stroke-width="0" stroke="black" />
<rect x="230" y="35" width="5" height="5" fill="black" stroke-width="0" stroke="black" />
<rect x="235" y="140" width="5" height="5" fill="black" stroke-width="0" stroke="black" />
<rect x="235" y="135" width="5" height="5" fill="black" stroke-width="0" stroke="black" />
<rect x="235" y="130" width="5" height="5" fill="black" stroke-width="0" stroke="black" />
<rect x="235" y="35" width="5" height="5" fill="black" stroke-width="0" stroke="black" />
<rect x="240" y="135" width="5" height="5" fill="black" stroke-width="0" stroke="black" />
<rect x="240" y="130" width="5" height="5" fill="black" stroke-width="0" stroke="black" />
<rect x="240" y="35" width="5" height="5" fill="black" stroke-width="0" stroke="black" />
<rect x="245" y="135" width="5" height="5" fill="black" stroke-width="0" stroke="black" />
<rect x="245" y="130" width="5" height="5" fill="black" stroke-width="0" stroke="black" />
<rect x="245" y="35" width="5" height="5" fill="black" stroke-width="0" stroke="black" />
<rect x="250" y="130" width="5" height="5" fill="black" stroke-width="0" stroke="black" />
<rect x="250" y="35" width="5" height="5" fill="black" stroke-width="0" stroke="black" />
<rect x="255" y="130" width="5" height="5" fill="black" stroke-width="0" stroke="black" />
<rect x="255" y="125" width="5" height="5" fill="black" stroke-width="0" stroke="black" />
<rect x="255" y="35" width="5" height="5" fill="black" stroke-width="0" stroke="black" />
<rect x="260" y="130" width="5" height="5" fill="black" stroke-width="0" stroke="black" />
<rect x="260" y="125" width="5" height="5" fill="black" stroke-width="0" stroke="black" />
<rect x="260" y="35" width="5" height="5" fill="black" stroke-width="0" stroke="black" />
<rect x="265" y="130" width="5" height="5" fill="black" stroke-width="0" stroke="black" />
<rect x="265" y="125" width="5" height="5" fill="black" stroke-width="0" stroke="black" />
<rect x="265" y="120" width="5" height="5" fill="black" stroke-width="0" stroke="black" />
<rect x="265" y="35" width="5" height="5" fill="black" stroke-width="0" stroke="black" />
<rect x="270" y="125" width="5" height="5" fill="black" stroke-width="0" stroke="black" />
<rect x="270" y="120" width="5" height="5" fill="black" stroke-width="0" stroke="black" />
<rect x="270" y="35" width="5" height="5" fill="black" stroke-width="0" stroke="black" />
<rect x="275" y="120" width="5" height="5" fill="black" stroke-width="0" stroke="black" />
<rect x="275" y="35" width="5" height="5" fill="black" stroke-width="0" stroke="black" />
<rect x="280" y="120" width="5" height="5" fill="black" stroke-width="0" stroke="black" />
<rect x="280" y="115" width="5" height="5" fill="black" stroke-width="0" stroke="black" />
<rect x="280" y="35" width="5" height="5" fill="black" stroke-width="0" stroke="black" />
<rect x="285" y="120" width="5" height="5" fill="black" stroke-width="0" stroke="black" />
<rect x="285" y="115" width="5" height="5" fill="black" stroke-width="0" stroke="black" />
<rect x="285" y="110" width="5" height="5" fill="black" stroke-width="0" stroke="black" />
<rect x="285" y="40" width="5" height="5" fill="black" stroke-width="0" stroke="black" />
<rect x="285" y="35" width="5" height="5" fill="black" stroke-width="0" stroke="black" />
<rect x="290" y="115" width="5" height="5" fill="black" stroke-width="0" stroke="black" />
<rect x="290" y="110" width="5" height="5" fill="black" stroke-width="0" stroke="black" />
<rect x="290" y="40" width="5" height="5" fill="black" stroke-width="0" stroke="black" />
<rect x="290" y="35" width="5" height="5" fill="black" stroke-width="0" stroke="black" />
<rect x="295" y="115" width="5" height="5" fill="black" stroke-width="0" stroke="black" />
<rect x="295" y="110" width="5" height="5" fill="black" stroke-width="0" stroke="black" />
<rect x="295" y="105" width="5" height="5" fill="black" stroke-width="0" stroke="black" />
<rect x="295" y="45" width="5" height="5" fill="black" stroke-width="0" stroke="black" />
<rect x="295" y="40" width="5" height="5" fill="black" stroke-width="0" stroke="black" />
<rect x="300" y="115" width="5" height="5" fill="black" stroke-width="0" stroke="black" />
<rect x="300" y="110" width="5" height="5" fill="black" stroke-width="0" stroke="black" />
<rect x="300" y="105" width="5" height="5" fill="black" stroke-width="0" stroke="black" />
<rect x="300" y="45" width="5" height="5" fill="black" stroke-width="0" stroke="black" />
<rect x="300" y="40" width="5" height="5" fill="black" stroke-width="0" stroke="black" />
<rect x="305" y="110" width="5" height="5" fill="black" stroke-width="0" stroke="black" />
<rect x="305" y="105" width="5" height="5" fill="black" stroke-width="0" stroke="black" />
<rect x="305" y="45" width="5" height="5" fill="black" stroke-width="0" stroke="black" />
<rect x="305" y="40" width="5" height="5" fill="black" stroke-width="0" stroke="black" />
<rect x="310" y="110" width="5" height="5" fill="black" stroke-width="0" stroke="black" />
<rect x="310" y="105" width="5" height="5" fill="black" stroke-width="0" stroke="black" />
<rect x="310" y="100" width="5" height="5" fill="black" stroke-width="0" stroke="black" />
<rect x="310" y="95" width="5" height="5" fill="black" stroke-width="0" stroke="black" />
<rect x="310" y="45" width="5" height="5" fill="black" stroke-width="0" stroke="black" />
<rect x="310" y="40" width="5" height="5" fill="black" stroke-width="0" stroke="black" />
<rect x="315" y="105" width="5" height="5" fill="black" stroke-width="0" stroke="black" />
<rect x="315" y="100" width="5" height="5" fill="black" stroke-width="0" stroke="black" />
<rect x="315" y="95" width="5" height="5" fill="black" stroke-width="0" stroke="black" />
<rect x="315" y="90" width="5" height="5" fill="black" stroke-width="0" stroke="black" />
<rect x="315" y="85" width="5" height="5" fill="black" stroke-width="0" stroke="black" />
<rect x="315" y="50" width="5" height="5" fill="black" stroke-width="0" stroke="black" />
<rect x="315" y="45" width="5" height="5" fill="black" stroke-width="0" stroke="black" />
<rect x="320" y="100" width="5" height="5" fill="black" stroke-width="0" stroke="black" />
<rect x="320" y="95" width="5" height="5" fill="black" stroke-width="0" stroke="black" />
<rect x="320" y="90" width="5" height="5" fill="black" stroke-width="0" stroke="black" />
<rect x="320" y="85" width="5" height="5" fill="black" stroke-width="0" stroke="black" />
<rect x="320" y="80" width="5" height="5" fill="black" stroke-width="0" stroke="black" />
<rect x="320" y="50" width="5" height="5" fill="black" stroke-width="0" stroke="black" />
<rect x="320" y="45" width="5" height="5" fill="black" stroke-width="0" stroke="black" />
<rect x="325" y="95" width="5" height="5" fill="black" stroke-width="0" stroke="black" />
<rect x="325" y="90" width="5" height="5" fill="black" stroke-width="0" stroke="black" />
<rect x="325" y="85" width="5" height="5" fill="black" stroke-width="0" stroke="black" />
<rect x="325" y="80" width="5" height="5" fill="black" stroke-width="0" stroke="black" />
<rect x="325" y="55" width="5" height="5" fill="black" stroke-width="0" stroke="black" />
<rect x="325" y="50" width="5" height="5" fill="black" stroke-width="0" stroke="black" />
<rect x="330" y="95" width="5" height="5" fill="black" stroke-width="0" stroke="black" />
<rect x="330" y="90" width="5" height="5" fill="black" stroke-width="0" stroke="black" />
<rect x="330" y="85" width="5" height="5" fill="black" stroke-width="0" stroke="black" />
<rect x="330" y="80" width="5" height="5" fill="black" stroke-width="0" stroke="black" />
<rect x="330" y="55" width="5" height="5" fill="black" stroke-width="0" stroke="black" />
<rect x="330" y="50" width="5" height="5" fill="black" stroke-width="0" stroke="black" />
<rect x="335" y="95" width="5" height="5" fill="black" stroke-width="0" stroke="black" />
<rect x="335" y="90" width="5" height="5" fill="black" stroke-width="0" stroke="black" />
<rect x="335" y="85" width="5" height="5" fill="black" stroke-width="0" stroke="black" />
<rect x="335" y="80" width="5" height="5" fill="black" stroke-width="0" stroke="black" />
<rect x="335" y="55" width="5" height="5" fill="black" stroke-width="0" stroke="black" />
<rect x="335" y="50" width="5" height="5" fill="black" stroke-width="0" stroke="black" />
<rect x="340" y="80" width="5" height="5" fill="black" stroke-width="0" stroke="black" />
<rect x="340" y="75" width="5" height="5" fill="black" stroke-width="0" stroke="black" />
<rect x="340" y="70" width="5" height="5" fill="black" stroke-width="0" stroke="black" />
<rect x="340" y="65" width="5" height="5" fill="black" stroke-width="0" stroke="black" />
<rect x="340" y="60" width="5" height="5" fill="black" stroke-width="0" stroke="black" />
<rect x="345" y="80" width="5" height="5" fill="black" stroke-width="0" stroke="black" />
<rect x="345" y="75" width="5" height="5" fill="black" stroke-width="0" stroke="black" />
<rect x="345" y="70" width="5" height="5" fill="black" stroke-width="0" stroke="black" />
<rect x="345" y="65" width="5" height="5" fill="black" stroke-width="0" stroke="black" />
<rect x="345" y="60" width="5" height="5" fill="black" stroke-width="0" stroke="black" />
<rect x="350" y="75" width="5" height="5" fill="black" stroke-width="0" stroke="black" />
<rect x="350" y="70" width="5" height="5" fill="black" stroke-width="0" stroke="black" />
<rect x="350" y="65" width="5" height="5" fill="black" stroke-width="0" stroke="black" />
</svg>
