<?xml version="1.0" encoding="UTF-8"?>
<!DOCTYPE svg PUBLIC "-//W3C//DTD SVG 1.1//EN" "http://www.w3.org/Graphics/SVG/1.1/DTD/svg11.dtd">
<svg xmlns="http://www.w3.org/2000/svg" version="1.1" width="405" height="195">
<rect x="0" y="0" width="405" height="195" fill="white" stroke="white" stroke-width="0"/>
<text x="10" y="25" fill="black">Cross-section A</text>
<rect x="10" y="99" width="5" height="5" fill="black" stroke-width="0" stroke="black" />
<rect x="10" y="94" width="5" height="5" fill="black" stroke-width="0" stroke="black" />
<rect x="10" y="89" width="5" height="5" fill="black" stroke-width="0" stroke="black" />
<rect x="10" y="79" width="5" height="5" fill="black" stroke-width="0" stroke="black" />
<rect x="10" y="74" width="5" height="5" fill="black" stroke-width="0" stroke="black" />
<rect x="15" y="99" width="5" height="5" fill="black" stroke-width="0" stroke="black" />
<rect x="15" y="94" width="5" height="5" fill="black" stroke-width="0" stroke="black" />
<rect x="15" y="89" width="5" height="5" fill="black" stroke-width="0" stroke="black" />
<rect x="15" y="79" width="5" height="5" fill="black" stroke-width="0" stroke="black" />
<rect x="15" y="74" width="5" height="5" fill="black" stroke-width="0" stroke="black" />
<rect x="20" y="99" width="5" height="5" fill="black" stroke-width="0" stroke="black" />
<rect x="20" y="94" width="5" height="5" fill="black" stroke-width="0" stroke="black" />
<rect x="20" y="89" width="5" height="5" fill="black" stroke-width="0" stroke="black" />
<rect x="20" y="79" width="5" height="5" fill="black" stroke-width="0" stroke="black" />
<rect x="20" y="74" width="5" height="5" fill="black" stroke-width="0" stroke="black" />
<rect x="25" y="94" width="5" height="5" fill="black" stroke-width="0" stroke="black" />
<rect x="25" y="89" width="5" height="5" fill="black" stroke-width="0" stroke="black" />
<rect x="25" y="84" width="5" height="5" fill="black" stroke-width="0" stroke="black" />
<rect x="25" y="79" width="5" height="5" fill="black" stroke-width="0" stroke="black" />
<rect x="25" y="74" width="5" height="5" fill="black" stroke-width="0" stroke="black" />
<rect x="30" y="89" width="5" height="5" fill="black" stroke-width="0" stroke="black" />
<rect x="30" y="84" width="5" height="5" fill="black" stroke-width="0" stroke="black" />
<rect x="30" y="79" width="5" height="5" fill="black" stroke-width="0" stroke="black" />
<rect x="30" y="74" width="5" height="5" fill="black" stroke-width="0" stroke="black" />
<rect x="35" y="109" width="5" height="5" fill="black" stroke-width="0" stroke="black" />
<rect x="35" y="104" width="5" height="5" fill="black" stroke-width="0" stroke="black" />
<rect x="35" y="99" width="5" height="5" fill="black" stroke-width="0" stroke="black" />
<rect x="35" y="94" width="5" height="5" fill="black" stroke-width="0" stroke="black" />
<rect x="35" y="89" width="5" height="5" fill="black" stroke-width="0" stroke="black" />
<rect x="35" y="84" width="5" height="5" fill="black" stroke-width="0" stroke="black" />
<rect x="35" y="79" width="5" height="5" fill="black" stroke-width="0" stroke="black" />
<rect x="35" y="74" width="5" height="5" fill="black" stroke-width="0" stroke="black" />
<rect x="40" y="114" width="5" height="5" fill="black" stroke-width="0" stroke="black" />
<rect x="40" y="109" width="5" height="5" fill="black" stroke-width="0" stroke="black" />
<rect x="40" y="104" width="5" height="5" fill="black" stroke-width="0" stroke="black" />
<rect x="40" y="99" width="5" height="5" fill="black" stroke-width="0" stroke="black" />
<rect x="40" y="94" width="5" height="5" fill="black" stroke-width="0" stroke="black" />
<rect x="40" y="89" width="5" height="5" fill="black" stroke-width="0" stroke="black" />
<rect x="40" y="84" width="5" height="5" fill="black" stroke-width="0" stroke="black" />
<rect x="40" y="79" width="5" height="5" fill="black" stroke-width="0" stroke="black" />
<rect x="40" y="74" width="5" height="5" fill="black" stroke-width="0" stroke="black" />
<rect x="45" y="114" width="5" height="5" fill="black" stroke-width="0" stroke="black" />
<rect x="45" y="109" width="5" height="5" fill="black" stroke-width="0" stroke="black" />
<rect x="45" y="104" width="5" height="5" fill="black" stroke-width="0" stroke="black" />
<rect x="45" y="94" width="5" height="5" fill="black" stroke-width="0" stroke="black" />
<rect x="45" y="89" width="5" height="5" fill="black" stroke-width="0" stroke="black" />
<rect x="45" y="84" width="5" height="5" fill="black" stroke-width="0" stroke="black" />
<rect x="45" y="79" width="5" height="5" fill="black" stroke-width="0" stroke="black" />
<rect x="50" y="119" width="5" height="5" fill="black" stroke-width="0" stroke="black" />
<rect x="50" y="114" width="5" height="5" fill="black" stroke-width="0" stroke="black" />
<rect x="50" y="109" width="5" height="5" fill="black" stroke-width="0" stroke="black" />
<rect x="50" y="104" width="5" height="5" fill="black" stroke-width="0" stroke="black" />
<rect x="50" y="89" width="5" height="5" fill="black" stroke-width="0" stroke="black" />
<rect x="50" y="84" width="5" height="5" fill="black" stroke-width="0" stroke="black" />
<rect x="55" y="124" width="5" height="5" fill="black" stroke-width="0" stroke="black" />
<rect x="55" y="119" width="5" height="5" fill="black" stroke-width="0" stroke="black" />
<rect x="55" y="114" width="5" height="5" fill="black" stroke-width="0" stroke="black" />
<rect x="55" y="109" width="5" height="5" fill="black" stroke-width="0" stroke="black" />
<rect x="55" y="89" width="5" height="5" fill="black" stroke-width="0" stroke="black" />
<rect x="55" y="84" width="5" height="5" fill="black" stroke-width="0" stroke="black" />
<rect x="60" y="124" width="5" height="5" fill="black" stroke-width="0" stroke="black" />
<rect x="60" y="119" width="5" height="5" fill="black" stroke-width="0" stroke="black" />
<rect x="60" y="114" width="5" height="5" fill="black" stroke-width="0" stroke="black" />
<rect x="60" y="109" width="5" height="5" fill="black" stroke-width="0" stroke="black" />
<rect x="60" y="89" width="5" height="5" fill="black" stroke-width="0" stroke="black" />
<rect x="60" y="84" width="5" height="5" fill="black" stroke-width="0" stroke="black" />
<rect x="65" y="124" width="5" height="5" fill="black" stroke-width="0" stroke="black" />
<rect x="65" y="119" width="5" height="5" fill="black" stroke-width="0" stroke="black" />
<rect x="65" y="114" width="5" height="5" fill="black" stroke-width="0" stroke="black" />
<rect x="65" y="109" width="5" height="5" fill="black" stroke-width="0" stroke="black" />
<rect x="65" y="89" width="5" height="5" fill="black" stroke-width="0" stroke="black" />
<rect x="65" y="84" width="5" height="5" fill="black" stroke-width="0" stroke="black" />
<rect x="70" y="114" width="5" height="5" fill="black" stroke-width="0" stroke="black" />
<rect x="70" y="109" width="5" height="5" fill="black" stroke-width="0" stroke="black" />
<rect x="70" y="89" width="5" height="5" fill="black" stroke-width="0" stroke="black" />
<rect x="70" y="84" width="5" height="5" fill="black" stroke-width="0" stroke="black" />
<rect x="75" y="114" width="5" height="5" fill="black" stroke-width="0" stroke="black" />
<rect x="75" y="109" width="5" height="5" fill="black" stroke-width="0" stroke="black" />
<rect x="75" y="89" width="5" height="5" fill="black" stroke-width="0" stroke="black" />
<rect x="75" y="84" width="5" height="5" fill="black" stroke-width="0" stroke="black" />
<rect x="80" y="119" width="5" height="5" fill="black" stroke-width="0" stroke="black" />
<rect x="80" y="114" width="5" height="5" fill="black" stroke-width="0" stroke="black" />
<rect x="80" y="84" width="5" height="5" fill="black" stroke-width="0" stroke="black" />
<rect x="80" y="79" width="5" height="5" fill="black" stroke-width="0" stroke="black" />
<rect x="80" y="69" width="5" height="5" fill="black" stroke-width="0" stroke="black" />
<rect x="80" y="64" width="5" height="5" fill="black" stroke-width="0" stroke="black" />
<rect x="85" y="119" width="5" height="5" fill="black" stroke-width="0" stroke="black" />
<rect x="85" y="114" width="5" height="5" fill="black" stroke-width="0" stroke="black" />
<rect x="85" y="84" width="5" height="5" fill="black" stroke-width="0" stroke="black" />
<rect x="85" y="79" width="5" height="5" fill="black" stroke-width="0" stroke="black" />
<rect x="85" y="69" width="5" height="5" fill="black" stroke-width="0" stroke="black" />
<rect x="85" y="64" width="5" height="5" fill="black" stroke-width="0" stroke="black" />
<rect x="90" y="119" width="5" height="5" fill="black" stroke-width="0" stroke="black" />
<rect x="90" y="114" width="5" height="5" fill="black" stroke-width="0" stroke="black" />
<rect x="90" y="84" width="5" height="5" fill="black" stroke-width="0" stroke="black" />
<rect x="90" y="79" width="5" height="5" fill="black" stroke-width="0" stroke="black" />
<rect x="90" y="69" width="5" height="5" fill="black" stroke-width="0" stroke="black" />
<rect x="90" y="64" width="5" height="5" fill="black" stroke-width="0" stroke="black" />
<rect x="95" y="124" width="5" height="5" fill="black" stroke-width="0" stroke="black" />
<rect x="95" y="119" width="5" height="5" fill="black" stroke-width="0" stroke="black" />
<rect x="95" y="79" width="5" height="5" fill="black" stroke-width="0" stroke="black" />
<rect x="95" y="74" width="5" height="5" fill="black" stroke-width="0" stroke="black" />
<rect x="95" y="69" width="5" height="5" fill="black" stroke-width="0" stroke="black" />
<rect x="95" y="64" width="5" height="5" fill="black" stroke-width="0" stroke="black" />
<rect x="100" y="124" width="5" height="5" fill="black" stroke-width="0" stroke="black" />
<rect x="100" y="119" width="5" height="5" fill="black" stroke-width="0" stroke="black" />
<rect x="100" y="79" width="5" height="5" fill="black" stroke-width="0" stroke="black" />
<rect x="100" y="74" width="5" height="5" fill="black" stroke-width="0" stroke="black" />
<rect x="100" y="69" width="5" height="5" fill="black" stroke-width="0" stroke="black" />
<rect x="100" y="64" width="5" height="5" fill="black" stroke-width="0" stroke="black" />
<rect x="105" y="124" width="5" height="5" fill="black" stroke-width="0" stroke="black" />
<rect x="105" y="119" width="5" height="5" fill="black" stroke-width="0" stroke="black" />
<rect x="105" y="79" width="5" height="5" fill="black" stroke-width="0" stroke="black" />
<rect x="105" y="74" width="5" height="5" fill="black" stroke-width="0" stroke="black" />
<rect x="105" y="69" width="5" height="5" fill="black" stroke-width="0" stroke="black" />
<rect x="105" y="64" width="5" height="5" fill="black" stroke-width="0" stroke="black" />
<rect x="110" y="129" width="5" height="5" fill="black" stroke-width="0" stroke="black" />
<rect x="110" y="124" width="5" height="5" fill="black" stroke-width="0" stroke="black" />
<rect x="110" y="119" width="5" height="5" fill="black" stroke-width="0" stroke="black" />
<rect x="110" y="79" width="5" height="5" fill="black" stroke-width="0" stroke="black" />
<rect x="110" y="74" width="5" height="5" fill="black" stroke-width="0" stroke="black" />
<rect x="110" y="69" width="5" height="5" fill="black" stroke-width="0" stroke="black" />
<rect x="115" y="129" width="5" height="5" fill="black" stroke-width="0" stroke="black" />
<rect x="115" y="124" width="5" height="5" fill="black" stroke-width="0" stroke="black" />
<rect x="115" y="119" width="5" height="5" fill="black" stroke-width="0" stroke="black" />
<rect x="115" y="74" width="5" height="5" fill="black" stroke-width="0" stroke="black" />
<rect x="115" y="69" width="5" height="5" fill="black" stroke-width="0" stroke="black" />
<rect x="115" y="64" width="5" height="5" fill="black" stroke-width="0" stroke="black" />
<rect x="120" y="134" width="5" height="5" fill="black" stroke-width="0" stroke="black" />
<rect x="120" y="129" width="5" height="5" fill="black" stroke-width="0" stroke="black" />
<rect x="120" y="124" width="5" height="5" fill="black" stroke-width="0" stroke="black" />
<rect x="120" y="119" width="5" height="5" fill="black" stroke-width="0" stroke="black" />
<rect x="120" y="74" width="5" height="5" fill="black" stroke-width="0" stroke="black" />
<rect x="120" y="69" width="5" height="5" fill="black" stroke-width="0" stroke="black" />
<rect x="120" y="64" width="5" height="5" fill="black" stroke-width="0" stroke="black" />
<rect x="125" y="129" width="5" height="5" fill="black" stroke-width="0" stroke="black" />
<rect x="125" y="124" width="5" height="5" fill="black" stroke-width="0" stroke="black" />
<rect x="125" y="69" width="5" height="5" fill="black" stroke-width="0" stroke="black" />
<rect x="125" y="64" width="5" height="5" fill="black" stroke-width="0" stroke="black" />
<rect x="125" y="59" width="5" height="5" fill="black" stroke-width="0" stroke="black" />
<rect x="130" y="129" width="5" height="5" fill="black" stroke-width="0" stroke="black" />
<rect x="130" y="124" width="5" height="5" fill="black" stroke-width="0" stroke="black" />
<rect x="130" y="69" width="5" height="5" fill="black" stroke-width="0" stroke="black" />
<rect x="130" y="64" width="5" height="5" fill="black" stroke-width="0" stroke="black" />
<rect x="130" y="59" width="5" height="5" fill="black" stroke-width="0" stroke="black" />
<rect x="135" y="129" width="5" height="5" fill="black" stroke-width="0" stroke="black" />
<rect x="135" y="124" width="5" height="5" fill="black" stroke-width="0" stroke="black" />
<rect x="135" y="69" width="5" height="5" fill="black" stroke-width="0" stroke="black" />
<rect x="135" y="64" width="5" height="5" fill="black" stroke-width="0" stroke="black" />
<rect x="135" y="59" width="5" height="5" fill="black" stroke-width="0" stroke="black" />
<rect x="140" y="139" width="5" height="5" fill="black" stroke-width="0" stroke="black" />
<rect x="140" y="134" width="5" height="5" fill="black" stroke-width="0" stroke="black" />
<rect x="140" y="129" width="5" height="5" fill="black" stroke-width="0" stroke="black" />
<rect x="140" y="59" width="5" height="5" fill="black" stroke-width="0" stroke="black" />
<rect x="140" y="54" width="5" height="5" fill="black" stroke-width="0" stroke="black" />
<rect x="140" y="49" width="5" height="5" fill="black" stroke-width="0" stroke="black" />
<rect x="145" y="139" width="5" height="5" fill="black" stroke-width="0" stroke="black" />
<rect x="145" y="134" width="5" height="5" fill="black" stroke-width="0" stroke="black" />
<rect x="145" y="59" width="5" height="5" fill="black" stroke-width="0" stroke="black" />
<rect x="145" y="54" width="5" height="5" fill="black" stroke-width="0" stroke="black" />
<rect x="145" y="49" width="5" height="5" fill="black" stroke-width="0" stroke="black" />
<rect x="150" y="144" width="5" height="5" fill="black" stroke-width="0" stroke="black" />
<rect x="150" y="139" width="5" height="5" fill="black" stroke-width="0" stroke="black" />
<rect x="150" y="134" width="5" height="5" fill="black" stroke-width="0" stroke="black" />
<rect x="150" y="59" width="5" height="5" fill="black" stroke-width="0" stroke="black" />
<rect x="150" y="54" width="5" height="5" fill="black" stroke-width="0" stroke="black" />
<rect x="150" y="49" width="5" height="5" fill="black" stroke-width="0" stroke="black" />
<rect x="155" y="144" width="5" height="5" fill="black" stroke-width="0" stroke="black" />
<rect x="155" y="139" width="5" height="5" fill="black" stroke-width="0" stroke="black" />
<rect x="155" y="54" width="5" height="5" fill="black" stroke-width="0" stroke="black" />
<rect x="155" y="49" width="5" height="5" fill="black" stroke-width="0" stroke="black" />
<rect x="155" y="44" width="5" height="5" fill="black" stroke-width="0" stroke="black" />
<rect x="160" y="144" width="5" height="5" fill="black" stroke-width="0" stroke="black" />
<rect x="160" y="139" width="5" height="5" fill="black" stroke-width="0" stroke="black" />
<rect x="160" y="54" width="5" height="5" fill="black" stroke-width="0" stroke="black" />
<rect x="160" y="49" width="5" height="5" fill="black" stroke-width="0" stroke="black" />
<rect x="160" y="44" width="5" height="5" fill="black" stroke-width="0" stroke="black" />
<rect x="165" y="144" width="5" height="5" fill="black" stroke-width="0" stroke="black" />
<rect x="165" y="139" width="5" height="5" fill="black" stroke-width="0" stroke="black" />
<rect x="165" y="49" width="5" height="5" fill="black" stroke-width="0" stroke="black" />
<rect x="165" y="44" width="5" height="5" fill="black" stroke-width="0" stroke="black" />
<rect x="170" y="144" width="5" height="5" fill="black" stroke-width="0" stroke="black" />
<rect x="170" y="44" width="5" height="5" fill="black" stroke-width="0" stroke="black" />
<rect x="175" y="144" width="5" height="5" fill="black" stroke-width="0" stroke="black" />
<rect x="175" y="44" width="5" height="5" fill="black" stroke-width="0" stroke="black" />
<rect x="180" y="144" width="5" height="5" fill="black" stroke-width="0" stroke="black" />
<rect x="180" y="44" width="5" height="5" fill="black" stroke-width="0" stroke="black" />
<rect x="185" y="144" width="5" height="5" fill="black" stroke-width="0" stroke="black" />
<rect x="185" y="44" width="5" height="5" fill="black" stroke-width="0" stroke="black" />
<rect x="185" y="39" width="5" height="5" fill="black" stroke-width="0" stroke="black" />
<rect x="190" y="144" width="5" height="5" fill="black" stroke-width="0" stroke="black" />
<rect x="190" y="44" width="5" height="5" fill="black" stroke-width="0" stroke="black" />
<rect x="190" y="39" width="5" height="5" fill="black" stroke-width="0" stroke="black" />
<rect x="195" y="144" width="5" height="5" fill="black" stroke-width="0" stroke="black" />
<rect x="195" y="44" width="5" height="5" fill="black" stroke-width="0" stroke="black" />
<rect x="195" y="39" width="5" height="5" fill="black" stroke-width="0" stroke="black" />
<rect x="200" y="144" width="5" height="5" fill="black" stroke-width="0" stroke="black" />
<rect x="200" y="39" width="5" height="5" fill="black" stroke-width="0" stroke="black" />
<rect x="205" y="144" width="5" height="5" fill="black" stroke-width="0" stroke="black" />
<rect x="205" y="139" width="5" height="5" fill="black" stroke-width="0" stroke="black" />
<rect x="205" y="39" width="5" height="5" fill="black" stroke-width="0" stroke="black" />
<rect x="205" y="34" width="5" height="5" fill="black" stroke-width="0" stroke="black" />
<rect x="210" y="144" width="5" height="5" fill="black" stroke-width="0" stroke="black" />
<rect x="210" y="139" width="5" height="5" fill="black" stroke-width="0" stroke="black" />
<rect x="210" y="39" width="5" height="5" fill="black" stroke-width="0" stroke="black" />
<rect x="210" y="34" width="5" height="5" fill="black" stroke-width="0" stroke="black" />
<rect x="215" y="144" width="5" height="5" fill="black" stroke-width="0" stroke="black" />
<rect x="215" y="139" width="5" height="5" fill="black" stroke-width="0" stroke="black" />
<rect x="215" y="39" width="5" height="5" fill="black" stroke-width="0" stroke="black" />
<rect x="215" y="34" width="5" height="5" fill="black" stroke-width="0" stroke="black" />
<rect x="220" y="139" width="5" height="5" fill="black" stroke-width="0" stroke="black" />
<rect x="220" y="39" width="5" height="5" fill="black" stroke-width="0" stroke="black" />
<rect x="220" y="34" width="5" height="5" fill="black" stroke-width="0" stroke="black" />
<rect x="225" y="139" width="5" height="5" fill="black" stroke-width="0" stroke="black" />
<rect x="225" y="134" width="5" height="5" fill="black" stroke-width="0" stroke="black" />
<rect x="225" y="39" width="5" height="5" fill="black" stroke-width="0" stroke="black" />
<rect x="225" y="34" width="5" height="5" fill="black" stroke-width="0" stroke="black" />
<rect x="230" y="139" width="5" height="5" fill="black" stroke-width="0" stroke="black" />
<rect x="230" y="134" width="5" height="5" fill="black" stroke-width="0" stroke="black" />
<rect x="230" y="39" width="5" height="5" fill="black" stroke-width="0" stroke="black" />
<rect x="230" y="34" width="5" height="5" fill="black" stroke-width="0" stroke="black" />
<rect x="235" y="139" width="5" height="5" fill="black" stroke-width="0" stroke="black" />
<rect x="235" y="134" width="5" height="5" fill="black" stroke-width="0" stroke="black" />
<rect x="235" y="129" width="5" height="5" fill="black" stroke-width="0" stroke="black" />
<rect x="235" y="34" width="5" height="5" fill="black" stroke-width="0" stroke="black" />
<rect x="240" y="139" width="5" height="5" fill="black" stroke-width="0" stroke="black" />
<rect x="240" y="134" width="5" height="5" fill="black" stroke-width="0" stroke="black" />
<rect x="240" y="129" width="5" height="5" fill="black" stroke-width="0" stroke="black" />
<rect x="240" y="34" width="5" height="5" fill="black" stroke-width="0" stroke="black" />
<rect x="240" y="29" width="5" height="5" fill="black" stroke-width="0" stroke="black" />
<rect x="245" y="134" width="5" height="5" fill="black" stroke-width="0" stroke="black" />
<rect x="245" y="129" width="5" height="5" fill="black" stroke-width="0" stroke="black" />
<rect x="245" y="34" width="5" height="5" fill="black" stroke-width="0" stroke="black" />
<rect x="245" y="29" width="5" height="5" fill="black" stroke-width="0" stroke="black" />
<rect x="250" y="129" width="5" height="5" fill="black" stroke-width="0" stroke="black" />
<rect x="250" y="124" width="5" height="5" fill="black" stroke-width="0" stroke="black" />
<rect x="250" y="34" width="5" height="5" fill="black" stroke-width="0" stroke="black" />
<rect x="250" y="29" width="5" height="5" fill="black" stroke-width="0" stroke="black" />
<rect x="255" y="129" width="5" height="5" fill="black" stroke-width="0" stroke="black" />
<rect x="255" y="124" width="5" height="5" fill="black" stroke-width="0" stroke="black" />
<rect x="255" y="34" width="5" height="5" fill="black" stroke-width="0" stroke="black" />
<rect x="255" y="29" width="5" height="5" fill="black" stroke-width="0" stroke="black" />
<rect x="260" y="129" width="5" height="5" fill="black" stroke-width="0" stroke="black" />
<rect x="260" y="124" width="5" height="5" fill="black" stroke-width="0" stroke="black" />
<rect x="260" y="34" width="5" height="5" fill="black" stroke-width="0" stroke="black" />
<rect x="260" y="29" width="5" height="5" fill="black" stroke-width="0" stroke="black" />
<rect x="265" y="129" width="5" height="5" fill="black" stroke-width="0" stroke="black" />
<rect x="265" y="124" width="5" height="5" fill="black" stroke-width="0" stroke="black" />
<rect x="265" y="119" width="5" height="5" fill="black" stroke-width="0" stroke="black" />
<rect x="265" y="34" width="5" height="5" fill="black" stroke-width="0" stroke="black" />
<rect x="265" y="29" width="5" height="5" fill="black" stroke-width="0" stroke="black" />
<rect x="270" y="129" width="5" height="5" fill="black" stroke-width="0" stroke="black" />
<rect x="270" y="124" width="5" height="5" fill="black" stroke-width="0" stroke="black" />
<rect x="270" y="119" width="5" height="5" fill="black" stroke-width="0" stroke="black" />
<rect x="270" y="34" width="5" height="5" fill="black" stroke-width="0" stroke="black" />
<rect x="270" y="29" width="5" height="5" fill="black" stroke-width="0" stroke="black" />
<rect x="275" y="124" width="5" height="5" fill="black" stroke-width="0" stroke="black" />
<rect x="275" y="119" width="5" height="5" fill="black" stroke-width="0" stroke="black" />
<rect x="275" y="34" width="5" height="5" fill="black" stroke-width="0" stroke="black" />
<rect x="275" y="29" width="5" height="5" fill="black" stroke-width="0" stroke="black" />
<rect x="280" y="119" width="5" height="5" fill="black" stroke-width="0" stroke="black" />
<rect x="280" y="114" width="5" height="5" fill="black" stroke-width="0" stroke="black" />
<rect x="280" y="109" width="5" height="5" fill="black" stroke-width="0" stroke="black" />
<rect x="280" y="104" width="5" height="5" fill="black" stroke-width="0" stroke="black" />
<rect x="280" y="44" width="5" height="5" fill="black" stroke-width="0" stroke="black" />
<rect x="280" y="39" width="5" height="5" fill="black" stroke-width="0" stroke="black" />
<rect x="280" y="34" width="5" height="5" fill="black" stroke-width="0" stroke="black" />
<rect x="280" y="29" width="5" height="5" fill="black" stroke-width="0" stroke="black" />
<rect x="285" y="119" width="5" height="5" fill="black" stroke-width="0" stroke="black" />
<rect x="285" y="114" width="5" height="5" fill="black" stroke-width="0" stroke="black" />
<rect x="285" y="109" width="5" height="5" fill="black" stroke-width="0" stroke="black" />
<rect x="285" y="104" width="5" height="5" fill="black" stroke-width="0" stroke="black" />
<rect x="285" y="44" width="5" height="5" fill="black" stroke-width="0" stroke="black" />
<rect x="285" y="39" width="5" height="5" fill="black" stroke-width="0" stroke="black" />
<rect x="285" y="34" width="5" height="5" fill="black" stroke-width="0" stroke="black" />
<rect x="290" y="114" width="5" height="5" fill="black" stroke-width="0" stroke="black" />
<rect x="290" y="109" width="5" height="5" fill="black" stroke-width="0" stroke="black" />
<rect x="290" y="104" width="5" height="5" fill="black" stroke-width="0" stroke="black" />
<rect x="290" y="44" width="5" height="5" fill="black" stroke-width="0" stroke="black" />
<rect x="290" y="39" width="5" height="5" fill="black" stroke-width="0" stroke="black" />
<rect x="290" y="34" width="5" height="5" fill="black" stroke-width="0" stroke="black" />
<rect x="295" y="114" width="5" height="5" fill="black" stroke-width="0" stroke="black" />
<rect x="295" y="109" width="5" height="5" fill="black" stroke-width="0" stroke="black" />
<rect x="295" y="104" width="5" height="5" fill="black" stroke-width="0" stroke="black" />
<rect x="295" y="44" width="5" height="5" fill="black" stroke-width="0" stroke="black" />
<rect x="295" y="39" width="5" height="5" fill="black" stroke-width="0" stroke="black" />
<rect x="295" y="34" width="5" height="5" fill="black" stroke-width="0" stroke="black" />
<rect x="300" y="114" width="5" height="5" fill="black" stroke-width="0" stroke="black" />
<rect x="300" y="109" width="5" height="5" fill="black" stroke-width="0" stroke="black" />
<rect x="300" y="104" width="5" height="5" fill="black" stroke-width="0" stroke="black" />
<rect x="300" y="99" width="5" height="5" fill="black" stroke-width="0" stroke="black" />
<rect x="300" y="44" width="5" height="5" fill="black" stroke-width="0" stroke="black" />
<rect x="300" y="39" width="5" height="5" fill="black" stroke-width="0" stroke="black" />
<rect x="300" y="34" width="5" height="5" fill="black" stroke-width="0" stroke="black" />
<rect x="305" y="109" width="5" height="5" fill="black" stroke-width="0" stroke="black" />
<rect x="305" y="104" width="5" height="5" fill="black" stroke-width="0" stroke="black" />
<rect x="305" y="99" width="5" height="5" fill="black" stroke-width="0" stroke="black" />
<rect x="305" y="44" width="5" height="5" fill="black" stroke-width="0" stroke="black" />
<rect x="305" y="39" width="5" height="5" fill="black" stroke-width="0" stroke="black" />
<rect x="310" y="109" width="5" height="5" fill="black" stroke-width="0" stroke="black" />
<rect x="310" y="104" width="5" height="5" fill="black" stroke-width="0" stroke="black" />
<rect x="310" y="99" width="5" height="5" fill="black" stroke-width="0" stroke="black" />
<rect x="310" y="94" width="5" height="5" fill="black" stroke-width="0" stroke="black" />
<rect x="310" y="89" width="5" height="5" fill="black" stroke-width="0" stroke="black" />
<rect x="310" y="84" width="5" height="5" fill="black" stroke-width="0" stroke="black" />
<rect x="310" y="79" width="5" height="5" fill="black" stroke-width="0" stroke="black" />
<rect x="310" y="44" width="5" height="5" fill="black" stroke-width="0" stroke="black" />
<rect x="310" y="39" width="5" height="5" fill="black" stroke-width="0" stroke="black" />
<rect x="315" y="104" width="5" height="5" fill="black" stroke-width="0" stroke="black" />
<rect x="315" y="99" width="5" height="5" fill="black" stroke-width="0" stroke="black" />
<rect x="315" y="94" width="5" height="5" fill="black" stroke-width="0" stroke="black" />
<rect x="315" y="89" width="5" height="5" fill="black" stroke-width="0" stroke="black" />
<rect x="315" y="84" width="5" height="5" fill="black" stroke-width="0" stroke="black" />
<rect x="315" y="79" width="5" height="5" fill="black" stroke-width="0" stroke="black" />
<rect x="315" y="49" width="5" height="5" fill="black" stroke-width="0" stroke="black" />
<rect x="315" y="44" width="5" height="5" fill="black" stroke-width="0" stroke="black" />
<rect x="320" y="99" width="5" height="5" fill="black" stroke-width="0" stroke="black" />
<rect x="320" y="94" width="5" height="5" fill="black" stroke-width="0" stroke="black" />
<rect x="320" y="89" width="5" height="5" fill="black" stroke-width="0" stroke="black" />
<rect x="320" y="84" width="5" height="5" fill="black" stroke-width="0" stroke="black" />
<rect x="320" y="79" width="5" height="5" fill="black" stroke-width="0" stroke="black" />
<rect x="320" y="74" width="5" height="5" fill="black" stroke-width="0" stroke="black" />
<rect x="320" y="49" width="5" height="5" fill="black" stroke-width="0" stroke="black" />
<rect x="320" y="44" width="5" height="5" fill="black" stroke-width="0" stroke="black" />
<rect x="325" y="94" width="5" height="5" fill="black" stroke-width="0" stroke="black" />
<rect x="325" y="89" width="5" height="5" fill="black" stroke-width="0" stroke="black" />
<rect x="325" y="84" width="5" height="5" fill="black" stroke-width="0" stroke="black" />
<rect x="325" y="79" width="5" height="5" fill="black" stroke-width="0" stroke="black" />
<rect x="325" y="74" width="5" height="5" fill="black" stroke-width="0" stroke="black" />
<rect x="325" y="69" width="5" height="5" fill="black" stroke-width="0" stroke="black" />
<rect x="325" y="54" width="5" height="5" fill="black" stroke-width="0" stroke="black" />
<rect x="325" y="49" width="5" height="5" fill="black" stroke-width="0" stroke="black" />
<rect x="325" y="44" width="5" height="5" fill="black" stroke-width="0" stroke="black" />
<rect x="330" y="94" width="5" height="5" fill="black" stroke-width="0" stroke="black" />
<rect x="330" y="89" width="5" height="5" fill="black" stroke-width="0" stroke="black" />
<rect x="330" y="84" width="5" height="5" fill="black" stroke-width="0" stroke="black" />
<rect x="330" y="79" width="5" height="5" fill="black" stroke-width="0" stroke="black" />
<rect x="330" y="74" width="5" height="5" fill="black" stroke-width="0" stroke="black" />
<rect x="330" y="69" width="5" height="5" fill="black" stroke-width="0" stroke="black" />
<rect x="330" y="64" width="5" height="5" fill="black" stroke-width="0" stroke="black" />
<rect x="330" y="59" width="5" height="5" fill="black" stroke-width="0" stroke="black" />
<rect x="330" y="54" width="5" height="5" fill="black" stroke-width="0" stroke="black" />
<rect x="330" y="49" width="5" height="5" fill="black" stroke-width="0" stroke="black" />
<rect x="330" y="44" width="5" height="5" fill="black" stroke-width="0" stroke="black" />
<rect x="335" y="94" width="5" height="5" fill="black" stroke-width="0" stroke="black" />
<rect x="335" y="89" width="5" height="5" fill="black" stroke-width="0" stroke="black" />
<rect x="335" y="84" width="5" height="5" fill="black" stroke-width="0" stroke="black" />
<rect x="335" y="79" width="5" height="5" fill="black" stroke-width="0" stroke="black" />
<rect x="335" y="74" width="5" height="5" fill="black" stroke-width="0" stroke="black" />
<rect x="335" y="69" width="5" height="5" fill="black" stroke-width="0" stroke="black" />
<rect x="335" y="64" width="5" height="5" fill="black" stroke-width="0" stroke="black" />
<rect x="335" y="59" width="5" height="5" fill="black" stroke-width="0" stroke="black" />
<rect x="335" y="54" width="5" height="5" fill="black" stroke-width="0" stroke="black" />
<rect x="335" y="49" width="5" height="5" fill="black" stroke-width="0" stroke="black" />
<rect x="340" y="79" width="5" height="5" fill="black" stroke-width="0" stroke="black" />
<rect x="340" y="74" width="5" height="5" fill="black" stroke-width="0" stroke="black" />
<rect x="340" y="69" width="5" height="5" fill="black" stroke-width="0" stroke="black" />
<rect x="340" y="64" width="5" height="5" fill="black" stroke-width="0" stroke="black" />
<rect x="340" y="59" width="5" height="5" fill="black" stroke-width="0" stroke="black" />
<rect x="340" y="54" width="5" height="5" fill="black" stroke-width="0" stroke="black" />
<rect x="345" y="79" width="5" height="5" fill="black" stroke-width="0" stroke="black" />
<rect x="345" y="74" width="5" height="5" fill="black" stroke-width="0" stroke="black" />
<rect x="345" y="69" width="5" height="5" fill="black" stroke-width="0" stroke="black" />
<rect x="345" y="64" width="5" height="5" fill="black" stroke-width="0" stroke="black" />
<rect x="345" y="59" width="5" height="5" fill="black" stroke-width="0" stroke="black" />
<rect x="345" y="54" width="5" height="5" fill="black" stroke-width="0" stroke="black" />
<rect x="350" y="74" width="5" height="5" fill="black" stroke-width="0" stroke="black" />
<rect x="350" y="69" width="5" height="5" fill="black" stroke-width="0" stroke="black" />
<rect x="350" y="64" width="5" height="5" fill="black" stroke-width="0" stroke="black" />
<text x="172" y="190" fill="black" font-size="9px">3.46m</text>
<text x="0" y="0" fill="black" font-size="9px" transform="translate(396,75) rotate(90)">1.16m</text>
<line x1="10" y1="174" x2="361" y2="174" fill="none" stroke="black" stroke-width="1" />
<line x1="10" y1="171" x2="10" y2="177" fill="none" stroke="black" stroke-width="1" />
<line x1="361" y1="171" x2="361" y2="177" fill="none" stroke="black" stroke-width="1" />
<line x1="386" y1="149" x2="386" y2="27" fill="none" stroke="black" stroke-width="1" />
<line x1="383" y1="149" x2="389" y2="149" fill="none" stroke="black" stroke-width="1" />
<line x1="383" y1="27" x2="389" y2="27" fill="none" stroke="black" stroke-width="1" />
</svg>
