<?xml version="1.0" encoding="UTF-8"?>
<!DOCTYPE svg PUBLIC "-//W3C//DTD SVG 1.1//EN" "http://www.w3.org/Graphics/SVG/1.1/DTD/svg11.dtd">
<svg xmlns="http://www.w3.org/2000/svg" version="1.1" width="325" height="230">
<rect x="0" y="0" width="325" height="230" fill="white" stroke="white" stroke-width="0"/>
<text x="10" y="28" fill="black">Cross-section B</text>
<rect x="10" y="144" width="5" height="5" fill="black" stroke-width="0" stroke="black" />
<rect x="10" y="139" width="5" height="5" fill="black" stroke-width="0" stroke="black" />
<rect x="10" y="134" width="5" height="5" fill="black" stroke-width="0" stroke="black" />
<rect x="10" y="129" width="5" height="5" fill="black" stroke-width="0" stroke="black" />
<rect x="10" y="124" width="5" height="5" fill="black" stroke-width="0" stroke="black" />
<rect x="15" y="144" width="5" height="5" fill="black" stroke-width="0" stroke="black" />
<rect x="15" y="139" width="5" height="5" fill="black" stroke-width="0" stroke="black" />
<rect x="15" y="134" width="5" height="5" fill="black" stroke-width="0" stroke="black" />
<rect x="15" y="129" width="5" height="5" fill="black" stroke-width="0" stroke="black" />
<rect x="15" y="124" width="5" height="5" fill="black" stroke-width="0" stroke="black" />
<rect x="15" y="119" width="5" height="5" fill="black" stroke-width="0" stroke="black" />
<rect x="20" y="144" width="5" height="5" fill="black" stroke-width="0" stroke="black" />
<rect x="20" y="124" width="5" height="5" fill="black" stroke-width="0" stroke="black" />
<rect x="20" y="119" width="5" height="5" fill="black" stroke-width="0" stroke="black" />
<rect x="25" y="174" width="5" height="5" fill="black" stroke-width="0" stroke="black" />
<rect x="25" y="169" width="5" height="5" fill="black" stroke-width="0" stroke="black" />
<rect x="25" y="164" width="5" height="5" fill="black" stroke-width="0" stroke="black" />
<rect x="25" y="159" width="5" height="5" fill="black" stroke-width="0" stroke="black" />
<rect x="25" y="154" width="5" height="5" fill="black" stroke-width="0" stroke="black" />
<rect x="25" y="149" width="5" height="5" fill="black" stroke-width="0" stroke="black" />
<rect x="25" y="144" width="5" height="5" fill="black" stroke-width="0" stroke="black" />
<rect x="25" y="124" width="5" height="5" fill="black" stroke-width="0" stroke="black" />
<rect x="25" y="119" width="5" height="5" fill="black" stroke-width="0" stroke="black" />
<rect x="25" y="114" width="5" height="5" fill="black" stroke-width="0" stroke="black" />
<rect x="30" y="174" width="5" height="5" fill="black" stroke-width="0" stroke="black" />
<rect x="30" y="169" width="5" height="5" fill="black" stroke-width="0" stroke="black" />
<rect x="30" y="164" width="5" height="5" fill="black" stroke-width="0" stroke="black" />
<rect x="30" y="159" width="5" height="5" fill="black" stroke-width="0" stroke="black" />
<rect x="30" y="154" width="5" height="5" fill="black" stroke-width="0" stroke="black" />
<rect x="30" y="149" width="5" height="5" fill="black" stroke-width="0" stroke="black" />
<rect x="30" y="144" width="5" height="5" fill="black" stroke-width="0" stroke="black" />
<rect x="30" y="119" width="5" height="5" fill="black" stroke-width="0" stroke="black" />
<rect x="30" y="114" width="5" height="5" fill="black" stroke-width="0" stroke="black" />
<rect x="30" y="109" width="5" height="5" fill="black" stroke-width="0" stroke="black" />
<rect x="35" y="174" width="5" height="5" fill="black" stroke-width="0" stroke="black" />
<rect x="35" y="169" width="5" height="5" fill="black" stroke-width="0" stroke="black" />
<rect x="35" y="159" width="5" height="5" fill="black" stroke-width="0" stroke="black" />
<rect x="35" y="154" width="5" height="5" fill="black" stroke-width="0" stroke="black" />
<rect x="35" y="149" width="5" height="5" fill="black" stroke-width="0" stroke="black" />
<rect x="35" y="144" width="5" height="5" fill="black" stroke-width="0" stroke="black" />
<rect x="35" y="119" width="5" height="5" fill="black" stroke-width="0" stroke="black" />
<rect x="35" y="114" width="5" height="5" fill="black" stroke-width="0" stroke="black" />
<rect x="35" y="109" width="5" height="5" fill="black" stroke-width="0" stroke="black" />
<rect x="35" y="104" width="5" height="5" fill="black" stroke-width="0" stroke="black" />
<rect x="40" y="174" width="5" height="5" fill="black" stroke-width="0" stroke="black" />
<rect x="40" y="109" width="5" height="5" fill="black" stroke-width="0" stroke="black" />
<rect x="40" y="104" width="5" height="5" fill="black" stroke-width="0" stroke="black" />
<rect x="45" y="179" width="5" height="5" fill="black" stroke-width="0" stroke="black" />
<rect x="45" y="174" width="5" height="5" fill="black" stroke-width="0" stroke="black" />
<rect x="45" y="109" width="5" height="5" fill="black" stroke-width="0" stroke="black" />
<rect x="45" y="104" width="5" height="5" fill="black" stroke-width="0" stroke="black" />
<rect x="45" y="99" width="5" height="5" fill="black" stroke-width="0" stroke="black" />
<rect x="50" y="179" width="5" height="5" fill="black" stroke-width="0" stroke="black" />
<rect x="50" y="174" width="5" height="5" fill="black" stroke-width="0" stroke="black" />
<rect x="50" y="109" width="5" height="5" fill="black" stroke-width="0" stroke="black" />
<rect x="50" y="104" width="5" height="5" fill="black" stroke-width="0" stroke="black" />
<rect x="50" y="99" width="5" height="5" fill="black" stroke-width="0" stroke="black" />
<rect x="55" y="179" width="5" height="5" fill="black" stroke-width="0" stroke="black" />
<rect x="55" y="174" width="5" height="5" fill="black" stroke-width="0" stroke="black" />
<rect x="55" y="104" width="5" height="5" fill="black" stroke-width="0" stroke="black" />
<rect x="55" y="99" width="5" height="5" fill="black" stroke-width="0" stroke="black" />
<rect x="55" y="94" width="5" height="5" fill="black" stroke-width="0" stroke="black" />
<rect x="60" y="179" width="5" height="5" fill="black" stroke-width="0" stroke="black" />
<rect x="60" y="174" width="5" height="5" fill="black" stroke-width="0" stroke="black" />
<rect x="60" y="99" width="5" height="5" fill="black" stroke-width="0" stroke="black" />
<rect x="60" y="94" width="5" height="5" fill="black" stroke-width="0" stroke="black" />
<rect x="60" y="89" width="5" height="5" fill="black" stroke-width="0" stroke="black" />
<rect x="65" y="179" width="5" height="5" fill="black" stroke-width="0" stroke="black" />
<rect x="65" y="174" width="5" height="5" fill="black" stroke-width="0" stroke="black" />
<rect x="65" y="94" width="5" height="5" fill="black" stroke-width="0" stroke="black" />
<rect x="65" y="89" width="5" height="5" fill="black" stroke-width="0" stroke="black" />
<rect x="70" y="179" width="5" height="5" fill="black" stroke-width="0" stroke="black" />
<rect x="70" y="174" width="5" height="5" fill="black" stroke-width="0" stroke="black" />
<rect x="70" y="94" width="5" height="5" fill="black" stroke-width="0" stroke="black" />
<rect x="70" y="89" width="5" height="5" fill="black" stroke-width="0" stroke="black" />
<rect x="75" y="179" width="5" height="5" fill="black" stroke-width="0" stroke="black" />
<rect x="75" y="94" width="5" height="5" fill="black" stroke-width="0" stroke="black" />
<rect x="75" y="89" width="5" height="5" fill="black" stroke-width="0" stroke="black" />
<rect x="75" y="84" width="5" height="5" fill="black" stroke-width="0" stroke="black" />
<rect x="75" y="79" width="5" height="5" fill="black" stroke-width="0" stroke="black" />
<rect x="80" y="179" width="5" height="5" fill="black" stroke-width="0" stroke="black" />
<rect x="80" y="89" width="5" height="5" fill="black" stroke-width="0" stroke="black" />
<rect x="80" y="84" width="5" height="5" fill="black" stroke-width="0" stroke="black" />
<rect x="80" y="79" width="5" height="5" fill="black" stroke-width="0" stroke="black" />
<rect x="85" y="179" width="5" height="5" fill="black" stroke-width="0" stroke="black" />
<rect x="85" y="89" width="5" height="5" fill="black" stroke-width="0" stroke="black" />
<rect x="85" y="84" width="5" height="5" fill="black" stroke-width="0" stroke="black" />
<rect x="85" y="79" width="5" height="5" fill="black" stroke-width="0" stroke="black" />
<rect x="90" y="179" width="5" height="5" fill="black" stroke-width="0" stroke="black" />
<rect x="90" y="79" width="5" height="5" fill="black" stroke-width="0" stroke="black" />
<rect x="90" y="74" width="5" height="5" fill="black" stroke-width="0" stroke="black" />
<rect x="90" y="69" width="5" height="5" fill="black" stroke-width="0" stroke="black" />
<rect x="95" y="179" width="5" height="5" fill="black" stroke-width="0" stroke="black" />
<rect x="95" y="74" width="5" height="5" fill="black" stroke-width="0" stroke="black" />
<rect x="95" y="69" width="5" height="5" fill="black" stroke-width="0" stroke="black" />
<rect x="95" y="64" width="5" height="5" fill="black" stroke-width="0" stroke="black" />
<rect x="95" y="59" width="5" height="5" fill="black" stroke-width="0" stroke="black" />
<rect x="95" y="54" width="5" height="5" fill="black" stroke-width="0" stroke="black" />
<rect x="100" y="179" width="5" height="5" fill="black" stroke-width="0" stroke="black" />
<rect x="100" y="59" width="5" height="5" fill="black" stroke-width="0" stroke="black" />
<rect x="100" y="54" width="5" height="5" fill="black" stroke-width="0" stroke="black" />
<rect x="100" y="49" width="5" height="5" fill="black" stroke-width="0" stroke="black" />
<rect x="105" y="179" width="5" height="5" fill="black" stroke-width="0" stroke="black" />
<rect x="105" y="54" width="5" height="5" fill="black" stroke-width="0" stroke="black" />
<rect x="105" y="49" width="5" height="5" fill="black" stroke-width="0" stroke="black" />
<rect x="110" y="179" width="5" height="5" fill="black" stroke-width="0" stroke="black" />
<rect x="110" y="54" width="5" height="5" fill="black" stroke-width="0" stroke="black" />
<rect x="110" y="49" width="5" height="5" fill="black" stroke-width="0" stroke="black" />
<rect x="115" y="179" width="5" height="5" fill="black" stroke-width="0" stroke="black" />
<rect x="115" y="49" width="5" height="5" fill="black" stroke-width="0" stroke="black" />
<rect x="115" y="44" width="5" height="5" fill="black" stroke-width="0" stroke="black" />
<rect x="120" y="179" width="5" height="5" fill="black" stroke-width="0" stroke="black" />
<rect x="120" y="49" width="5" height="5" fill="black" stroke-width="0" stroke="black" />
<rect x="120" y="44" width="5" height="5" fill="black" stroke-width="0" stroke="black" />
<rect x="120" y="39" width="5" height="5" fill="black" stroke-width="0" stroke="black" />
<rect x="125" y="179" width="5" height="5" fill="black" stroke-width="0" stroke="black" />
<rect x="125" y="44" width="5" height="5" fill="black" stroke-width="0" stroke="black" />
<rect x="125" y="39" width="5" height="5" fill="black" stroke-width="0" stroke="black" />
<rect x="130" y="179" width="5" height="5" fill="black" stroke-width="0" stroke="black" />
<rect x="130" y="44" width="5" height="5" fill="black" stroke-width="0" stroke="black" />
<rect x="130" y="39" width="5" height="5" fill="black" stroke-width="0" stroke="black" />
<rect x="135" y="179" width="5" height="5" fill="black" stroke-width="0" stroke="black" />
<rect x="135" y="39" width="5" height="5" fill="black" stroke-width="0" stroke="black" />
<rect x="135" y="34" width="5" height="5" fill="black" stroke-width="0" stroke="black" />
<rect x="140" y="179" width="5" height="5" fill="black" stroke-width="0" stroke="black" />
<rect x="140" y="174" width="5" height="5" fill="black" stroke-width="0" stroke="black" />
<rect x="140" y="39" width="5" height="5" fill="black" stroke-width="0" stroke="black" />
<rect x="140" y="34" width="5" height="5" fill="black" stroke-width="0" stroke="black" />
<rect x="145" y="179" width="5" height="5" fill="black" stroke-width="0" stroke="black" />
<rect x="145" y="174" width="5" height="5" fill="black" stroke-width="0" stroke="black" />
<rect x="145" y="44" width="5" height="5" fill="black" stroke-width="0" stroke="black" />
<rect x="145" y="39" width="5" height="5" fill="black" stroke-width="0" stroke="black" />
<rect x="145" y="34" width="5" height="5" fill="black" stroke-width="0" stroke="black" />
<rect x="150" y="179" width="5" height="5" fill="black" stroke-width="0" stroke="black" />
<rect x="150" y="174" width="5" height="5" fill="black" stroke-width="0" stroke="black" />
<rect x="150" y="44" width="5" height="5" fill="black" stroke-width="0" stroke="black" />
<rect x="150" y="39" width="5" height="5" fill="black" stroke-width="0" stroke="black" />
<rect x="155" y="179" width="5" height="5" fill="black" stroke-width="0" stroke="black" />
<rect x="155" y="174" width="5" height="5" fill="black" stroke-width="0" stroke="black" />
<rect x="155" y="169" width="5" height="5" fill="black" stroke-width="0" stroke="black" />
<rect x="155" y="44" width="5" height="5" fill="black" stroke-width="0" stroke="black" />
<rect x="155" y="39" width="5" height="5" fill="black" stroke-width="0" stroke="black" />
<rect x="160" y="179" width="5" height="5" fill="black" stroke-width="0" stroke="black" />
<rect x="160" y="174" width="5" height="5" fill="black" stroke-width="0" stroke="black" />
<rect x="160" y="169" width="5" height="5" fill="black" stroke-width="0" stroke="black" />
<rect x="160" y="44" width="5" height="5" fill="black" stroke-width="0" stroke="black" />
<rect x="160" y="39" width="5" height="5" fill="black" stroke-width="0" stroke="black" />
<rect x="165" y="174" width="5" height="5" fill="black" stroke-width="0" stroke="black" />
<rect x="165" y="169" width="5" height="5" fill="black" stroke-width="0" stroke="black" />
<rect x="165" y="164" width="5" height="5" fill="black" stroke-width="0" stroke="black" />
<rect x="165" y="44" width="5" height="5" fill="black" stroke-width="0" stroke="black" />
<rect x="165" y="39" width="5" height="5" fill="black" stroke-width="0" stroke="black" />
<rect x="170" y="174" width="5" height="5" fill="black" stroke-width="0" stroke="black" />
<rect x="170" y="169" width="5" height="5" fill="black" stroke-width="0" stroke="black" />
<rect x="170" y="164" width="5" height="5" fill="black" stroke-width="0" stroke="black" />
<rect x="170" y="44" width="5" height="5" fill="black" stroke-width="0" stroke="black" />
<rect x="170" y="39" width="5" height="5" fill="black" stroke-width="0" stroke="black" />
<rect x="175" y="174" width="5" height="5" fill="black" stroke-width="0" stroke="black" />
<rect x="175" y="169" width="5" height="5" fill="black" stroke-width="0" stroke="black" />
<rect x="175" y="164" width="5" height="5" fill="black" stroke-width="0" stroke="black" />
<rect x="175" y="44" width="5" height="5" fill="black" stroke-width="0" stroke="black" />
<rect x="180" y="174" width="5" height="5" fill="black" stroke-width="0" stroke="black" />
<rect x="180" y="169" width="5" height="5" fill="black" stroke-width="0" stroke="black" />
<rect x="180" y="164" width="5" height="5" fill="black" stroke-width="0" stroke="black" />
<rect x="180" y="159" width="5" height="5" fill="black" stroke-width="0" stroke="black" />
<rect x="180" y="44" width="5" height="5" fill="black" stroke-width="0" stroke="black" />
<rect x="185" y="174" width="5" height="5" fill="black" stroke-width="0" stroke="black" />
<rect x="185" y="169" width="5" height="5" fill="black" stroke-width="0" stroke="black" />
<rect x="185" y="164" width="5" height="5" fill="black" stroke-width="0" stroke="black" />
<rect x="185" y="159" width="5" height="5" fill="black" stroke-width="0" stroke="black" />
<rect x="185" y="154" width="5" height="5" fill="black" stroke-width="0" stroke="black" />
<rect x="185" y="44" width="5" height="5" fill="black" stroke-width="0" stroke="black" />
<rect x="190" y="159" width="5" height="5" fill="black" stroke-width="0" stroke="black" />
<rect x="190" y="154" width="5" height="5" fill="black" stroke-width="0" stroke="black" />
<rect x="190" y="44" width="5" height="5" fill="black" stroke-width="0" stroke="black" />
<rect x="195" y="159" width="5" height="5" fill="black" stroke-width="0" stroke="black" />
<rect x="195" y="154" width="5" height="5" fill="black" stroke-width="0" stroke="black" />
<rect x="195" y="149" width="5" height="5" fill="black" stroke-width="0" stroke="black" />
<rect x="195" y="44" width="5" height="5" fill="black" stroke-width="0" stroke="black" />
<rect x="200" y="159" width="5" height="5" fill="black" stroke-width="0" stroke="black" />
<rect x="200" y="154" width="5" height="5" fill="black" stroke-width="0" stroke="black" />
<rect x="200" y="149" width="5" height="5" fill="black" stroke-width="0" stroke="black" />
<rect x="200" y="44" width="5" height="5" fill="black" stroke-width="0" stroke="black" />
<rect x="205" y="159" width="5" height="5" fill="black" stroke-width="0" stroke="black" />
<rect x="205" y="154" width="5" height="5" fill="black" stroke-width="0" stroke="black" />
<rect x="205" y="149" width="5" height="5" fill="black" stroke-width="0" stroke="black" />
<rect x="205" y="49" width="5" height="5" fill="black" stroke-width="0" stroke="black" />
<rect x="205" y="44" width="5" height="5" fill="black" stroke-width="0" stroke="black" />
<rect x="210" y="149" width="5" height="5" fill="black" stroke-width="0" stroke="black" />
<rect x="210" y="54" width="5" height="5" fill="black" stroke-width="0" stroke="black" />
<rect x="210" y="49" width="5" height="5" fill="black" stroke-width="0" stroke="black" />
<rect x="210" y="44" width="5" height="5" fill="black" stroke-width="0" stroke="black" />
<rect x="215" y="149" width="5" height="5" fill="black" stroke-width="0" stroke="black" />
<rect x="215" y="144" width="5" height="5" fill="black" stroke-width="0" stroke="black" />
<rect x="215" y="54" width="5" height="5" fill="black" stroke-width="0" stroke="black" />
<rect x="215" y="49" width="5" height="5" fill="black" stroke-width="0" stroke="black" />
<rect x="215" y="44" width="5" height="5" fill="black" stroke-width="0" stroke="black" />
<rect x="220" y="149" width="5" height="5" fill="black" stroke-width="0" stroke="black" />
<rect x="220" y="144" width="5" height="5" fill="black" stroke-width="0" stroke="black" />
<rect x="220" y="54" width="5" height="5" fill="black" stroke-width="0" stroke="black" />
<rect x="220" y="49" width="5" height="5" fill="black" stroke-width="0" stroke="black" />
<rect x="225" y="149" width="5" height="5" fill="black" stroke-width="0" stroke="black" />
<rect x="225" y="144" width="5" height="5" fill="black" stroke-width="0" stroke="black" />
<rect x="225" y="139" width="5" height="5" fill="black" stroke-width="0" stroke="black" />
<rect x="225" y="54" width="5" height="5" fill="black" stroke-width="0" stroke="black" />
<rect x="225" y="49" width="5" height="5" fill="black" stroke-width="0" stroke="black" />
<rect x="230" y="149" width="5" height="5" fill="black" stroke-width="0" stroke="black" />
<rect x="230" y="144" width="5" height="5" fill="black" stroke-width="0" stroke="black" />
<rect x="230" y="139" width="5" height="5" fill="black" stroke-width="0" stroke="black" />
<rect x="230" y="134" width="5" height="5" fill="black" stroke-width="0" stroke="black" />
<rect x="230" y="129" width="5" height="5" fill="black" stroke-width="0" stroke="black" />
<rect x="230" y="59" width="5" height="5" fill="black" stroke-width="0" stroke="black" />
<rect x="230" y="54" width="5" height="5" fill="black" stroke-width="0" stroke="black" />
<rect x="235" y="144" width="5" height="5" fill="black" stroke-width="0" stroke="black" />
<rect x="235" y="139" width="5" height="5" fill="black" stroke-width="0" stroke="black" />
<rect x="235" y="134" width="5" height="5" fill="black" stroke-width="0" stroke="black" />
<rect x="235" y="129" width="5" height="5" fill="black" stroke-width="0" stroke="black" />
<rect x="235" y="59" width="5" height="5" fill="black" stroke-width="0" stroke="black" />
<rect x="235" y="54" width="5" height="5" fill="black" stroke-width="0" stroke="black" />
<rect x="240" y="144" width="5" height="5" fill="black" stroke-width="0" stroke="black" />
<rect x="240" y="139" width="5" height="5" fill="black" stroke-width="0" stroke="black" />
<rect x="240" y="134" width="5" height="5" fill="black" stroke-width="0" stroke="black" />
<rect x="240" y="129" width="5" height="5" fill="black" stroke-width="0" stroke="black" />
<rect x="240" y="124" width="5" height="5" fill="black" stroke-width="0" stroke="black" />
<rect x="240" y="119" width="5" height="5" fill="black" stroke-width="0" stroke="black" />
<rect x="240" y="59" width="5" height="5" fill="black" stroke-width="0" stroke="black" />
<rect x="240" y="54" width="5" height="5" fill="black" stroke-width="0" stroke="black" />
<rect x="245" y="134" width="5" height="5" fill="black" stroke-width="0" stroke="black" />
<rect x="245" y="129" width="5" height="5" fill="black" stroke-width="0" stroke="black" />
<rect x="245" y="124" width="5" height="5" fill="black" stroke-width="0" stroke="black" />
<rect x="245" y="119" width="5" height="5" fill="black" stroke-width="0" stroke="black" />
<rect x="245" y="114" width="5" height="5" fill="black" stroke-width="0" stroke="black" />
<rect x="245" y="64" width="5" height="5" fill="black" stroke-width="0" stroke="black" />
<rect x="245" y="59" width="5" height="5" fill="black" stroke-width="0" stroke="black" />
<rect x="245" y="54" width="5" height="5" fill="black" stroke-width="0" stroke="black" />
<rect x="250" y="124" width="5" height="5" fill="black" stroke-width="0" stroke="black" />
<rect x="250" y="119" width="5" height="5" fill="black" stroke-width="0" stroke="black" />
<rect x="250" y="114" width="5" height="5" fill="black" stroke-width="0" stroke="black" />
<rect x="250" y="64" width="5" height="5" fill="black" stroke-width="0" stroke="black" />
<rect x="250" y="59" width="5" height="5" fill="black" stroke-width="0" stroke="black" />
<rect x="255" y="124" width="5" height="5" fill="black" stroke-width="0" stroke="black" />
<rect x="255" y="119" width="5" height="5" fill="black" stroke-width="0" stroke="black" />
<rect x="255" y="114" width="5" height="5" fill="black" stroke-width="0" stroke="black" />
<rect x="255" y="64" width="5" height="5" fill="black" stroke-width="0" stroke="black" />
<rect x="255" y="59" width="5" height="5" fill="black" stroke-width="0" stroke="black" />
<rect x="260" y="119" width="5" height="5" fill="black" stroke-width="0" stroke="black" />
<rect x="260" y="114" width="5" height="5" fill="black" stroke-width="0" stroke="black" />
<rect x="260" y="109" width="5" height="5" fill="black" stroke-width="0" stroke="black" />
<rect x="260" y="104" width="5" height="5" fill="black" stroke-width="0" stroke="black" />
<rect x="260" y="99" width="5" height="5" fill="black" stroke-width="0" stroke="black" />
<rect x="260" y="69" width="5" height="5" fill="black" stroke-width="0" stroke="black" />
<rect x="260" y="64" width="5" height="5" fill="black" stroke-width="0" stroke="black" />
<rect x="260" y="59" width="5" height="5" fill="black" stroke-width="0" stroke="black" />
<rect x="265" y="109" width="5" height="5" fill="black" stroke-width="0" stroke="black" />
<rect x="265" y="104" width="5" height="5" fill="black" stroke-width="0" stroke="black" />
<rect x="265" y="99" width="5" height="5" fill="black" stroke-width="0" stroke="black" />
<rect x="265" y="69" width="5" height="5" fill="black" stroke-width="0" stroke="black" />
<rect x="265" y="64" width="5" height="5" fill="black" stroke-width="0" stroke="black" />
<rect x="265" y="59" width="5" height="5" fill="black" stroke-width="0" stroke="black" />
<rect x="270" y="99" width="5" height="5" fill="black" stroke-width="0" stroke="black" />
<rect x="270" y="94" width="5" height="5" fill="black" stroke-width="0" stroke="black" />
<rect x="270" y="89" width="5" height="5" fill="black" stroke-width="0" stroke="black" />
<rect x="270" y="84" width="5" height="5" fill="black" stroke-width="0" stroke="black" />
<rect x="270" y="79" width="5" height="5" fill="black" stroke-width="0" stroke="black" />
<rect x="270" y="74" width="5" height="5" fill="black" stroke-width="0" stroke="black" />
<rect x="270" y="69" width="5" height="5" fill="black" stroke-width="0" stroke="black" />
<rect x="270" y="64" width="5" height="5" fill="black" stroke-width="0" stroke="black" />
<text x="131" y="225" fill="black" font-size="9px">2.65m</text>
<text x="0" y="0" fill="black" font-size="9px" transform="translate(314,93) rotate(90)">1.49m</text>
<line x1="10" y1="209" x2="279" y2="209" fill="none" stroke="black" stroke-width="1" />
<line x1="10" y1="206" x2="10" y2="212" fill="none" stroke="black" stroke-width="1" />
<line x1="279" y1="206" x2="279" y2="212" fill="none" stroke="black" stroke-width="1" />
<line x1="304" y1="184" x2="304" y2="30" fill="none" stroke="black" stroke-width="1" />
<line x1="301" y1="184" x2="307" y2="184" fill="none" stroke="black" stroke-width="1" />
<line x1="301" y1="30" x2="307" y2="30" fill="none" stroke="black" stroke-width="1" />
</svg>
