<?xml version="1.0" encoding="UTF-8"?>
<!DOCTYPE svg PUBLIC "-//W3C//DTD SVG 1.1//EN"
          "http://www.w3.org/Graphics/SVG/1.1/DTD/svg11.dtd">
<svg xmlns="http://www.w3.org/2000/svg" version="1.1"
     width="61" height="20">
<rect x="0" y="0" width="61" height="20" fill="white" stroke="white" stroke-width="0"/>
<rect x="1" y="9" width="1" height="1" fill="rgb(171,171,171)" stroke-width="0" stroke="rgb(171,171,171)" />
<rect x="1" y="8" width="1" height="1" fill="rgb(179,179,179)" stroke-width="0" stroke="rgb(179,179,179)" />
<rect x="1" y="7" width="1" height="1" fill="rgb(185,185,185)" stroke-width="0" stroke="rgb(185,185,185)" />
<rect x="1" y="6" width="1" height="1" fill="rgb(186,186,186)" stroke-width="0" stroke="rgb(186,186,186)" />
<rect x="1" y="5" width="1" height="1" fill="rgb(182,182,182)" stroke-width="0" stroke="rgb(182,182,182)" />
<rect x="1" y="4" width="1" height="1" fill="rgb(182,182,182)" stroke-width="0" stroke="rgb(182,182,182)" />
<rect x="1" y="3" width="1" height="1" fill="rgb(182,182,182)" stroke-width="0" stroke="rgb(182,182,182)" />
<rect x="2" y="12" width="1" height="1" fill="rgb(188,188,188)" stroke-width="0" stroke="rgb(188,188,188)" />
<rect x="2" y="11" width="1" height="1" fill="rgb(188,188,188)" stroke-width="0" stroke="rgb(188,188,188)" />
<rect x="2" y="10" width="1" height="1" fill="rgb(183,183,183)" stroke-width="0" stroke="rgb(183,183,183)" />
<rect x="2" y="9" width="1" height="1" fill="rgb(182,182,182)" stroke-width="0" stroke="rgb(182,182,182)" />
<rect x="2" y="8" width="1" height="1" fill="rgb(182,182,182)" stroke-width="0" stroke="rgb(182,182,182)" />
<rect x="2" y="7" width="1" height="1" fill="rgb(185,185,185)" stroke-width="0" stroke="rgb(185,185,185)" />
<rect x="2" y="6" width="1" height="1" fill="rgb(190,190,190)" stroke-width="0" stroke="rgb(190,190,190)" />
<rect x="2" y="5" width="1" height="1" fill="rgb(193,193,193)" stroke-width="0" stroke="rgb(193,193,193)" />
<rect x="2" y="4" width="1" height="1" fill="rgb(171,171,171)" stroke-width="0" stroke="rgb(171,171,171)" />
<rect x="2" y="3" width="1" height="1" fill="rgb(174,174,174)" stroke-width="0" stroke="rgb(174,174,174)" />
<rect x="2" y="2" width="1" height="1" fill="rgb(174,174,174)" stroke-width="0" stroke="rgb(174,174,174)" />
<rect x="3" y="14" width="1" height="1" fill="rgb(179,179,179)" stroke-width="0" stroke="rgb(179,179,179)" />
<rect x="3" y="13" width="1" height="1" fill="rgb(180,180,180)" stroke-width="0" stroke="rgb(180,180,180)" />
<rect x="3" y="12" width="1" height="1" fill="rgb(189,189,189)" stroke-width="0" stroke="rgb(189,189,189)" />
<rect x="3" y="11" width="1" height="1" fill="rgb(185,185,185)" stroke-width="0" stroke="rgb(185,185,185)" />
<rect x="3" y="10" width="1" height="1" fill="rgb(193,193,193)" stroke-width="0" stroke="rgb(193,193,193)" />
<rect x="3" y="9" width="1" height="1" fill="rgb(73,73,73)" stroke-width="0" stroke="rgb(73,73,73)" />
<rect x="3" y="8" width="1" height="1" fill="rgb(81,81,81)" stroke-width="0" stroke="rgb(81,81,81)" />
<rect x="3" y="7" width="1" height="1" fill="rgb(88,88,88)" stroke-width="0" stroke="rgb(88,88,88)" />
<rect x="3" y="6" width="1" height="1" fill="rgb(174,174,174)" stroke-width="0" stroke="rgb(174,174,174)" />
<rect x="3" y="5" width="1" height="1" fill="rgb(157,157,157)" stroke-width="0" stroke="rgb(157,157,157)" />
<rect x="3" y="4" width="1" height="1" fill="rgb(168,168,168)" stroke-width="0" stroke="rgb(168,168,168)" />
<rect x="3" y="3" width="1" height="1" fill="rgb(162,162,162)" stroke-width="0" stroke="rgb(162,162,162)" />
<rect x="3" y="2" width="1" height="1" fill="rgb(176,176,176)" stroke-width="0" stroke="rgb(176,176,176)" />
<rect x="3" y="1" width="1" height="1" fill="rgb(174,174,174)" stroke-width="0" stroke="rgb(174,174,174)" />
<rect x="4" y="15" width="1" height="1" fill="rgb(139,139,139)" stroke-width="0" stroke="rgb(139,139,139)" />
<rect x="4" y="14" width="1" height="1" fill="rgb(142,142,142)" stroke-width="0" stroke="rgb(142,142,142)" />
<rect x="4" y="13" width="1" height="1" fill="rgb(155,155,155)" stroke-width="0" stroke="rgb(155,155,155)" />
<rect x="4" y="12" width="1" height="1" fill="rgb(185,185,185)" stroke-width="0" stroke="rgb(185,185,185)" />
<rect x="4" y="11" width="1" height="1" fill="rgb(185,185,185)" stroke-width="0" stroke="rgb(185,185,185)" />
<rect x="4" y="10" width="1" height="1" fill="rgb(77,77,77)" stroke-width="0" stroke="rgb(77,77,77)" />
<rect x="4" y="9" width="1" height="1" fill="rgb(81,81,81)" stroke-width="0" stroke="rgb(81,81,81)" />
<rect x="4" y="8" width="1" height="1" fill="rgb(73,73,73)" stroke-width="0" stroke="rgb(73,73,73)" />
<rect x="4" y="7" width="1" height="1" fill="rgb(137,137,137)" stroke-width="0" stroke="rgb(137,137,137)" />
<rect x="4" y="6" width="1" height="1" fill="rgb(191,191,191)" stroke-width="0" stroke="rgb(191,191,191)" />
<rect x="4" y="5" width="1" height="1" fill="rgb(148,148,148)" stroke-width="0" stroke="rgb(148,148,148)" />
<rect x="4" y="4" width="1" height="1" fill="rgb(147,147,147)" stroke-width="0" stroke="rgb(147,147,147)" />
<rect x="4" y="3" width="1" height="1" fill="rgb(148,148,148)" stroke-width="0" stroke="rgb(148,148,148)" />
<rect x="4" y="2" width="1" height="1" fill="rgb(148,148,148)" stroke-width="0" stroke="rgb(148,148,148)" />
<rect x="4" y="1" width="1" height="1" fill="rgb(174,174,174)" stroke-width="0" stroke="rgb(174,174,174)" />
<rect x="5" y="15" width="1" height="1" fill="rgb(137,137,137)" stroke-width="0" stroke="rgb(137,137,137)" />
<rect x="5" y="14" width="1" height="1" fill="rgb(149,149,149)" stroke-width="0" stroke="rgb(149,149,149)" />
<rect x="5" y="13" width="1" height="1" fill="rgb(158,158,158)" stroke-width="0" stroke="rgb(158,158,158)" />
<rect x="5" y="12" width="1" height="1" fill="rgb(66,66,66)" stroke-width="0" stroke="rgb(66,66,66)" />
<rect x="5" y="11" width="1" height="1" fill="rgb(85,85,85)" stroke-width="0" stroke="rgb(85,85,85)" />
<rect x="5" y="10" width="1" height="1" fill="rgb(88,88,88)" stroke-width="0" stroke="rgb(88,88,88)" />
<rect x="5" y="9" width="1" height="1" fill="rgb(123,123,123)" stroke-width="0" stroke="rgb(123,123,123)" />
<rect x="5" y="8" width="1" height="1" fill="rgb(123,123,123)" stroke-width="0" stroke="rgb(123,123,123)" />
<rect x="5" y="7" width="1" height="1" fill="rgb(137,137,137)" stroke-width="0" stroke="rgb(137,137,137)" />
<rect x="5" y="6" width="1" height="1" fill="rgb(141,141,141)" stroke-width="0" stroke="rgb(141,141,141)" />
<rect x="5" y="5" width="1" height="1" fill="rgb(193,193,193)" stroke-width="0" stroke="rgb(193,193,193)" />
<rect x="5" y="4" width="1" height="1" fill="rgb(194,194,194)" stroke-width="0" stroke="rgb(194,194,194)" />
<rect x="5" y="3" width="1" height="1" fill="rgb(137,137,137)" stroke-width="0" stroke="rgb(137,137,137)" />
<rect x="5" y="2" width="1" height="1" fill="rgb(144,144,144)" stroke-width="0" stroke="rgb(144,144,144)" />
<rect x="5" y="1" width="1" height="1" fill="rgb(178,178,178)" stroke-width="0" stroke="rgb(178,178,178)" />
<rect x="6" y="15" width="1" height="1" fill="rgb(124,124,124)" stroke-width="0" stroke="rgb(124,124,124)" />
<rect x="6" y="14" width="1" height="1" fill="rgb(92,92,92)" stroke-width="0" stroke="rgb(92,92,92)" />
<rect x="6" y="13" width="1" height="1" fill="rgb(92,92,92)" stroke-width="0" stroke="rgb(92,92,92)" />
<rect x="6" y="12" width="1" height="1" fill="rgb(85,85,85)" stroke-width="0" stroke="rgb(85,85,85)" />
<rect x="6" y="11" width="1" height="1" fill="rgb(88,88,88)" stroke-width="0" stroke="rgb(88,88,88)" />
<rect x="6" y="10" width="1" height="1" fill="rgb(124,124,124)" stroke-width="0" stroke="rgb(124,124,124)" />
<rect x="6" y="9" width="1" height="1" fill="rgb(131,131,131)" stroke-width="0" stroke="rgb(131,131,131)" />
<rect x="6" y="8" width="1" height="1" fill="rgb(212,212,212)" stroke-width="0" stroke="rgb(212,212,212)" />
<rect x="6" y="7" width="1" height="1" fill="rgb(208,208,208)" stroke-width="0" stroke="rgb(208,208,208)" />
<rect x="6" y="6" width="1" height="1" fill="rgb(129,129,129)" stroke-width="0" stroke="rgb(129,129,129)" />
<rect x="6" y="5" width="1" height="1" fill="rgb(199,199,199)" stroke-width="0" stroke="rgb(199,199,199)" />
<rect x="6" y="4" width="1" height="1" fill="rgb(194,194,194)" stroke-width="0" stroke="rgb(194,194,194)" />
<rect x="6" y="3" width="1" height="1" fill="rgb(194,194,194)" stroke-width="0" stroke="rgb(194,194,194)" />
<rect x="6" y="2" width="1" height="1" fill="rgb(183,183,183)" stroke-width="0" stroke="rgb(183,183,183)" />
<rect x="6" y="1" width="1" height="1" fill="rgb(167,167,167)" stroke-width="0" stroke="rgb(167,167,167)" />
<rect x="7" y="15" width="1" height="1" fill="rgb(196,196,196)" stroke-width="0" stroke="rgb(196,196,196)" />
<rect x="7" y="14" width="1" height="1" fill="rgb(100,100,100)" stroke-width="0" stroke="rgb(100,100,100)" />
<rect x="7" y="13" width="1" height="1" fill="rgb(148,148,148)" stroke-width="0" stroke="rgb(148,148,148)" />
<rect x="7" y="12" width="1" height="1" fill="rgb(119,119,119)" stroke-width="0" stroke="rgb(119,119,119)" />
<rect x="7" y="11" width="1" height="1" fill="rgb(141,141,141)" stroke-width="0" stroke="rgb(141,141,141)" />
<rect x="7" y="10" width="1" height="1" fill="rgb(137,137,137)" stroke-width="0" stroke="rgb(137,137,137)" />
<rect x="7" y="9" width="1" height="1" fill="rgb(129,129,129)" stroke-width="0" stroke="rgb(129,129,129)" />
<rect x="7" y="8" width="1" height="1" fill="rgb(212,212,212)" stroke-width="0" stroke="rgb(212,212,212)" />
<rect x="7" y="7" width="1" height="1" fill="rgb(199,199,199)" stroke-width="0" stroke="rgb(199,199,199)" />
<rect x="7" y="6" width="1" height="1" fill="rgb(199,199,199)" stroke-width="0" stroke="rgb(199,199,199)" />
<rect x="7" y="5" width="1" height="1" fill="rgb(201,201,201)" stroke-width="0" stroke="rgb(201,201,201)" />
<rect x="7" y="4" width="1" height="1" fill="rgb(194,194,194)" stroke-width="0" stroke="rgb(194,194,194)" />
<rect x="7" y="3" width="1" height="1" fill="rgb(194,194,194)" stroke-width="0" stroke="rgb(194,194,194)" />
<rect x="7" y="2" width="1" height="1" fill="rgb(185,185,185)" stroke-width="0" stroke="rgb(185,185,185)" />
<rect x="7" y="1" width="1" height="1" fill="rgb(178,178,178)" stroke-width="0" stroke="rgb(178,178,178)" />
<rect x="8" y="18" width="1" height="1" fill="rgb(174,174,174)" stroke-width="0" stroke="rgb(174,174,174)" />
<rect x="8" y="17" width="1" height="1" fill="rgb(186,186,186)" stroke-width="0" stroke="rgb(186,186,186)" />
<rect x="8" y="16" width="1" height="1" fill="rgb(185,185,185)" stroke-width="0" stroke="rgb(185,185,185)" />
<rect x="8" y="15" width="1" height="1" fill="rgb(174,174,174)" stroke-width="0" stroke="rgb(174,174,174)" />
<rect x="8" y="14" width="1" height="1" fill="rgb(167,167,167)" stroke-width="0" stroke="rgb(167,167,167)" />
<rect x="8" y="13" width="1" height="1" fill="rgb(167,167,167)" stroke-width="0" stroke="rgb(167,167,167)" />
<rect x="8" y="12" width="1" height="1" fill="rgb(142,142,142)" stroke-width="0" stroke="rgb(142,142,142)" />
<rect x="8" y="11" width="1" height="1" fill="rgb(147,147,147)" stroke-width="0" stroke="rgb(147,147,147)" />
<rect x="8" y="10" width="1" height="1" fill="rgb(137,137,137)" stroke-width="0" stroke="rgb(137,137,137)" />
<rect x="8" y="9" width="1" height="1" fill="rgb(124,124,124)" stroke-width="0" stroke="rgb(124,124,124)" />
<rect x="8" y="8" width="1" height="1" fill="rgb(212,212,212)" stroke-width="0" stroke="rgb(212,212,212)" />
<rect x="8" y="7" width="1" height="1" fill="rgb(199,199,199)" stroke-width="0" stroke="rgb(199,199,199)" />
<rect x="8" y="6" width="1" height="1" fill="rgb(199,199,199)" stroke-width="0" stroke="rgb(199,199,199)" />
<rect x="8" y="5" width="1" height="1" fill="rgb(201,201,201)" stroke-width="0" stroke="rgb(201,201,201)" />
<rect x="8" y="4" width="1" height="1" fill="rgb(195,195,195)" stroke-width="0" stroke="rgb(195,195,195)" />
<rect x="8" y="3" width="1" height="1" fill="rgb(189,189,189)" stroke-width="0" stroke="rgb(189,189,189)" />
<rect x="8" y="2" width="1" height="1" fill="rgb(189,189,189)" stroke-width="0" stroke="rgb(189,189,189)" />
<rect x="8" y="1" width="1" height="1" fill="rgb(185,185,185)" stroke-width="0" stroke="rgb(185,185,185)" />
<rect x="9" y="18" width="1" height="1" fill="rgb(182,182,182)" stroke-width="0" stroke="rgb(182,182,182)" />
<rect x="9" y="17" width="1" height="1" fill="rgb(185,185,185)" stroke-width="0" stroke="rgb(185,185,185)" />
<rect x="9" y="16" width="1" height="1" fill="rgb(171,171,171)" stroke-width="0" stroke="rgb(171,171,171)" />
<rect x="9" y="15" width="1" height="1" fill="rgb(173,173,173)" stroke-width="0" stroke="rgb(173,173,173)" />
<rect x="9" y="14" width="1" height="1" fill="rgb(162,162,162)" stroke-width="0" stroke="rgb(162,162,162)" />
<rect x="9" y="13" width="1" height="1" fill="rgb(152,152,152)" stroke-width="0" stroke="rgb(152,152,152)" />
<rect x="9" y="12" width="1" height="1" fill="rgb(150,150,150)" stroke-width="0" stroke="rgb(150,150,150)" />
<rect x="9" y="11" width="1" height="1" fill="rgb(152,152,152)" stroke-width="0" stroke="rgb(152,152,152)" />
<rect x="9" y="10" width="1" height="1" fill="rgb(137,137,137)" stroke-width="0" stroke="rgb(137,137,137)" />
<rect x="9" y="9" width="1" height="1" fill="rgb(124,124,124)" stroke-width="0" stroke="rgb(124,124,124)" />
<rect x="9" y="8" width="1" height="1" fill="rgb(216,216,216)" stroke-width="0" stroke="rgb(216,216,216)" />
<rect x="9" y="7" width="1" height="1" fill="rgb(204,204,204)" stroke-width="0" stroke="rgb(204,204,204)" />
<rect x="9" y="6" width="1" height="1" fill="rgb(207,207,207)" stroke-width="0" stroke="rgb(207,207,207)" />
<rect x="9" y="5" width="1" height="1" fill="rgb(203,203,203)" stroke-width="0" stroke="rgb(203,203,203)" />
<rect x="9" y="4" width="1" height="1" fill="rgb(200,200,200)" stroke-width="0" stroke="rgb(200,200,200)" />
<rect x="9" y="3" width="1" height="1" fill="rgb(200,200,200)" stroke-width="0" stroke="rgb(200,200,200)" />
<rect x="9" y="2" width="1" height="1" fill="rgb(191,191,191)" stroke-width="0" stroke="rgb(191,191,191)" />
<rect x="9" y="1" width="1" height="1" fill="rgb(185,185,185)" stroke-width="0" stroke="rgb(185,185,185)" />
<rect x="10" y="18" width="1" height="1" fill="rgb(182,182,182)" stroke-width="0" stroke="rgb(182,182,182)" />
<rect x="10" y="17" width="1" height="1" fill="rgb(185,185,185)" stroke-width="0" stroke="rgb(185,185,185)" />
<rect x="10" y="16" width="1" height="1" fill="rgb(169,169,169)" stroke-width="0" stroke="rgb(169,169,169)" />
<rect x="10" y="15" width="1" height="1" fill="rgb(170,170,170)" stroke-width="0" stroke="rgb(170,170,170)" />
<rect x="10" y="14" width="1" height="1" fill="rgb(158,158,158)" stroke-width="0" stroke="rgb(158,158,158)" />
<rect x="10" y="13" width="1" height="1" fill="rgb(152,152,152)" stroke-width="0" stroke="rgb(152,152,152)" />
<rect x="10" y="12" width="1" height="1" fill="rgb(149,149,149)" stroke-width="0" stroke="rgb(149,149,149)" />
<rect x="10" y="11" width="1" height="1" fill="rgb(144,144,144)" stroke-width="0" stroke="rgb(144,144,144)" />
<rect x="10" y="10" width="1" height="1" fill="rgb(233,233,233)" stroke-width="0" stroke="rgb(233,233,233)" />
<rect x="10" y="9" width="1" height="1" fill="rgb(232,232,232)" stroke-width="0" stroke="rgb(232,232,232)" />
<rect x="10" y="8" width="1" height="1" fill="rgb(228,228,228)" stroke-width="0" stroke="rgb(228,228,228)" />
<rect x="10" y="7" width="1" height="1" fill="rgb(214,214,214)" stroke-width="0" stroke="rgb(214,214,214)" />
<rect x="10" y="6" width="1" height="1" fill="rgb(214,214,214)" stroke-width="0" stroke="rgb(214,214,214)" />
<rect x="10" y="5" width="1" height="1" fill="rgb(203,203,203)" stroke-width="0" stroke="rgb(203,203,203)" />
<rect x="10" y="4" width="1" height="1" fill="rgb(188,188,188)" stroke-width="0" stroke="rgb(188,188,188)" />
<rect x="10" y="3" width="1" height="1" fill="rgb(187,187,187)" stroke-width="0" stroke="rgb(187,187,187)" />
<rect x="10" y="2" width="1" height="1" fill="rgb(182,182,182)" stroke-width="0" stroke="rgb(182,182,182)" />
<rect x="10" y="1" width="1" height="1" fill="rgb(174,174,174)" stroke-width="0" stroke="rgb(174,174,174)" />
<rect x="11" y="18" width="1" height="1" fill="rgb(173,173,173)" stroke-width="0" stroke="rgb(173,173,173)" />
<rect x="11" y="17" width="1" height="1" fill="rgb(173,173,173)" stroke-width="0" stroke="rgb(173,173,173)" />
<rect x="11" y="16" width="1" height="1" fill="rgb(168,168,168)" stroke-width="0" stroke="rgb(168,168,168)" />
<rect x="11" y="15" width="1" height="1" fill="rgb(159,159,159)" stroke-width="0" stroke="rgb(159,159,159)" />
<rect x="11" y="14" width="1" height="1" fill="rgb(156,156,156)" stroke-width="0" stroke="rgb(156,156,156)" />
<rect x="11" y="13" width="1" height="1" fill="rgb(151,151,151)" stroke-width="0" stroke="rgb(151,151,151)" />
<rect x="11" y="12" width="1" height="1" fill="rgb(148,148,148)" stroke-width="0" stroke="rgb(148,148,148)" />
<rect x="11" y="11" width="1" height="1" fill="rgb(133,133,133)" stroke-width="0" stroke="rgb(133,133,133)" />
<rect x="11" y="10" width="1" height="1" fill="rgb(128,128,128)" stroke-width="0" stroke="rgb(128,128,128)" />
<rect x="11" y="9" width="1" height="1" fill="rgb(232,232,232)" stroke-width="0" stroke="rgb(232,232,232)" />
<rect x="11" y="8" width="1" height="1" fill="rgb(109,109,109)" stroke-width="0" stroke="rgb(109,109,109)" />
<rect x="11" y="7" width="1" height="1" fill="rgb(110,110,110)" stroke-width="0" stroke="rgb(110,110,110)" />
<rect x="11" y="6" width="1" height="1" fill="rgb(111,111,111)" stroke-width="0" stroke="rgb(111,111,111)" />
<rect x="11" y="5" width="1" height="1" fill="rgb(112,112,112)" stroke-width="0" stroke="rgb(112,112,112)" />
<rect x="11" y="4" width="1" height="1" fill="rgb(117,117,117)" stroke-width="0" stroke="rgb(117,117,117)" />
<rect x="11" y="3" width="1" height="1" fill="rgb(182,182,182)" stroke-width="0" stroke="rgb(182,182,182)" />
<rect x="11" y="2" width="1" height="1" fill="rgb(163,163,163)" stroke-width="0" stroke="rgb(163,163,163)" />
<rect x="12" y="18" width="1" height="1" fill="rgb(173,173,173)" stroke-width="0" stroke="rgb(173,173,173)" />
<rect x="12" y="17" width="1" height="1" fill="rgb(173,173,173)" stroke-width="0" stroke="rgb(173,173,173)" />
<rect x="12" y="16" width="1" height="1" fill="rgb(168,168,168)" stroke-width="0" stroke="rgb(168,168,168)" />
<rect x="12" y="15" width="1" height="1" fill="rgb(146,146,146)" stroke-width="0" stroke="rgb(146,146,146)" />
<rect x="12" y="14" width="1" height="1" fill="rgb(145,145,145)" stroke-width="0" stroke="rgb(145,145,145)" />
<rect x="12" y="13" width="1" height="1" fill="rgb(144,144,144)" stroke-width="0" stroke="rgb(144,144,144)" />
<rect x="12" y="12" width="1" height="1" fill="rgb(143,143,143)" stroke-width="0" stroke="rgb(143,143,143)" />
<rect x="12" y="11" width="1" height="1" fill="rgb(136,136,136)" stroke-width="0" stroke="rgb(136,136,136)" />
<rect x="12" y="10" width="1" height="1" fill="rgb(127,127,127)" stroke-width="0" stroke="rgb(127,127,127)" />
<rect x="12" y="9" width="1" height="1" fill="rgb(114,114,114)" stroke-width="0" stroke="rgb(114,114,114)" />
<rect x="12" y="8" width="1" height="1" fill="rgb(107,107,107)" stroke-width="0" stroke="rgb(107,107,107)" />
<rect x="12" y="7" width="1" height="1" fill="rgb(105,105,105)" stroke-width="0" stroke="rgb(105,105,105)" />
<rect x="12" y="6" width="1" height="1" fill="rgb(107,107,107)" stroke-width="0" stroke="rgb(107,107,107)" />
<rect x="12" y="5" width="1" height="1" fill="rgb(122,122,122)" stroke-width="0" stroke="rgb(122,122,122)" />
<rect x="12" y="4" width="1" height="1" fill="rgb(118,118,118)" stroke-width="0" stroke="rgb(118,118,118)" />
<rect x="12" y="3" width="1" height="1" fill="rgb(119,119,119)" stroke-width="0" stroke="rgb(119,119,119)" />
<rect x="12" y="2" width="1" height="1" fill="rgb(126,126,126)" stroke-width="0" stroke="rgb(126,126,126)" />
<rect x="13" y="18" width="1" height="1" fill="rgb(171,171,171)" stroke-width="0" stroke="rgb(171,171,171)" />
<rect x="13" y="17" width="1" height="1" fill="rgb(167,167,167)" stroke-width="0" stroke="rgb(167,167,167)" />
<rect x="13" y="16" width="1" height="1" fill="rgb(163,163,163)" stroke-width="0" stroke="rgb(163,163,163)" />
<rect x="13" y="15" width="1" height="1" fill="rgb(146,146,146)" stroke-width="0" stroke="rgb(146,146,146)" />
<rect x="13" y="14" width="1" height="1" fill="rgb(145,145,145)" stroke-width="0" stroke="rgb(145,145,145)" />
<rect x="13" y="13" width="1" height="1" fill="rgb(147,147,147)" stroke-width="0" stroke="rgb(147,147,147)" />
<rect x="13" y="12" width="1" height="1" fill="rgb(215,215,215)" stroke-width="0" stroke="rgb(215,215,215)" />
<rect x="13" y="11" width="1" height="1" fill="rgb(222,222,222)" stroke-width="0" stroke="rgb(222,222,222)" />
<rect x="13" y="10" width="1" height="1" fill="rgb(126,126,126)" stroke-width="0" stroke="rgb(126,126,126)" />
<rect x="13" y="9" width="1" height="1" fill="rgb(110,110,110)" stroke-width="0" stroke="rgb(110,110,110)" />
<rect x="13" y="8" width="1" height="1" fill="rgb(102,102,102)" stroke-width="0" stroke="rgb(102,102,102)" />
<rect x="13" y="7" width="1" height="1" fill="rgb(99,99,99)" stroke-width="0" stroke="rgb(99,99,99)" />
<rect x="13" y="6" width="1" height="1" fill="rgb(102,102,102)" stroke-width="0" stroke="rgb(102,102,102)" />
<rect x="13" y="5" width="1" height="1" fill="rgb(189,189,189)" stroke-width="0" stroke="rgb(189,189,189)" />
<rect x="13" y="4" width="1" height="1" fill="rgb(164,164,164)" stroke-width="0" stroke="rgb(164,164,164)" />
<rect x="13" y="3" width="1" height="1" fill="rgb(164,164,164)" stroke-width="0" stroke="rgb(164,164,164)" />
<rect x="13" y="2" width="1" height="1" fill="rgb(131,131,131)" stroke-width="0" stroke="rgb(131,131,131)" />
<rect x="14" y="17" width="1" height="1" fill="rgb(162,162,162)" stroke-width="0" stroke="rgb(162,162,162)" />
<rect x="14" y="16" width="1" height="1" fill="rgb(159,159,159)" stroke-width="0" stroke="rgb(159,159,159)" />
<rect x="14" y="15" width="1" height="1" fill="rgb(141,141,141)" stroke-width="0" stroke="rgb(141,141,141)" />
<rect x="14" y="14" width="1" height="1" fill="rgb(133,133,133)" stroke-width="0" stroke="rgb(133,133,133)" />
<rect x="14" y="13" width="1" height="1" fill="rgb(141,141,141)" stroke-width="0" stroke="rgb(141,141,141)" />
<rect x="14" y="12" width="1" height="1" fill="rgb(215,215,215)" stroke-width="0" stroke="rgb(215,215,215)" />
<rect x="14" y="11" width="1" height="1" fill="rgb(219,219,219)" stroke-width="0" stroke="rgb(219,219,219)" />
<rect x="14" y="10" width="1" height="1" fill="rgb(113,113,113)" stroke-width="0" stroke="rgb(113,113,113)" />
<rect x="14" y="9" width="1" height="1" fill="rgb(110,110,110)" stroke-width="0" stroke="rgb(110,110,110)" />
<rect x="14" y="8" width="1" height="1" fill="rgb(99,99,99)" stroke-width="0" stroke="rgb(99,99,99)" />
<rect x="14" y="7" width="1" height="1" fill="rgb(97,97,97)" stroke-width="0" stroke="rgb(97,97,97)" />
<rect x="14" y="6" width="1" height="1" fill="rgb(100,100,100)" stroke-width="0" stroke="rgb(100,100,100)" />
<rect x="14" y="5" width="1" height="1" fill="rgb(111,111,111)" stroke-width="0" stroke="rgb(111,111,111)" />
<rect x="14" y="4" width="1" height="1" fill="rgb(111,111,111)" stroke-width="0" stroke="rgb(111,111,111)" />
<rect x="14" y="3" width="1" height="1" fill="rgb(118,118,118)" stroke-width="0" stroke="rgb(118,118,118)" />
<rect x="14" y="2" width="1" height="1" fill="rgb(131,131,131)" stroke-width="0" stroke="rgb(131,131,131)" />
<rect x="15" y="17" width="1" height="1" fill="rgb(167,167,167)" stroke-width="0" stroke="rgb(167,167,167)" />
<rect x="15" y="16" width="1" height="1" fill="rgb(159,159,159)" stroke-width="0" stroke="rgb(159,159,159)" />
<rect x="15" y="15" width="1" height="1" fill="rgb(137,137,137)" stroke-width="0" stroke="rgb(137,137,137)" />
<rect x="15" y="14" width="1" height="1" fill="rgb(141,141,141)" stroke-width="0" stroke="rgb(141,141,141)" />
<rect x="15" y="13" width="1" height="1" fill="rgb(209,209,209)" stroke-width="0" stroke="rgb(209,209,209)" />
<rect x="15" y="12" width="1" height="1" fill="rgb(215,215,215)" stroke-width="0" stroke="rgb(215,215,215)" />
<rect x="15" y="11" width="1" height="1" fill="rgb(216,216,216)" stroke-width="0" stroke="rgb(216,216,216)" />
<rect x="15" y="10" width="1" height="1" fill="rgb(221,221,221)" stroke-width="0" stroke="rgb(221,221,221)" />
<rect x="15" y="9" width="1" height="1" fill="rgb(100,100,100)" stroke-width="0" stroke="rgb(100,100,100)" />
<rect x="15" y="8" width="1" height="1" fill="rgb(92,92,92)" stroke-width="0" stroke="rgb(92,92,92)" />
<rect x="15" y="7" width="1" height="1" fill="rgb(86,86,86)" stroke-width="0" stroke="rgb(86,86,86)" />
<rect x="15" y="6" width="1" height="1" fill="rgb(86,86,86)" stroke-width="0" stroke="rgb(86,86,86)" />
<rect x="15" y="5" width="1" height="1" fill="rgb(104,104,104)" stroke-width="0" stroke="rgb(104,104,104)" />
<rect x="15" y="4" width="1" height="1" fill="rgb(102,102,102)" stroke-width="0" stroke="rgb(102,102,102)" />
<rect x="15" y="3" width="1" height="1" fill="rgb(107,107,107)" stroke-width="0" stroke="rgb(107,107,107)" />
<rect x="15" y="2" width="1" height="1" fill="rgb(122,122,122)" stroke-width="0" stroke="rgb(122,122,122)" />
<rect x="16" y="17" width="1" height="1" fill="rgb(166,166,166)" stroke-width="0" stroke="rgb(166,166,166)" />
<rect x="16" y="16" width="1" height="1" fill="rgb(159,159,159)" stroke-width="0" stroke="rgb(159,159,159)" />
<rect x="16" y="15" width="1" height="1" fill="rgb(148,148,148)" stroke-width="0" stroke="rgb(148,148,148)" />
<rect x="16" y="14" width="1" height="1" fill="rgb(137,137,137)" stroke-width="0" stroke="rgb(137,137,137)" />
<rect x="16" y="13" width="1" height="1" fill="rgb(209,209,209)" stroke-width="0" stroke="rgb(209,209,209)" />
<rect x="16" y="12" width="1" height="1" fill="rgb(212,212,212)" stroke-width="0" stroke="rgb(212,212,212)" />
<rect x="16" y="11" width="1" height="1" fill="rgb(214,214,214)" stroke-width="0" stroke="rgb(214,214,214)" />
<rect x="16" y="10" width="1" height="1" fill="rgb(218,218,218)" stroke-width="0" stroke="rgb(218,218,218)" />
<rect x="16" y="9" width="1" height="1" fill="rgb(92,92,92)" stroke-width="0" stroke="rgb(92,92,92)" />
<rect x="16" y="8" width="1" height="1" fill="rgb(81,81,81)" stroke-width="0" stroke="rgb(81,81,81)" />
<rect x="16" y="7" width="1" height="1" fill="rgb(81,81,81)" stroke-width="0" stroke="rgb(81,81,81)" />
<rect x="16" y="6" width="1" height="1" fill="rgb(79,79,79)" stroke-width="0" stroke="rgb(79,79,79)" />
<rect x="16" y="5" width="1" height="1" fill="rgb(89,89,89)" stroke-width="0" stroke="rgb(89,89,89)" />
<rect x="16" y="4" width="1" height="1" fill="rgb(89,89,89)" stroke-width="0" stroke="rgb(89,89,89)" />
<rect x="16" y="3" width="1" height="1" fill="rgb(96,96,96)" stroke-width="0" stroke="rgb(96,96,96)" />
<rect x="16" y="2" width="1" height="1" fill="rgb(103,103,103)" stroke-width="0" stroke="rgb(103,103,103)" />
<rect x="17" y="17" width="1" height="1" fill="rgb(167,167,167)" stroke-width="0" stroke="rgb(167,167,167)" />
<rect x="17" y="16" width="1" height="1" fill="rgb(154,154,154)" stroke-width="0" stroke="rgb(154,154,154)" />
<rect x="17" y="15" width="1" height="1" fill="rgb(145,145,145)" stroke-width="0" stroke="rgb(145,145,145)" />
<rect x="17" y="14" width="1" height="1" fill="rgb(193,193,193)" stroke-width="0" stroke="rgb(193,193,193)" />
<rect x="17" y="13" width="1" height="1" fill="rgb(202,202,202)" stroke-width="0" stroke="rgb(202,202,202)" />
<rect x="17" y="12" width="1" height="1" fill="rgb(203,203,203)" stroke-width="0" stroke="rgb(203,203,203)" />
<rect x="17" y="11" width="1" height="1" fill="rgb(211,211,211)" stroke-width="0" stroke="rgb(211,211,211)" />
<rect x="17" y="10" width="1" height="1" fill="rgb(218,218,218)" stroke-width="0" stroke="rgb(218,218,218)" />
<rect x="17" y="9" width="1" height="1" fill="rgb(78,78,78)" stroke-width="0" stroke="rgb(78,78,78)" />
<rect x="17" y="8" width="1" height="1" fill="rgb(73,73,73)" stroke-width="0" stroke="rgb(73,73,73)" />
<rect x="17" y="7" width="1" height="1" fill="rgb(74,74,74)" stroke-width="0" stroke="rgb(74,74,74)" />
<rect x="17" y="6" width="1" height="1" fill="rgb(74,74,74)" stroke-width="0" stroke="rgb(74,74,74)" />
<rect x="17" y="5" width="1" height="1" fill="rgb(77,77,77)" stroke-width="0" stroke="rgb(77,77,77)" />
<rect x="17" y="4" width="1" height="1" fill="rgb(87,87,87)" stroke-width="0" stroke="rgb(87,87,87)" />
<rect x="17" y="3" width="1" height="1" fill="rgb(88,88,88)" stroke-width="0" stroke="rgb(88,88,88)" />
<rect x="17" y="2" width="1" height="1" fill="rgb(97,97,97)" stroke-width="0" stroke="rgb(97,97,97)" />
<rect x="17" y="1" width="1" height="1" fill="rgb(114,114,114)" stroke-width="0" stroke="rgb(114,114,114)" />
<rect x="18" y="17" width="1" height="1" fill="rgb(167,167,167)" stroke-width="0" stroke="rgb(167,167,167)" />
<rect x="18" y="16" width="1" height="1" fill="rgb(154,154,154)" stroke-width="0" stroke="rgb(154,154,154)" />
<rect x="18" y="15" width="1" height="1" fill="rgb(191,191,191)" stroke-width="0" stroke="rgb(191,191,191)" />
<rect x="18" y="14" width="1" height="1" fill="rgb(190,190,190)" stroke-width="0" stroke="rgb(190,190,190)" />
<rect x="18" y="13" width="1" height="1" fill="rgb(189,189,189)" stroke-width="0" stroke="rgb(189,189,189)" />
<rect x="18" y="12" width="1" height="1" fill="rgb(197,197,197)" stroke-width="0" stroke="rgb(197,197,197)" />
<rect x="18" y="11" width="1" height="1" fill="rgb(210,210,210)" stroke-width="0" stroke="rgb(210,210,210)" />
<rect x="18" y="10" width="1" height="1" fill="rgb(96,96,96)" stroke-width="0" stroke="rgb(96,96,96)" />
<rect x="18" y="9" width="1" height="1" fill="rgb(71,71,71)" stroke-width="0" stroke="rgb(71,71,71)" />
<rect x="18" y="8" width="1" height="1" fill="rgb(63,63,63)" stroke-width="0" stroke="rgb(63,63,63)" />
<rect x="18" y="7" width="1" height="1" fill="rgb(70,70,70)" stroke-width="0" stroke="rgb(70,70,70)" />
<rect x="18" y="6" width="1" height="1" fill="rgb(70,70,70)" stroke-width="0" stroke="rgb(70,70,70)" />
<rect x="18" y="5" width="1" height="1" fill="rgb(79,79,79)" stroke-width="0" stroke="rgb(79,79,79)" />
<rect x="18" y="4" width="1" height="1" fill="rgb(88,88,88)" stroke-width="0" stroke="rgb(88,88,88)" />
<rect x="18" y="3" width="1" height="1" fill="rgb(88,88,88)" stroke-width="0" stroke="rgb(88,88,88)" />
<rect x="18" y="2" width="1" height="1" fill="rgb(94,94,94)" stroke-width="0" stroke="rgb(94,94,94)" />
<rect x="18" y="1" width="1" height="1" fill="rgb(118,118,118)" stroke-width="0" stroke="rgb(118,118,118)" />
<rect x="19" y="17" width="1" height="1" fill="rgb(167,167,167)" stroke-width="0" stroke="rgb(167,167,167)" />
<rect x="19" y="16" width="1" height="1" fill="rgb(168,168,168)" stroke-width="0" stroke="rgb(168,168,168)" />
<rect x="19" y="15" width="1" height="1" fill="rgb(186,186,186)" stroke-width="0" stroke="rgb(186,186,186)" />
<rect x="19" y="14" width="1" height="1" fill="rgb(193,193,193)" stroke-width="0" stroke="rgb(193,193,193)" />
<rect x="19" y="13" width="1" height="1" fill="rgb(193,193,193)" stroke-width="0" stroke="rgb(193,193,193)" />
<rect x="19" y="12" width="1" height="1" fill="rgb(193,193,193)" stroke-width="0" stroke="rgb(193,193,193)" />
<rect x="19" y="11" width="1" height="1" fill="rgb(204,204,204)" stroke-width="0" stroke="rgb(204,204,204)" />
<rect x="19" y="10" width="1" height="1" fill="rgb(209,209,209)" stroke-width="0" stroke="rgb(209,209,209)" />
<rect x="19" y="9" width="1" height="1" fill="rgb(210,210,210)" stroke-width="0" stroke="rgb(210,210,210)" />
<rect x="19" y="8" width="1" height="1" fill="rgb(57,57,57)" stroke-width="0" stroke="rgb(57,57,57)" />
<rect x="19" y="7" width="1" height="1" fill="rgb(55,55,55)" stroke-width="0" stroke="rgb(55,55,55)" />
<rect x="19" y="6" width="1" height="1" fill="rgb(60,60,60)" stroke-width="0" stroke="rgb(60,60,60)" />
<rect x="19" y="5" width="1" height="1" fill="rgb(78,78,78)" stroke-width="0" stroke="rgb(78,78,78)" />
<rect x="19" y="4" width="1" height="1" fill="rgb(88,88,88)" stroke-width="0" stroke="rgb(88,88,88)" />
<rect x="19" y="3" width="1" height="1" fill="rgb(88,88,88)" stroke-width="0" stroke="rgb(88,88,88)" />
<rect x="19" y="2" width="1" height="1" fill="rgb(95,95,95)" stroke-width="0" stroke="rgb(95,95,95)" />
<rect x="19" y="1" width="1" height="1" fill="rgb(122,122,122)" stroke-width="0" stroke="rgb(122,122,122)" />
<rect x="20" y="17" width="1" height="1" fill="rgb(168,168,168)" stroke-width="0" stroke="rgb(168,168,168)" />
<rect x="20" y="16" width="1" height="1" fill="rgb(173,173,173)" stroke-width="0" stroke="rgb(173,173,173)" />
<rect x="20" y="15" width="1" height="1" fill="rgb(186,186,186)" stroke-width="0" stroke="rgb(186,186,186)" />
<rect x="20" y="14" width="1" height="1" fill="rgb(193,193,193)" stroke-width="0" stroke="rgb(193,193,193)" />
<rect x="20" y="13" width="1" height="1" fill="rgb(194,194,194)" stroke-width="0" stroke="rgb(194,194,194)" />
<rect x="20" y="12" width="1" height="1" fill="rgb(193,193,193)" stroke-width="0" stroke="rgb(193,193,193)" />
<rect x="20" y="11" width="1" height="1" fill="rgb(206,206,206)" stroke-width="0" stroke="rgb(206,206,206)" />
<rect x="20" y="10" width="1" height="1" fill="rgb(209,209,209)" stroke-width="0" stroke="rgb(209,209,209)" />
<rect x="20" y="9" width="1" height="1" fill="rgb(210,210,210)" stroke-width="0" stroke="rgb(210,210,210)" />
<rect x="20" y="8" width="1" height="1" fill="rgb(56,56,56)" stroke-width="0" stroke="rgb(56,56,56)" />
<rect x="20" y="7" width="1" height="1" fill="rgb(56,56,56)" stroke-width="0" stroke="rgb(56,56,56)" />
<rect x="20" y="6" width="1" height="1" fill="rgb(57,57,57)" stroke-width="0" stroke="rgb(57,57,57)" />
<rect x="20" y="5" width="1" height="1" fill="rgb(167,167,167)" stroke-width="0" stroke="rgb(167,167,167)" />
<rect x="20" y="4" width="1" height="1" fill="rgb(81,81,81)" stroke-width="0" stroke="rgb(81,81,81)" />
<rect x="20" y="3" width="1" height="1" fill="rgb(85,85,85)" stroke-width="0" stroke="rgb(85,85,85)" />
<rect x="20" y="2" width="1" height="1" fill="rgb(94,94,94)" stroke-width="0" stroke="rgb(94,94,94)" />
<rect x="20" y="1" width="1" height="1" fill="rgb(126,126,126)" stroke-width="0" stroke="rgb(126,126,126)" />
<rect x="21" y="17" width="1" height="1" fill="rgb(167,167,167)" stroke-width="0" stroke="rgb(167,167,167)" />
<rect x="21" y="16" width="1" height="1" fill="rgb(170,170,170)" stroke-width="0" stroke="rgb(170,170,170)" />
<rect x="21" y="15" width="1" height="1" fill="rgb(186,186,186)" stroke-width="0" stroke="rgb(186,186,186)" />
<rect x="21" y="14" width="1" height="1" fill="rgb(189,189,189)" stroke-width="0" stroke="rgb(189,189,189)" />
<rect x="21" y="13" width="1" height="1" fill="rgb(193,193,193)" stroke-width="0" stroke="rgb(193,193,193)" />
<rect x="21" y="12" width="1" height="1" fill="rgb(197,197,197)" stroke-width="0" stroke="rgb(197,197,197)" />
<rect x="21" y="11" width="1" height="1" fill="rgb(195,195,195)" stroke-width="0" stroke="rgb(195,195,195)" />
<rect x="21" y="10" width="1" height="1" fill="rgb(197,197,197)" stroke-width="0" stroke="rgb(197,197,197)" />
<rect x="21" y="9" width="1" height="1" fill="rgb(208,208,208)" stroke-width="0" stroke="rgb(208,208,208)" />
<rect x="21" y="8" width="1" height="1" fill="rgb(46,46,46)" stroke-width="0" stroke="rgb(46,46,46)" />
<rect x="21" y="7" width="1" height="1" fill="rgb(51,51,51)" stroke-width="0" stroke="rgb(51,51,51)" />
<rect x="21" y="6" width="1" height="1" fill="rgb(51,51,51)" stroke-width="0" stroke="rgb(51,51,51)" />
<rect x="21" y="5" width="1" height="1" fill="rgb(55,55,55)" stroke-width="0" stroke="rgb(55,55,55)" />
<rect x="21" y="4" width="1" height="1" fill="rgb(145,145,145)" stroke-width="0" stroke="rgb(145,145,145)" />
<rect x="21" y="3" width="1" height="1" fill="rgb(132,132,132)" stroke-width="0" stroke="rgb(132,132,132)" />
<rect x="21" y="2" width="1" height="1" fill="rgb(122,122,122)" stroke-width="0" stroke="rgb(122,122,122)" />
<rect x="22" y="17" width="1" height="1" fill="rgb(163,163,163)" stroke-width="0" stroke="rgb(163,163,163)" />
<rect x="22" y="16" width="1" height="1" fill="rgb(170,170,170)" stroke-width="0" stroke="rgb(170,170,170)" />
<rect x="22" y="15" width="1" height="1" fill="rgb(186,186,186)" stroke-width="0" stroke="rgb(186,186,186)" />
<rect x="22" y="14" width="1" height="1" fill="rgb(188,188,188)" stroke-width="0" stroke="rgb(188,188,188)" />
<rect x="22" y="13" width="1" height="1" fill="rgb(193,193,193)" stroke-width="0" stroke="rgb(193,193,193)" />
<rect x="22" y="12" width="1" height="1" fill="rgb(191,191,191)" stroke-width="0" stroke="rgb(191,191,191)" />
<rect x="22" y="11" width="1" height="1" fill="rgb(193,193,193)" stroke-width="0" stroke="rgb(193,193,193)" />
<rect x="22" y="10" width="1" height="1" fill="rgb(193,193,193)" stroke-width="0" stroke="rgb(193,193,193)" />
<rect x="22" y="9" width="1" height="1" fill="rgb(65,65,65)" stroke-width="0" stroke="rgb(65,65,65)" />
<rect x="22" y="8" width="1" height="1" fill="rgb(67,67,67)" stroke-width="0" stroke="rgb(67,67,67)" />
<rect x="22" y="7" width="1" height="1" fill="rgb(51,51,51)" stroke-width="0" stroke="rgb(51,51,51)" />
<rect x="22" y="6" width="1" height="1" fill="rgb(40,40,40)" stroke-width="0" stroke="rgb(40,40,40)" />
<rect x="22" y="5" width="1" height="1" fill="rgb(193,193,193)" stroke-width="0" stroke="rgb(193,193,193)" />
<rect x="22" y="4" width="1" height="1" fill="rgb(127,127,127)" stroke-width="0" stroke="rgb(127,127,127)" />
<rect x="22" y="3" width="1" height="1" fill="rgb(127,127,127)" stroke-width="0" stroke="rgb(127,127,127)" />
<rect x="22" y="2" width="1" height="1" fill="rgb(111,111,111)" stroke-width="0" stroke="rgb(111,111,111)" />
<rect x="23" y="17" width="1" height="1" fill="rgb(163,163,163)" stroke-width="0" stroke="rgb(163,163,163)" />
<rect x="23" y="16" width="1" height="1" fill="rgb(163,163,163)" stroke-width="0" stroke="rgb(163,163,163)" />
<rect x="23" y="15" width="1" height="1" fill="rgb(115,115,115)" stroke-width="0" stroke="rgb(115,115,115)" />
<rect x="23" y="14" width="1" height="1" fill="rgb(112,112,112)" stroke-width="0" stroke="rgb(112,112,112)" />
<rect x="23" y="13" width="1" height="1" fill="rgb(100,100,100)" stroke-width="0" stroke="rgb(100,100,100)" />
<rect x="23" y="12" width="1" height="1" fill="rgb(79,79,79)" stroke-width="0" stroke="rgb(79,79,79)" />
<rect x="23" y="11" width="1" height="1" fill="rgb(67,67,67)" stroke-width="0" stroke="rgb(67,67,67)" />
<rect x="23" y="10" width="1" height="1" fill="rgb(65,65,65)" stroke-width="0" stroke="rgb(65,65,65)" />
<rect x="23" y="9" width="1" height="1" fill="rgb(65,65,65)" stroke-width="0" stroke="rgb(65,65,65)" />
<rect x="23" y="8" width="1" height="1" fill="rgb(62,62,62)" stroke-width="0" stroke="rgb(62,62,62)" />
<rect x="23" y="7" width="1" height="1" fill="rgb(51,51,51)" stroke-width="0" stroke="rgb(51,51,51)" />
<rect x="23" y="6" width="1" height="1" fill="rgb(39,39,39)" stroke-width="0" stroke="rgb(39,39,39)" />
<rect x="23" y="5" width="1" height="1" fill="rgb(182,182,182)" stroke-width="0" stroke="rgb(182,182,182)" />
<rect x="23" y="4" width="1" height="1" fill="rgb(126,126,126)" stroke-width="0" stroke="rgb(126,126,126)" />
<rect x="23" y="3" width="1" height="1" fill="rgb(116,116,116)" stroke-width="0" stroke="rgb(116,116,116)" />
<rect x="23" y="2" width="1" height="1" fill="rgb(111,111,111)" stroke-width="0" stroke="rgb(111,111,111)" />
<rect x="24" y="16" width="1" height="1" fill="rgb(141,141,141)" stroke-width="0" stroke="rgb(141,141,141)" />
<rect x="24" y="15" width="1" height="1" fill="rgb(126,126,126)" stroke-width="0" stroke="rgb(126,126,126)" />
<rect x="24" y="14" width="1" height="1" fill="rgb(111,111,111)" stroke-width="0" stroke="rgb(111,111,111)" />
<rect x="24" y="13" width="1" height="1" fill="rgb(99,99,99)" stroke-width="0" stroke="rgb(99,99,99)" />
<rect x="24" y="12" width="1" height="1" fill="rgb(183,183,183)" stroke-width="0" stroke="rgb(183,183,183)" />
<rect x="24" y="11" width="1" height="1" fill="rgb(50,50,50)" stroke-width="0" stroke="rgb(50,50,50)" />
<rect x="24" y="10" width="1" height="1" fill="rgb(50,50,50)" stroke-width="0" stroke="rgb(50,50,50)" />
<rect x="24" y="9" width="1" height="1" fill="rgb(60,60,60)" stroke-width="0" stroke="rgb(60,60,60)" />
<rect x="24" y="8" width="1" height="1" fill="rgb(51,51,51)" stroke-width="0" stroke="rgb(51,51,51)" />
<rect x="24" y="7" width="1" height="1" fill="rgb(190,190,190)" stroke-width="0" stroke="rgb(190,190,190)" />
<rect x="24" y="6" width="1" height="1" fill="rgb(33,33,33)" stroke-width="0" stroke="rgb(33,33,33)" />
<rect x="24" y="5" width="1" height="1" fill="rgb(178,178,178)" stroke-width="0" stroke="rgb(178,178,178)" />
<rect x="24" y="4" width="1" height="1" fill="rgb(133,133,133)" stroke-width="0" stroke="rgb(133,133,133)" />
<rect x="24" y="3" width="1" height="1" fill="rgb(118,118,118)" stroke-width="0" stroke="rgb(118,118,118)" />
<rect x="24" y="2" width="1" height="1" fill="rgb(118,118,118)" stroke-width="0" stroke="rgb(118,118,118)" />
<rect x="24" y="1" width="1" height="1" fill="rgb(114,114,114)" stroke-width="0" stroke="rgb(114,114,114)" />
<rect x="25" y="15" width="1" height="1" fill="rgb(129,129,129)" stroke-width="0" stroke="rgb(129,129,129)" />
<rect x="25" y="14" width="1" height="1" fill="rgb(107,107,107)" stroke-width="0" stroke="rgb(107,107,107)" />
<rect x="25" y="13" width="1" height="1" fill="rgb(97,97,97)" stroke-width="0" stroke="rgb(97,97,97)" />
<rect x="25" y="12" width="1" height="1" fill="rgb(183,183,183)" stroke-width="0" stroke="rgb(183,183,183)" />
<rect x="25" y="11" width="1" height="1" fill="rgb(66,66,66)" stroke-width="0" stroke="rgb(66,66,66)" />
<rect x="25" y="10" width="1" height="1" fill="rgb(66,66,66)" stroke-width="0" stroke="rgb(66,66,66)" />
<rect x="25" y="9" width="1" height="1" fill="rgb(32,32,32)" stroke-width="0" stroke="rgb(32,32,32)" />
<rect x="25" y="8" width="1" height="1" fill="rgb(24,24,24)" stroke-width="0" stroke="rgb(24,24,24)" />
<rect x="25" y="7" width="1" height="1" fill="rgb(185,185,185)" stroke-width="0" stroke="rgb(185,185,185)" />
<rect x="25" y="6" width="1" height="1" fill="rgb(184,184,184)" stroke-width="0" stroke="rgb(184,184,184)" />
<rect x="25" y="5" width="1" height="1" fill="rgb(178,178,178)" stroke-width="0" stroke="rgb(178,178,178)" />
<rect x="25" y="4" width="1" height="1" fill="rgb(171,171,171)" stroke-width="0" stroke="rgb(171,171,171)" />
<rect x="25" y="3" width="1" height="1" fill="rgb(118,118,118)" stroke-width="0" stroke="rgb(118,118,118)" />
<rect x="25" y="2" width="1" height="1" fill="rgb(114,114,114)" stroke-width="0" stroke="rgb(114,114,114)" />
<rect x="25" y="1" width="1" height="1" fill="rgb(107,107,107)" stroke-width="0" stroke="rgb(107,107,107)" />
<rect x="26" y="15" width="1" height="1" fill="rgb(133,133,133)" stroke-width="0" stroke="rgb(133,133,133)" />
<rect x="26" y="14" width="1" height="1" fill="rgb(107,107,107)" stroke-width="0" stroke="rgb(107,107,107)" />
<rect x="26" y="13" width="1" height="1" fill="rgb(97,97,97)" stroke-width="0" stroke="rgb(97,97,97)" />
<rect x="26" y="12" width="1" height="1" fill="rgb(178,178,178)" stroke-width="0" stroke="rgb(178,178,178)" />
<rect x="26" y="11" width="1" height="1" fill="rgb(66,66,66)" stroke-width="0" stroke="rgb(66,66,66)" />
<rect x="26" y="10" width="1" height="1" fill="rgb(66,66,66)" stroke-width="0" stroke="rgb(66,66,66)" />
<rect x="26" y="9" width="1" height="1" fill="rgb(51,51,51)" stroke-width="0" stroke="rgb(51,51,51)" />
<rect x="26" y="8" width="1" height="1" fill="rgb(26,26,26)" stroke-width="0" stroke="rgb(26,26,26)" />
<rect x="26" y="7" width="1" height="1" fill="rgb(26,26,26)" stroke-width="0" stroke="rgb(26,26,26)" />
<rect x="26" y="6" width="1" height="1" fill="rgb(181,181,181)" stroke-width="0" stroke="rgb(181,181,181)" />
<rect x="26" y="5" width="1" height="1" fill="rgb(171,171,171)" stroke-width="0" stroke="rgb(171,171,171)" />
<rect x="26" y="4" width="1" height="1" fill="rgb(166,166,166)" stroke-width="0" stroke="rgb(166,166,166)" />
<rect x="26" y="3" width="1" height="1" fill="rgb(59,59,59)" stroke-width="0" stroke="rgb(59,59,59)" />
<rect x="26" y="2" width="1" height="1" fill="rgb(118,118,118)" stroke-width="0" stroke="rgb(118,118,118)" />
<rect x="26" y="1" width="1" height="1" fill="rgb(107,107,107)" stroke-width="0" stroke="rgb(107,107,107)" />
<rect x="27" y="15" width="1" height="1" fill="rgb(126,126,126)" stroke-width="0" stroke="rgb(126,126,126)" />
<rect x="27" y="14" width="1" height="1" fill="rgb(109,109,109)" stroke-width="0" stroke="rgb(109,109,109)" />
<rect x="27" y="13" width="1" height="1" fill="rgb(174,174,174)" stroke-width="0" stroke="rgb(174,174,174)" />
<rect x="27" y="12" width="1" height="1" fill="rgb(176,176,176)" stroke-width="0" stroke="rgb(176,176,176)" />
<rect x="27" y="11" width="1" height="1" fill="rgb(71,71,71)" stroke-width="0" stroke="rgb(71,71,71)" />
<rect x="27" y="10" width="1" height="1" fill="rgb(58,58,58)" stroke-width="0" stroke="rgb(58,58,58)" />
<rect x="27" y="9" width="1" height="1" fill="rgb(51,51,51)" stroke-width="0" stroke="rgb(51,51,51)" />
<rect x="27" y="8" width="1" height="1" fill="rgb(32,32,32)" stroke-width="0" stroke="rgb(32,32,32)" />
<rect x="27" y="7" width="1" height="1" fill="rgb(32,32,32)" stroke-width="0" stroke="rgb(32,32,32)" />
<rect x="27" y="6" width="1" height="1" fill="rgb(179,179,179)" stroke-width="0" stroke="rgb(179,179,179)" />
<rect x="27" y="5" width="1" height="1" fill="rgb(156,156,156)" stroke-width="0" stroke="rgb(156,156,156)" />
<rect x="27" y="4" width="1" height="1" fill="rgb(156,156,156)" stroke-width="0" stroke="rgb(156,156,156)" />
<rect x="27" y="3" width="1" height="1" fill="rgb(51,51,51)" stroke-width="0" stroke="rgb(51,51,51)" />
<rect x="27" y="2" width="1" height="1" fill="rgb(118,118,118)" stroke-width="0" stroke="rgb(118,118,118)" />
<rect x="27" y="1" width="1" height="1" fill="rgb(95,95,95)" stroke-width="0" stroke="rgb(95,95,95)" />
<rect x="28" y="15" width="1" height="1" fill="rgb(126,126,126)" stroke-width="0" stroke="rgb(126,126,126)" />
<rect x="28" y="14" width="1" height="1" fill="rgb(163,163,163)" stroke-width="0" stroke="rgb(163,163,163)" />
<rect x="28" y="13" width="1" height="1" fill="rgb(173,173,173)" stroke-width="0" stroke="rgb(173,173,173)" />
<rect x="28" y="12" width="1" height="1" fill="rgb(77,77,77)" stroke-width="0" stroke="rgb(77,77,77)" />
<rect x="28" y="11" width="1" height="1" fill="rgb(68,68,68)" stroke-width="0" stroke="rgb(68,68,68)" />
<rect x="28" y="10" width="1" height="1" fill="rgb(58,58,58)" stroke-width="0" stroke="rgb(58,58,58)" />
<rect x="28" y="9" width="1" height="1" fill="rgb(51,51,51)" stroke-width="0" stroke="rgb(51,51,51)" />
<rect x="28" y="8" width="1" height="1" fill="rgb(29,29,29)" stroke-width="0" stroke="rgb(29,29,29)" />
<rect x="28" y="7" width="1" height="1" fill="rgb(177,177,177)" stroke-width="0" stroke="rgb(177,177,177)" />
<rect x="28" y="6" width="1" height="1" fill="rgb(181,181,181)" stroke-width="0" stroke="rgb(181,181,181)" />
<rect x="28" y="5" width="1" height="1" fill="rgb(147,147,147)" stroke-width="0" stroke="rgb(147,147,147)" />
<rect x="28" y="4" width="1" height="1" fill="rgb(147,147,147)" stroke-width="0" stroke="rgb(147,147,147)" />
<rect x="28" y="3" width="1" height="1" fill="rgb(141,141,141)" stroke-width="0" stroke="rgb(141,141,141)" />
<rect x="28" y="2" width="1" height="1" fill="rgb(77,77,77)" stroke-width="0" stroke="rgb(77,77,77)" />
<rect x="28" y="1" width="1" height="1" fill="rgb(74,74,74)" stroke-width="0" stroke="rgb(74,74,74)" />
<rect x="29" y="15" width="1" height="1" fill="rgb(122,122,122)" stroke-width="0" stroke="rgb(122,122,122)" />
<rect x="29" y="14" width="1" height="1" fill="rgb(167,167,167)" stroke-width="0" stroke="rgb(167,167,167)" />
<rect x="29" y="13" width="1" height="1" fill="rgb(171,171,171)" stroke-width="0" stroke="rgb(171,171,171)" />
<rect x="29" y="12" width="1" height="1" fill="rgb(176,176,176)" stroke-width="0" stroke="rgb(176,176,176)" />
<rect x="29" y="11" width="1" height="1" fill="rgb(77,77,77)" stroke-width="0" stroke="rgb(77,77,77)" />
<rect x="29" y="10" width="1" height="1" fill="rgb(66,66,66)" stroke-width="0" stroke="rgb(66,66,66)" />
<rect x="29" y="9" width="1" height="1" fill="rgb(38,38,38)" stroke-width="0" stroke="rgb(38,38,38)" />
<rect x="29" y="8" width="1" height="1" fill="rgb(24,24,24)" stroke-width="0" stroke="rgb(24,24,24)" />
<rect x="29" y="7" width="1" height="1" fill="rgb(174,174,174)" stroke-width="0" stroke="rgb(174,174,174)" />
<rect x="29" y="6" width="1" height="1" fill="rgb(165,165,165)" stroke-width="0" stroke="rgb(165,165,165)" />
<rect x="29" y="5" width="1" height="1" fill="rgb(148,148,148)" stroke-width="0" stroke="rgb(148,148,148)" />
<rect x="29" y="4" width="1" height="1" fill="rgb(148,148,148)" stroke-width="0" stroke="rgb(148,148,148)" />
<rect x="29" y="3" width="1" height="1" fill="rgb(140,140,140)" stroke-width="0" stroke="rgb(140,140,140)" />
<rect x="29" y="2" width="1" height="1" fill="rgb(88,88,88)" stroke-width="0" stroke="rgb(88,88,88)" />
<rect x="30" y="15" width="1" height="1" fill="rgb(137,137,137)" stroke-width="0" stroke="rgb(137,137,137)" />
<rect x="30" y="14" width="1" height="1" fill="rgb(159,159,159)" stroke-width="0" stroke="rgb(159,159,159)" />
<rect x="30" y="13" width="1" height="1" fill="rgb(167,167,167)" stroke-width="0" stroke="rgb(167,167,167)" />
<rect x="30" y="12" width="1" height="1" fill="rgb(176,176,176)" stroke-width="0" stroke="rgb(176,176,176)" />
<rect x="30" y="11" width="1" height="1" fill="rgb(66,66,66)" stroke-width="0" stroke="rgb(66,66,66)" />
<rect x="30" y="10" width="1" height="1" fill="rgb(59,59,59)" stroke-width="0" stroke="rgb(59,59,59)" />
<rect x="30" y="9" width="1" height="1" fill="rgb(36,36,36)" stroke-width="0" stroke="rgb(36,36,36)" />
<rect x="30" y="8" width="1" height="1" fill="rgb(178,178,178)" stroke-width="0" stroke="rgb(178,178,178)" />
<rect x="30" y="7" width="1" height="1" fill="rgb(174,174,174)" stroke-width="0" stroke="rgb(174,174,174)" />
<rect x="30" y="6" width="1" height="1" fill="rgb(168,168,168)" stroke-width="0" stroke="rgb(168,168,168)" />
<rect x="30" y="5" width="1" height="1" fill="rgb(156,156,156)" stroke-width="0" stroke="rgb(156,156,156)" />
<rect x="30" y="4" width="1" height="1" fill="rgb(137,137,137)" stroke-width="0" stroke="rgb(137,137,137)" />
<rect x="30" y="3" width="1" height="1" fill="rgb(133,133,133)" stroke-width="0" stroke="rgb(133,133,133)" />
<rect x="30" y="2" width="1" height="1" fill="rgb(88,88,88)" stroke-width="0" stroke="rgb(88,88,88)" />
<rect x="31" y="15" width="1" height="1" fill="rgb(141,141,141)" stroke-width="0" stroke="rgb(141,141,141)" />
<rect x="31" y="14" width="1" height="1" fill="rgb(141,141,141)" stroke-width="0" stroke="rgb(141,141,141)" />
<rect x="31" y="13" width="1" height="1" fill="rgb(107,107,107)" stroke-width="0" stroke="rgb(107,107,107)" />
<rect x="31" y="12" width="1" height="1" fill="rgb(176,176,176)" stroke-width="0" stroke="rgb(176,176,176)" />
<rect x="31" y="11" width="1" height="1" fill="rgb(44,44,44)" stroke-width="0" stroke="rgb(44,44,44)" />
<rect x="31" y="10" width="1" height="1" fill="rgb(32,32,32)" stroke-width="0" stroke="rgb(32,32,32)" />
<rect x="31" y="9" width="1" height="1" fill="rgb(31,31,31)" stroke-width="0" stroke="rgb(31,31,31)" />
<rect x="31" y="8" width="1" height="1" fill="rgb(25,25,25)" stroke-width="0" stroke="rgb(25,25,25)" />
<rect x="31" y="7" width="1" height="1" fill="rgb(166,166,166)" stroke-width="0" stroke="rgb(166,166,166)" />
<rect x="31" y="6" width="1" height="1" fill="rgb(156,156,156)" stroke-width="0" stroke="rgb(156,156,156)" />
<rect x="31" y="5" width="1" height="1" fill="rgb(146,146,146)" stroke-width="0" stroke="rgb(146,146,146)" />
<rect x="31" y="4" width="1" height="1" fill="rgb(49,49,49)" stroke-width="0" stroke="rgb(49,49,49)" />
<rect x="31" y="3" width="1" height="1" fill="rgb(108,108,108)" stroke-width="0" stroke="rgb(108,108,108)" />
<rect x="31" y="2" width="1" height="1" fill="rgb(81,81,81)" stroke-width="0" stroke="rgb(81,81,81)" />
<rect x="32" y="15" width="1" height="1" fill="rgb(133,133,133)" stroke-width="0" stroke="rgb(133,133,133)" />
<rect x="32" y="14" width="1" height="1" fill="rgb(144,144,144)" stroke-width="0" stroke="rgb(144,144,144)" />
<rect x="32" y="13" width="1" height="1" fill="rgb(111,111,111)" stroke-width="0" stroke="rgb(111,111,111)" />
<rect x="32" y="12" width="1" height="1" fill="rgb(77,77,77)" stroke-width="0" stroke="rgb(77,77,77)" />
<rect x="32" y="11" width="1" height="1" fill="rgb(35,35,35)" stroke-width="0" stroke="rgb(35,35,35)" />
<rect x="32" y="10" width="1" height="1" fill="rgb(33,33,33)" stroke-width="0" stroke="rgb(33,33,33)" />
<rect x="32" y="9" width="1" height="1" fill="rgb(28,28,28)" stroke-width="0" stroke="rgb(28,28,28)" />
<rect x="32" y="8" width="1" height="1" fill="rgb(28,28,28)" stroke-width="0" stroke="rgb(28,28,28)" />
<rect x="32" y="7" width="1" height="1" fill="rgb(161,161,161)" stroke-width="0" stroke="rgb(161,161,161)" />
<rect x="32" y="6" width="1" height="1" fill="rgb(152,152,152)" stroke-width="0" stroke="rgb(152,152,152)" />
<rect x="32" y="5" width="1" height="1" fill="rgb(43,43,43)" stroke-width="0" stroke="rgb(43,43,43)" />
<rect x="32" y="4" width="1" height="1" fill="rgb(49,49,49)" stroke-width="0" stroke="rgb(49,49,49)" />
<rect x="32" y="3" width="1" height="1" fill="rgb(107,107,107)" stroke-width="0" stroke="rgb(107,107,107)" />
<rect x="32" y="2" width="1" height="1" fill="rgb(83,83,83)" stroke-width="0" stroke="rgb(83,83,83)" />
<rect x="33" y="15" width="1" height="1" fill="rgb(126,126,126)" stroke-width="0" stroke="rgb(126,126,126)" />
<rect x="33" y="14" width="1" height="1" fill="rgb(148,148,148)" stroke-width="0" stroke="rgb(148,148,148)" />
<rect x="33" y="13" width="1" height="1" fill="rgb(111,111,111)" stroke-width="0" stroke="rgb(111,111,111)" />
<rect x="33" y="12" width="1" height="1" fill="rgb(49,49,49)" stroke-width="0" stroke="rgb(49,49,49)" />
<rect x="33" y="11" width="1" height="1" fill="rgb(35,35,35)" stroke-width="0" stroke="rgb(35,35,35)" />
<rect x="33" y="10" width="1" height="1" fill="rgb(32,32,32)" stroke-width="0" stroke="rgb(32,32,32)" />
<rect x="33" y="9" width="1" height="1" fill="rgb(32,32,32)" stroke-width="0" stroke="rgb(32,32,32)" />
<rect x="33" y="8" width="1" height="1" fill="rgb(30,30,30)" stroke-width="0" stroke="rgb(30,30,30)" />
<rect x="33" y="7" width="1" height="1" fill="rgb(32,32,32)" stroke-width="0" stroke="rgb(32,32,32)" />
<rect x="33" y="6" width="1" height="1" fill="rgb(33,33,33)" stroke-width="0" stroke="rgb(33,33,33)" />
<rect x="33" y="5" width="1" height="1" fill="rgb(48,48,48)" stroke-width="0" stroke="rgb(48,48,48)" />
<rect x="33" y="4" width="1" height="1" fill="rgb(51,51,51)" stroke-width="0" stroke="rgb(51,51,51)" />
<rect x="33" y="3" width="1" height="1" fill="rgb(92,92,92)" stroke-width="0" stroke="rgb(92,92,92)" />
<rect x="33" y="2" width="1" height="1" fill="rgb(83,83,83)" stroke-width="0" stroke="rgb(83,83,83)" />
<rect x="34" y="15" width="1" height="1" fill="rgb(133,133,133)" stroke-width="0" stroke="rgb(133,133,133)" />
<rect x="34" y="14" width="1" height="1" fill="rgb(117,117,117)" stroke-width="0" stroke="rgb(117,117,117)" />
<rect x="34" y="13" width="1" height="1" fill="rgb(167,167,167)" stroke-width="0" stroke="rgb(167,167,167)" />
<rect x="34" y="12" width="1" height="1" fill="rgb(66,66,66)" stroke-width="0" stroke="rgb(66,66,66)" />
<rect x="34" y="11" width="1" height="1" fill="rgb(54,54,54)" stroke-width="0" stroke="rgb(54,54,54)" />
<rect x="34" y="10" width="1" height="1" fill="rgb(36,36,36)" stroke-width="0" stroke="rgb(36,36,36)" />
<rect x="34" y="9" width="1" height="1" fill="rgb(36,36,36)" stroke-width="0" stroke="rgb(36,36,36)" />
<rect x="34" y="8" width="1" height="1" fill="rgb(33,33,33)" stroke-width="0" stroke="rgb(33,33,33)" />
<rect x="34" y="7" width="1" height="1" fill="rgb(30,30,30)" stroke-width="0" stroke="rgb(30,30,30)" />
<rect x="34" y="6" width="1" height="1" fill="rgb(30,30,30)" stroke-width="0" stroke="rgb(30,30,30)" />
<rect x="34" y="5" width="1" height="1" fill="rgb(49,49,49)" stroke-width="0" stroke="rgb(49,49,49)" />
<rect x="34" y="4" width="1" height="1" fill="rgb(49,49,49)" stroke-width="0" stroke="rgb(49,49,49)" />
<rect x="34" y="3" width="1" height="1" fill="rgb(92,92,92)" stroke-width="0" stroke="rgb(92,92,92)" />
<rect x="34" y="2" width="1" height="1" fill="rgb(69,69,69)" stroke-width="0" stroke="rgb(69,69,69)" />
<rect x="35" y="15" width="1" height="1" fill="rgb(161,161,161)" stroke-width="0" stroke="rgb(161,161,161)" />
<rect x="35" y="14" width="1" height="1" fill="rgb(163,163,163)" stroke-width="0" stroke="rgb(163,163,163)" />
<rect x="35" y="13" width="1" height="1" fill="rgb(166,166,166)" stroke-width="0" stroke="rgb(166,166,166)" />
<rect x="35" y="12" width="1" height="1" fill="rgb(62,62,62)" stroke-width="0" stroke="rgb(62,62,62)" />
<rect x="35" y="11" width="1" height="1" fill="rgb(173,173,173)" stroke-width="0" stroke="rgb(173,173,173)" />
<rect x="35" y="10" width="1" height="1" fill="rgb(39,39,39)" stroke-width="0" stroke="rgb(39,39,39)" />
<rect x="35" y="9" width="1" height="1" fill="rgb(39,39,39)" stroke-width="0" stroke="rgb(39,39,39)" />
<rect x="35" y="8" width="1" height="1" fill="rgb(36,36,36)" stroke-width="0" stroke="rgb(36,36,36)" />
<rect x="35" y="7" width="1" height="1" fill="rgb(30,30,30)" stroke-width="0" stroke="rgb(30,30,30)" />
<rect x="35" y="6" width="1" height="1" fill="rgb(34,34,34)" stroke-width="0" stroke="rgb(34,34,34)" />
<rect x="35" y="5" width="1" height="1" fill="rgb(51,51,51)" stroke-width="0" stroke="rgb(51,51,51)" />
<rect x="35" y="4" width="1" height="1" fill="rgb(53,53,53)" stroke-width="0" stroke="rgb(53,53,53)" />
<rect x="35" y="3" width="1" height="1" fill="rgb(81,81,81)" stroke-width="0" stroke="rgb(81,81,81)" />
<rect x="36" y="15" width="1" height="1" fill="rgb(152,152,152)" stroke-width="0" stroke="rgb(152,152,152)" />
<rect x="36" y="14" width="1" height="1" fill="rgb(163,163,163)" stroke-width="0" stroke="rgb(163,163,163)" />
<rect x="36" y="13" width="1" height="1" fill="rgb(165,165,165)" stroke-width="0" stroke="rgb(165,165,165)" />
<rect x="36" y="12" width="1" height="1" fill="rgb(62,62,62)" stroke-width="0" stroke="rgb(62,62,62)" />
<rect x="36" y="11" width="1" height="1" fill="rgb(62,62,62)" stroke-width="0" stroke="rgb(62,62,62)" />
<rect x="36" y="10" width="1" height="1" fill="rgb(172,172,172)" stroke-width="0" stroke="rgb(172,172,172)" />
<rect x="36" y="9" width="1" height="1" fill="rgb(38,38,38)" stroke-width="0" stroke="rgb(38,38,38)" />
<rect x="36" y="8" width="1" height="1" fill="rgb(38,38,38)" stroke-width="0" stroke="rgb(38,38,38)" />
<rect x="36" y="7" width="1" height="1" fill="rgb(34,34,34)" stroke-width="0" stroke="rgb(34,34,34)" />
<rect x="36" y="6" width="1" height="1" fill="rgb(34,34,34)" stroke-width="0" stroke="rgb(34,34,34)" />
<rect x="36" y="5" width="1" height="1" fill="rgb(51,51,51)" stroke-width="0" stroke="rgb(51,51,51)" />
<rect x="36" y="4" width="1" height="1" fill="rgb(53,53,53)" stroke-width="0" stroke="rgb(53,53,53)" />
<rect x="36" y="3" width="1" height="1" fill="rgb(62,62,62)" stroke-width="0" stroke="rgb(62,62,62)" />
<rect x="37" y="15" width="1" height="1" fill="rgb(156,156,156)" stroke-width="0" stroke="rgb(156,156,156)" />
<rect x="37" y="14" width="1" height="1" fill="rgb(163,163,163)" stroke-width="0" stroke="rgb(163,163,163)" />
<rect x="37" y="13" width="1" height="1" fill="rgb(166,166,166)" stroke-width="0" stroke="rgb(166,166,166)" />
<rect x="37" y="12" width="1" height="1" fill="rgb(156,156,156)" stroke-width="0" stroke="rgb(156,156,156)" />
<rect x="37" y="11" width="1" height="1" fill="rgb(70,70,70)" stroke-width="0" stroke="rgb(70,70,70)" />
<rect x="37" y="10" width="1" height="1" fill="rgb(56,56,56)" stroke-width="0" stroke="rgb(56,56,56)" />
<rect x="37" y="9" width="1" height="1" fill="rgb(171,171,171)" stroke-width="0" stroke="rgb(171,171,171)" />
<rect x="37" y="8" width="1" height="1" fill="rgb(170,170,170)" stroke-width="0" stroke="rgb(170,170,170)" />
<rect x="37" y="7" width="1" height="1" fill="rgb(167,167,167)" stroke-width="0" stroke="rgb(167,167,167)" />
<rect x="37" y="6" width="1" height="1" fill="rgb(156,156,156)" stroke-width="0" stroke="rgb(156,156,156)" />
<rect x="37" y="5" width="1" height="1" fill="rgb(85,85,85)" stroke-width="0" stroke="rgb(85,85,85)" />
<rect x="37" y="4" width="1" height="1" fill="rgb(85,85,85)" stroke-width="0" stroke="rgb(85,85,85)" />
<rect x="38" y="15" width="1" height="1" fill="rgb(156,156,156)" stroke-width="0" stroke="rgb(156,156,156)" />
<rect x="38" y="14" width="1" height="1" fill="rgb(163,163,163)" stroke-width="0" stroke="rgb(163,163,163)" />
<rect x="38" y="13" width="1" height="1" fill="rgb(166,166,166)" stroke-width="0" stroke="rgb(166,166,166)" />
<rect x="38" y="12" width="1" height="1" fill="rgb(77,77,77)" stroke-width="0" stroke="rgb(77,77,77)" />
<rect x="38" y="11" width="1" height="1" fill="rgb(73,73,73)" stroke-width="0" stroke="rgb(73,73,73)" />
<rect x="38" y="10" width="1" height="1" fill="rgb(62,62,62)" stroke-width="0" stroke="rgb(62,62,62)" />
<rect x="38" y="9" width="1" height="1" fill="rgb(56,56,56)" stroke-width="0" stroke="rgb(56,56,56)" />
<rect x="38" y="8" width="1" height="1" fill="rgb(56,56,56)" stroke-width="0" stroke="rgb(56,56,56)" />
<rect x="38" y="7" width="1" height="1" fill="rgb(156,156,156)" stroke-width="0" stroke="rgb(156,156,156)" />
<rect x="38" y="6" width="1" height="1" fill="rgb(152,152,152)" stroke-width="0" stroke="rgb(152,152,152)" />
<rect x="38" y="5" width="1" height="1" fill="rgb(85,85,85)" stroke-width="0" stroke="rgb(85,85,85)" />
<rect x="38" y="4" width="1" height="1" fill="rgb(85,85,85)" stroke-width="0" stroke="rgb(85,85,85)" />
<rect x="39" y="15" width="1" height="1" fill="rgb(171,171,171)" stroke-width="0" stroke="rgb(171,171,171)" />
<rect x="39" y="14" width="1" height="1" fill="rgb(174,174,174)" stroke-width="0" stroke="rgb(174,174,174)" />
<rect x="39" y="13" width="1" height="1" fill="rgb(178,178,178)" stroke-width="0" stroke="rgb(178,178,178)" />
<rect x="39" y="12" width="1" height="1" fill="rgb(88,88,88)" stroke-width="0" stroke="rgb(88,88,88)" />
<rect x="39" y="11" width="1" height="1" fill="rgb(69,69,69)" stroke-width="0" stroke="rgb(69,69,69)" />
<rect x="39" y="10" width="1" height="1" fill="rgb(69,69,69)" stroke-width="0" stroke="rgb(69,69,69)" />
<rect x="39" y="9" width="1" height="1" fill="rgb(63,63,63)" stroke-width="0" stroke="rgb(63,63,63)" />
<rect x="39" y="8" width="1" height="1" fill="rgb(63,63,63)" stroke-width="0" stroke="rgb(63,63,63)" />
<rect x="39" y="7" width="1" height="1" fill="rgb(152,152,152)" stroke-width="0" stroke="rgb(152,152,152)" />
<rect x="39" y="6" width="1" height="1" fill="rgb(152,152,152)" stroke-width="0" stroke="rgb(152,152,152)" />
<rect x="39" y="5" width="1" height="1" fill="rgb(70,70,70)" stroke-width="0" stroke="rgb(70,70,70)" />
<rect x="39" y="4" width="1" height="1" fill="rgb(66,66,66)" stroke-width="0" stroke="rgb(66,66,66)" />
<rect x="40" y="15" width="1" height="1" fill="rgb(173,173,173)" stroke-width="0" stroke="rgb(173,173,173)" />
<rect x="40" y="14" width="1" height="1" fill="rgb(174,174,174)" stroke-width="0" stroke="rgb(174,174,174)" />
<rect x="40" y="13" width="1" height="1" fill="rgb(178,178,178)" stroke-width="0" stroke="rgb(178,178,178)" />
<rect x="40" y="12" width="1" height="1" fill="rgb(177,177,177)" stroke-width="0" stroke="rgb(177,177,177)" />
<rect x="40" y="11" width="1" height="1" fill="rgb(69,69,69)" stroke-width="0" stroke="rgb(69,69,69)" />
<rect x="40" y="10" width="1" height="1" fill="rgb(69,69,69)" stroke-width="0" stroke="rgb(69,69,69)" />
<rect x="40" y="9" width="1" height="1" fill="rgb(63,63,63)" stroke-width="0" stroke="rgb(63,63,63)" />
<rect x="40" y="8" width="1" height="1" fill="rgb(63,63,63)" stroke-width="0" stroke="rgb(63,63,63)" />
<rect x="40" y="7" width="1" height="1" fill="rgb(62,62,62)" stroke-width="0" stroke="rgb(62,62,62)" />
<rect x="40" y="6" width="1" height="1" fill="rgb(125,125,125)" stroke-width="0" stroke="rgb(125,125,125)" />
<rect x="40" y="5" width="1" height="1" fill="rgb(59,59,59)" stroke-width="0" stroke="rgb(59,59,59)" />
<rect x="41" y="16" width="1" height="1" fill="rgb(163,163,163)" stroke-width="0" stroke="rgb(163,163,163)" />
<rect x="41" y="15" width="1" height="1" fill="rgb(138,138,138)" stroke-width="0" stroke="rgb(138,138,138)" />
<rect x="41" y="14" width="1" height="1" fill="rgb(138,138,138)" stroke-width="0" stroke="rgb(138,138,138)" />
<rect x="41" y="13" width="1" height="1" fill="rgb(172,172,172)" stroke-width="0" stroke="rgb(172,172,172)" />
<rect x="41" y="12" width="1" height="1" fill="rgb(182,182,182)" stroke-width="0" stroke="rgb(182,182,182)" />
<rect x="41" y="11" width="1" height="1" fill="rgb(73,73,73)" stroke-width="0" stroke="rgb(73,73,73)" />
<rect x="41" y="10" width="1" height="1" fill="rgb(70,70,70)" stroke-width="0" stroke="rgb(70,70,70)" />
<rect x="41" y="9" width="1" height="1" fill="rgb(67,67,67)" stroke-width="0" stroke="rgb(67,67,67)" />
<rect x="41" y="8" width="1" height="1" fill="rgb(67,67,67)" stroke-width="0" stroke="rgb(67,67,67)" />
<rect x="41" y="7" width="1" height="1" fill="rgb(122,122,122)" stroke-width="0" stroke="rgb(122,122,122)" />
<rect x="41" y="6" width="1" height="1" fill="rgb(126,126,126)" stroke-width="0" stroke="rgb(126,126,126)" />
<rect x="41" y="5" width="1" height="1" fill="rgb(88,88,88)" stroke-width="0" stroke="rgb(88,88,88)" />
<rect x="42" y="16" width="1" height="1" fill="rgb(167,167,167)" stroke-width="0" stroke="rgb(167,167,167)" />
<rect x="42" y="15" width="1" height="1" fill="rgb(144,144,144)" stroke-width="0" stroke="rgb(144,144,144)" />
<rect x="42" y="14" width="1" height="1" fill="rgb(129,129,129)" stroke-width="0" stroke="rgb(129,129,129)" />
<rect x="42" y="13" width="1" height="1" fill="rgb(178,178,178)" stroke-width="0" stroke="rgb(178,178,178)" />
<rect x="42" y="12" width="1" height="1" fill="rgb(182,182,182)" stroke-width="0" stroke="rgb(182,182,182)" />
<rect x="42" y="11" width="1" height="1" fill="rgb(181,181,181)" stroke-width="0" stroke="rgb(181,181,181)" />
<rect x="42" y="10" width="1" height="1" fill="rgb(74,74,74)" stroke-width="0" stroke="rgb(74,74,74)" />
<rect x="42" y="9" width="1" height="1" fill="rgb(73,73,73)" stroke-width="0" stroke="rgb(73,73,73)" />
<rect x="42" y="8" width="1" height="1" fill="rgb(71,71,71)" stroke-width="0" stroke="rgb(71,71,71)" />
<rect x="42" y="7" width="1" height="1" fill="rgb(145,145,145)" stroke-width="0" stroke="rgb(145,145,145)" />
<rect x="42" y="6" width="1" height="1" fill="rgb(136,136,136)" stroke-width="0" stroke="rgb(136,136,136)" />
<rect x="42" y="5" width="1" height="1" fill="rgb(88,88,88)" stroke-width="0" stroke="rgb(88,88,88)" />
<rect x="43" y="16" width="1" height="1" fill="rgb(167,167,167)" stroke-width="0" stroke="rgb(167,167,167)" />
<rect x="43" y="15" width="1" height="1" fill="rgb(152,152,152)" stroke-width="0" stroke="rgb(152,152,152)" />
<rect x="43" y="14" width="1" height="1" fill="rgb(144,144,144)" stroke-width="0" stroke="rgb(144,144,144)" />
<rect x="43" y="13" width="1" height="1" fill="rgb(122,122,122)" stroke-width="0" stroke="rgb(122,122,122)" />
<rect x="43" y="12" width="1" height="1" fill="rgb(179,179,179)" stroke-width="0" stroke="rgb(179,179,179)" />
<rect x="43" y="11" width="1" height="1" fill="rgb(174,174,174)" stroke-width="0" stroke="rgb(174,174,174)" />
<rect x="43" y="10" width="1" height="1" fill="rgb(177,177,177)" stroke-width="0" stroke="rgb(177,177,177)" />
<rect x="43" y="9" width="1" height="1" fill="rgb(76,76,76)" stroke-width="0" stroke="rgb(76,76,76)" />
<rect x="43" y="8" width="1" height="1" fill="rgb(80,80,80)" stroke-width="0" stroke="rgb(80,80,80)" />
<rect x="43" y="7" width="1" height="1" fill="rgb(143,143,143)" stroke-width="0" stroke="rgb(143,143,143)" />
<rect x="43" y="6" width="1" height="1" fill="rgb(141,141,141)" stroke-width="0" stroke="rgb(141,141,141)" />
<rect x="43" y="5" width="1" height="1" fill="rgb(114,114,114)" stroke-width="0" stroke="rgb(114,114,114)" />
<rect x="44" y="16" width="1" height="1" fill="rgb(185,185,185)" stroke-width="0" stroke="rgb(185,185,185)" />
<rect x="44" y="15" width="1" height="1" fill="rgb(156,156,156)" stroke-width="0" stroke="rgb(156,156,156)" />
<rect x="44" y="14" width="1" height="1" fill="rgb(147,147,147)" stroke-width="0" stroke="rgb(147,147,147)" />
<rect x="44" y="13" width="1" height="1" fill="rgb(133,133,133)" stroke-width="0" stroke="rgb(133,133,133)" />
<rect x="44" y="12" width="1" height="1" fill="rgb(187,187,187)" stroke-width="0" stroke="rgb(187,187,187)" />
<rect x="44" y="11" width="1" height="1" fill="rgb(178,178,178)" stroke-width="0" stroke="rgb(178,178,178)" />
<rect x="44" y="10" width="1" height="1" fill="rgb(173,173,173)" stroke-width="0" stroke="rgb(173,173,173)" />
<rect x="44" y="9" width="1" height="1" fill="rgb(185,185,185)" stroke-width="0" stroke="rgb(185,185,185)" />
<rect x="44" y="8" width="1" height="1" fill="rgb(174,174,174)" stroke-width="0" stroke="rgb(174,174,174)" />
<rect x="44" y="7" width="1" height="1" fill="rgb(96,96,96)" stroke-width="0" stroke="rgb(96,96,96)" />
<rect x="44" y="6" width="1" height="1" fill="rgb(141,141,141)" stroke-width="0" stroke="rgb(141,141,141)" />
<rect x="44" y="5" width="1" height="1" fill="rgb(114,114,114)" stroke-width="0" stroke="rgb(114,114,114)" />
<rect x="45" y="16" width="1" height="1" fill="rgb(185,185,185)" stroke-width="0" stroke="rgb(185,185,185)" />
<rect x="45" y="15" width="1" height="1" fill="rgb(167,167,167)" stroke-width="0" stroke="rgb(167,167,167)" />
<rect x="45" y="14" width="1" height="1" fill="rgb(147,147,147)" stroke-width="0" stroke="rgb(147,147,147)" />
<rect x="45" y="13" width="1" height="1" fill="rgb(137,137,137)" stroke-width="0" stroke="rgb(137,137,137)" />
<rect x="45" y="12" width="1" height="1" fill="rgb(182,182,182)" stroke-width="0" stroke="rgb(182,182,182)" />
<rect x="45" y="11" width="1" height="1" fill="rgb(176,176,176)" stroke-width="0" stroke="rgb(176,176,176)" />
<rect x="45" y="10" width="1" height="1" fill="rgb(188,188,188)" stroke-width="0" stroke="rgb(188,188,188)" />
<rect x="45" y="9" width="1" height="1" fill="rgb(186,186,186)" stroke-width="0" stroke="rgb(186,186,186)" />
<rect x="45" y="8" width="1" height="1" fill="rgb(99,99,99)" stroke-width="0" stroke="rgb(99,99,99)" />
<rect x="45" y="7" width="1" height="1" fill="rgb(147,147,147)" stroke-width="0" stroke="rgb(147,147,147)" />
<rect x="45" y="6" width="1" height="1" fill="rgb(144,144,144)" stroke-width="0" stroke="rgb(144,144,144)" />
<rect x="45" y="5" width="1" height="1" fill="rgb(104,104,104)" stroke-width="0" stroke="rgb(104,104,104)" />
<rect x="46" y="15" width="1" height="1" fill="rgb(163,163,163)" stroke-width="0" stroke="rgb(163,163,163)" />
<rect x="46" y="14" width="1" height="1" fill="rgb(159,159,159)" stroke-width="0" stroke="rgb(159,159,159)" />
<rect x="46" y="13" width="1" height="1" fill="rgb(176,176,176)" stroke-width="0" stroke="rgb(176,176,176)" />
<rect x="46" y="12" width="1" height="1" fill="rgb(173,173,173)" stroke-width="0" stroke="rgb(173,173,173)" />
<rect x="46" y="11" width="1" height="1" fill="rgb(177,177,177)" stroke-width="0" stroke="rgb(177,177,177)" />
<rect x="46" y="10" width="1" height="1" fill="rgb(101,101,101)" stroke-width="0" stroke="rgb(101,101,101)" />
<rect x="46" y="9" width="1" height="1" fill="rgb(102,102,102)" stroke-width="0" stroke="rgb(102,102,102)" />
<rect x="46" y="8" width="1" height="1" fill="rgb(103,103,103)" stroke-width="0" stroke="rgb(103,103,103)" />
<rect x="46" y="7" width="1" height="1" fill="rgb(147,147,147)" stroke-width="0" stroke="rgb(147,147,147)" />
<rect x="46" y="6" width="1" height="1" fill="rgb(144,144,144)" stroke-width="0" stroke="rgb(144,144,144)" />
<rect x="46" y="5" width="1" height="1" fill="rgb(100,100,100)" stroke-width="0" stroke="rgb(100,100,100)" />
<rect x="47" y="15" width="1" height="1" fill="rgb(174,174,174)" stroke-width="0" stroke="rgb(174,174,174)" />
<rect x="47" y="14" width="1" height="1" fill="rgb(174,174,174)" stroke-width="0" stroke="rgb(174,174,174)" />
<rect x="47" y="13" width="1" height="1" fill="rgb(174,174,174)" stroke-width="0" stroke="rgb(174,174,174)" />
<rect x="47" y="12" width="1" height="1" fill="rgb(113,113,113)" stroke-width="0" stroke="rgb(113,113,113)" />
<rect x="47" y="11" width="1" height="1" fill="rgb(113,113,113)" stroke-width="0" stroke="rgb(113,113,113)" />
<rect x="47" y="10" width="1" height="1" fill="rgb(111,111,111)" stroke-width="0" stroke="rgb(111,111,111)" />
<rect x="47" y="9" width="1" height="1" fill="rgb(105,105,105)" stroke-width="0" stroke="rgb(105,105,105)" />
<rect x="47" y="8" width="1" height="1" fill="rgb(103,103,103)" stroke-width="0" stroke="rgb(103,103,103)" />
<rect x="47" y="7" width="1" height="1" fill="rgb(107,107,107)" stroke-width="0" stroke="rgb(107,107,107)" />
<rect x="47" y="6" width="1" height="1" fill="rgb(129,129,129)" stroke-width="0" stroke="rgb(129,129,129)" />
<rect x="48" y="15" width="1" height="1" fill="rgb(180,180,180)" stroke-width="0" stroke="rgb(180,180,180)" />
<rect x="48" y="14" width="1" height="1" fill="rgb(184,184,184)" stroke-width="0" stroke="rgb(184,184,184)" />
<rect x="48" y="13" width="1" height="1" fill="rgb(183,183,183)" stroke-width="0" stroke="rgb(183,183,183)" />
<rect x="48" y="12" width="1" height="1" fill="rgb(186,186,186)" stroke-width="0" stroke="rgb(186,186,186)" />
<rect x="48" y="11" width="1" height="1" fill="rgb(111,111,111)" stroke-width="0" stroke="rgb(111,111,111)" />
<rect x="48" y="10" width="1" height="1" fill="rgb(111,111,111)" stroke-width="0" stroke="rgb(111,111,111)" />
<rect x="48" y="9" width="1" height="1" fill="rgb(108,108,108)" stroke-width="0" stroke="rgb(108,108,108)" />
<rect x="48" y="8" width="1" height="1" fill="rgb(111,111,111)" stroke-width="0" stroke="rgb(111,111,111)" />
<rect x="48" y="7" width="1" height="1" fill="rgb(111,111,111)" stroke-width="0" stroke="rgb(111,111,111)" />
<rect x="48" y="6" width="1" height="1" fill="rgb(141,141,141)" stroke-width="0" stroke="rgb(141,141,141)" />
<rect x="49" y="15" width="1" height="1" fill="rgb(182,182,182)" stroke-width="0" stroke="rgb(182,182,182)" />
<rect x="49" y="14" width="1" height="1" fill="rgb(184,184,184)" stroke-width="0" stroke="rgb(184,184,184)" />
<rect x="49" y="13" width="1" height="1" fill="rgb(183,183,183)" stroke-width="0" stroke="rgb(183,183,183)" />
<rect x="49" y="12" width="1" height="1" fill="rgb(127,127,127)" stroke-width="0" stroke="rgb(127,127,127)" />
<rect x="49" y="11" width="1" height="1" fill="rgb(113,113,113)" stroke-width="0" stroke="rgb(113,113,113)" />
<rect x="49" y="10" width="1" height="1" fill="rgb(113,113,113)" stroke-width="0" stroke="rgb(113,113,113)" />
<rect x="49" y="9" width="1" height="1" fill="rgb(113,113,113)" stroke-width="0" stroke="rgb(113,113,113)" />
<rect x="49" y="8" width="1" height="1" fill="rgb(112,112,112)" stroke-width="0" stroke="rgb(112,112,112)" />
<rect x="49" y="7" width="1" height="1" fill="rgb(117,117,117)" stroke-width="0" stroke="rgb(117,117,117)" />
<rect x="49" y="6" width="1" height="1" fill="rgb(119,119,119)" stroke-width="0" stroke="rgb(119,119,119)" />
<rect x="50" y="15" width="1" height="1" fill="rgb(182,182,182)" stroke-width="0" stroke="rgb(182,182,182)" />
<rect x="50" y="14" width="1" height="1" fill="rgb(183,183,183)" stroke-width="0" stroke="rgb(183,183,183)" />
<rect x="50" y="13" width="1" height="1" fill="rgb(183,183,183)" stroke-width="0" stroke="rgb(183,183,183)" />
<rect x="50" y="12" width="1" height="1" fill="rgb(127,127,127)" stroke-width="0" stroke="rgb(127,127,127)" />
<rect x="50" y="11" width="1" height="1" fill="rgb(116,116,116)" stroke-width="0" stroke="rgb(116,116,116)" />
<rect x="50" y="10" width="1" height="1" fill="rgb(116,116,116)" stroke-width="0" stroke="rgb(116,116,116)" />
<rect x="50" y="9" width="1" height="1" fill="rgb(113,113,113)" stroke-width="0" stroke="rgb(113,113,113)" />
<rect x="50" y="8" width="1" height="1" fill="rgb(116,116,116)" stroke-width="0" stroke="rgb(116,116,116)" />
<rect x="50" y="7" width="1" height="1" fill="rgb(153,153,153)" stroke-width="0" stroke="rgb(153,153,153)" />
<rect x="50" y="6" width="1" height="1" fill="rgb(122,122,122)" stroke-width="0" stroke="rgb(122,122,122)" />
<rect x="51" y="15" width="1" height="1" fill="rgb(185,185,185)" stroke-width="0" stroke="rgb(185,185,185)" />
<rect x="51" y="14" width="1" height="1" fill="rgb(182,182,182)" stroke-width="0" stroke="rgb(182,182,182)" />
<rect x="51" y="13" width="1" height="1" fill="rgb(148,148,148)" stroke-width="0" stroke="rgb(148,148,148)" />
<rect x="51" y="12" width="1" height="1" fill="rgb(130,130,130)" stroke-width="0" stroke="rgb(130,130,130)" />
<rect x="51" y="11" width="1" height="1" fill="rgb(122,122,122)" stroke-width="0" stroke="rgb(122,122,122)" />
<rect x="51" y="10" width="1" height="1" fill="rgb(118,118,118)" stroke-width="0" stroke="rgb(118,118,118)" />
<rect x="51" y="9" width="1" height="1" fill="rgb(120,120,120)" stroke-width="0" stroke="rgb(120,120,120)" />
<rect x="51" y="8" width="1" height="1" fill="rgb(123,123,123)" stroke-width="0" stroke="rgb(123,123,123)" />
<rect x="51" y="7" width="1" height="1" fill="rgb(129,129,129)" stroke-width="0" stroke="rgb(129,129,129)" />
<rect x="51" y="6" width="1" height="1" fill="rgb(137,137,137)" stroke-width="0" stroke="rgb(137,137,137)" />
<rect x="52" y="14" width="1" height="1" fill="rgb(171,171,171)" stroke-width="0" stroke="rgb(171,171,171)" />
<rect x="52" y="13" width="1" height="1" fill="rgb(148,148,148)" stroke-width="0" stroke="rgb(148,148,148)" />
<rect x="52" y="12" width="1" height="1" fill="rgb(147,147,147)" stroke-width="0" stroke="rgb(147,147,147)" />
<rect x="52" y="11" width="1" height="1" fill="rgb(128,128,128)" stroke-width="0" stroke="rgb(128,128,128)" />
<rect x="52" y="10" width="1" height="1" fill="rgb(126,126,126)" stroke-width="0" stroke="rgb(126,126,126)" />
<rect x="52" y="9" width="1" height="1" fill="rgb(126,126,126)" stroke-width="0" stroke="rgb(126,126,126)" />
<rect x="52" y="8" width="1" height="1" fill="rgb(128,128,128)" stroke-width="0" stroke="rgb(128,128,128)" />
<rect x="52" y="7" width="1" height="1" fill="rgb(137,137,137)" stroke-width="0" stroke="rgb(137,137,137)" />
<rect x="52" y="6" width="1" height="1" fill="rgb(134,134,134)" stroke-width="0" stroke="rgb(134,134,134)" />
<rect x="53" y="14" width="1" height="1" fill="rgb(185,185,185)" stroke-width="0" stroke="rgb(185,185,185)" />
<rect x="53" y="13" width="1" height="1" fill="rgb(159,159,159)" stroke-width="0" stroke="rgb(159,159,159)" />
<rect x="53" y="12" width="1" height="1" fill="rgb(147,147,147)" stroke-width="0" stroke="rgb(147,147,147)" />
<rect x="53" y="11" width="1" height="1" fill="rgb(141,141,141)" stroke-width="0" stroke="rgb(141,141,141)" />
<rect x="53" y="10" width="1" height="1" fill="rgb(131,131,131)" stroke-width="0" stroke="rgb(131,131,131)" />
<rect x="53" y="9" width="1" height="1" fill="rgb(132,132,132)" stroke-width="0" stroke="rgb(132,132,132)" />
<rect x="53" y="8" width="1" height="1" fill="rgb(129,129,129)" stroke-width="0" stroke="rgb(129,129,129)" />
<rect x="53" y="7" width="1" height="1" fill="rgb(139,139,139)" stroke-width="0" stroke="rgb(139,139,139)" />
<rect x="53" y="6" width="1" height="1" fill="rgb(138,138,138)" stroke-width="0" stroke="rgb(138,138,138)" />
<rect x="54" y="14" width="1" height="1" fill="rgb(174,174,174)" stroke-width="0" stroke="rgb(174,174,174)" />
<rect x="54" y="13" width="1" height="1" fill="rgb(158,158,158)" stroke-width="0" stroke="rgb(158,158,158)" />
<rect x="54" y="12" width="1" height="1" fill="rgb(152,152,152)" stroke-width="0" stroke="rgb(152,152,152)" />
<rect x="54" y="11" width="1" height="1" fill="rgb(144,144,144)" stroke-width="0" stroke="rgb(144,144,144)" />
<rect x="54" y="10" width="1" height="1" fill="rgb(140,140,140)" stroke-width="0" stroke="rgb(140,140,140)" />
<rect x="54" y="9" width="1" height="1" fill="rgb(140,140,140)" stroke-width="0" stroke="rgb(140,140,140)" />
<rect x="54" y="8" width="1" height="1" fill="rgb(142,142,142)" stroke-width="0" stroke="rgb(142,142,142)" />
<rect x="54" y="7" width="1" height="1" fill="rgb(143,143,143)" stroke-width="0" stroke="rgb(143,143,143)" />
<rect x="55" y="14" width="1" height="1" fill="rgb(174,174,174)" stroke-width="0" stroke="rgb(174,174,174)" />
<rect x="55" y="13" width="1" height="1" fill="rgb(164,164,164)" stroke-width="0" stroke="rgb(164,164,164)" />
<rect x="55" y="12" width="1" height="1" fill="rgb(156,156,156)" stroke-width="0" stroke="rgb(156,156,156)" />
<rect x="55" y="11" width="1" height="1" fill="rgb(152,152,152)" stroke-width="0" stroke="rgb(152,152,152)" />
<rect x="55" y="10" width="1" height="1" fill="rgb(147,147,147)" stroke-width="0" stroke="rgb(147,147,147)" />
<rect x="55" y="9" width="1" height="1" fill="rgb(146,146,146)" stroke-width="0" stroke="rgb(146,146,146)" />
<rect x="56" y="14" width="1" height="1" fill="rgb(171,171,171)" stroke-width="0" stroke="rgb(171,171,171)" />
<rect x="56" y="13" width="1" height="1" fill="rgb(166,166,166)" stroke-width="0" stroke="rgb(166,166,166)" />
<rect x="56" y="12" width="1" height="1" fill="rgb(157,157,157)" stroke-width="0" stroke="rgb(157,157,157)" />
<rect x="56" y="11" width="1" height="1" fill="rgb(154,154,154)" stroke-width="0" stroke="rgb(154,154,154)" />
<rect x="56" y="10" width="1" height="1" fill="rgb(152,152,152)" stroke-width="0" stroke="rgb(152,152,152)" />
<rect x="56" y="9" width="1" height="1" fill="rgb(156,156,156)" stroke-width="0" stroke="rgb(156,156,156)" />
<rect x="57" y="14" width="1" height="1" fill="rgb(178,178,178)" stroke-width="0" stroke="rgb(178,178,178)" />
<rect x="57" y="13" width="1" height="1" fill="rgb(171,171,171)" stroke-width="0" stroke="rgb(171,171,171)" />
<rect x="57" y="12" width="1" height="1" fill="rgb(158,158,158)" stroke-width="0" stroke="rgb(158,158,158)" />
<rect x="57" y="11" width="1" height="1" fill="rgb(156,156,156)" stroke-width="0" stroke="rgb(156,156,156)" />
<rect x="57" y="10" width="1" height="1" fill="rgb(156,156,156)" stroke-width="0" stroke="rgb(156,156,156)" />
<rect x="57" y="9" width="1" height="1" fill="rgb(156,156,156)" stroke-width="0" stroke="rgb(156,156,156)" />
<rect x="58" y="14" width="1" height="1" fill="rgb(182,182,182)" stroke-width="0" stroke="rgb(182,182,182)" />
<rect x="58" y="13" width="1" height="1" fill="rgb(174,174,174)" stroke-width="0" stroke="rgb(174,174,174)" />
<rect x="58" y="12" width="1" height="1" fill="rgb(164,164,164)" stroke-width="0" stroke="rgb(164,164,164)" />
<rect x="58" y="11" width="1" height="1" fill="rgb(159,159,159)" stroke-width="0" stroke="rgb(159,159,159)" />
<rect x="58" y="10" width="1" height="1" fill="rgb(159,159,159)" stroke-width="0" stroke="rgb(159,159,159)" />
<rect x="59" y="12" width="1" height="1" fill="rgb(174,174,174)" stroke-width="0" stroke="rgb(174,174,174)" />
</svg>
