<?xml version="1.0" encoding="UTF-8"?>
<!DOCTYPE svg PUBLIC "-//W3C//DTD SVG 1.1//EN" "http://www.w3.org/Graphics/SVG/1.1/DTD/svg11.dtd">
<svg xmlns="http://www.w3.org/2000/svg" version="1.1" width="245" height="160">
<rect x="0" y="0" width="245" height="160" fill="white" stroke="white" stroke-width="0"/>
<text x="10" y="26" fill="black">Cross-section C</text>
<rect x="10" y="104" width="5" height="5" fill="black" stroke-width="0" stroke="black" />
<rect x="10" y="99" width="5" height="5" fill="black" stroke-width="0" stroke="black" />
<rect x="10" y="94" width="5" height="5" fill="black" stroke-width="0" stroke="black" />
<rect x="10" y="89" width="5" height="5" fill="black" stroke-width="0" stroke="black" />
<rect x="10" y="84" width="5" height="5" fill="black" stroke-width="0" stroke="black" />
<rect x="15" y="104" width="5" height="5" fill="black" stroke-width="0" stroke="black" />
<rect x="15" y="99" width="5" height="5" fill="black" stroke-width="0" stroke="black" />
<rect x="15" y="94" width="5" height="5" fill="black" stroke-width="0" stroke="black" />
<rect x="15" y="89" width="5" height="5" fill="black" stroke-width="0" stroke="black" />
<rect x="15" y="84" width="5" height="5" fill="black" stroke-width="0" stroke="black" />
<rect x="15" y="79" width="5" height="5" fill="black" stroke-width="0" stroke="black" />
<rect x="20" y="104" width="5" height="5" fill="black" stroke-width="0" stroke="black" />
<rect x="20" y="99" width="5" height="5" fill="black" stroke-width="0" stroke="black" />
<rect x="20" y="89" width="5" height="5" fill="black" stroke-width="0" stroke="black" />
<rect x="20" y="84" width="5" height="5" fill="black" stroke-width="0" stroke="black" />
<rect x="20" y="79" width="5" height="5" fill="black" stroke-width="0" stroke="black" />
<rect x="25" y="104" width="5" height="5" fill="black" stroke-width="0" stroke="black" />
<rect x="25" y="99" width="5" height="5" fill="black" stroke-width="0" stroke="black" />
<rect x="25" y="79" width="5" height="5" fill="black" stroke-width="0" stroke="black" />
<rect x="25" y="74" width="5" height="5" fill="black" stroke-width="0" stroke="black" />
<rect x="25" y="69" width="5" height="5" fill="black" stroke-width="0" stroke="black" />
<rect x="30" y="104" width="5" height="5" fill="black" stroke-width="0" stroke="black" />
<rect x="30" y="99" width="5" height="5" fill="black" stroke-width="0" stroke="black" />
<rect x="30" y="74" width="5" height="5" fill="black" stroke-width="0" stroke="black" />
<rect x="30" y="69" width="5" height="5" fill="black" stroke-width="0" stroke="black" />
<rect x="35" y="104" width="5" height="5" fill="black" stroke-width="0" stroke="black" />
<rect x="35" y="99" width="5" height="5" fill="black" stroke-width="0" stroke="black" />
<rect x="35" y="69" width="5" height="5" fill="black" stroke-width="0" stroke="black" />
<rect x="35" y="64" width="5" height="5" fill="black" stroke-width="0" stroke="black" />
<rect x="40" y="109" width="5" height="5" fill="black" stroke-width="0" stroke="black" />
<rect x="40" y="104" width="5" height="5" fill="black" stroke-width="0" stroke="black" />
<rect x="40" y="69" width="5" height="5" fill="black" stroke-width="0" stroke="black" />
<rect x="40" y="64" width="5" height="5" fill="black" stroke-width="0" stroke="black" />
<rect x="40" y="59" width="5" height="5" fill="black" stroke-width="0" stroke="black" />
<rect x="45" y="109" width="5" height="5" fill="black" stroke-width="0" stroke="black" />
<rect x="45" y="104" width="5" height="5" fill="black" stroke-width="0" stroke="black" />
<rect x="45" y="64" width="5" height="5" fill="black" stroke-width="0" stroke="black" />
<rect x="45" y="59" width="5" height="5" fill="black" stroke-width="0" stroke="black" />
<rect x="50" y="109" width="5" height="5" fill="black" stroke-width="0" stroke="black" />
<rect x="50" y="104" width="5" height="5" fill="black" stroke-width="0" stroke="black" />
<rect x="50" y="64" width="5" height="5" fill="black" stroke-width="0" stroke="black" />
<rect x="50" y="59" width="5" height="5" fill="black" stroke-width="0" stroke="black" />
<rect x="55" y="109" width="5" height="5" fill="black" stroke-width="0" stroke="black" />
<rect x="55" y="59" width="5" height="5" fill="black" stroke-width="0" stroke="black" />
<rect x="55" y="54" width="5" height="5" fill="black" stroke-width="0" stroke="black" />
<rect x="60" y="109" width="5" height="5" fill="black" stroke-width="0" stroke="black" />
<rect x="60" y="59" width="5" height="5" fill="black" stroke-width="0" stroke="black" />
<rect x="60" y="54" width="5" height="5" fill="black" stroke-width="0" stroke="black" />
<rect x="65" y="109" width="5" height="5" fill="black" stroke-width="0" stroke="black" />
<rect x="65" y="59" width="5" height="5" fill="black" stroke-width="0" stroke="black" />
<rect x="65" y="54" width="5" height="5" fill="black" stroke-width="0" stroke="black" />
<rect x="70" y="109" width="5" height="5" fill="black" stroke-width="0" stroke="black" />
<rect x="70" y="54" width="5" height="5" fill="black" stroke-width="0" stroke="black" />
<rect x="70" y="49" width="5" height="5" fill="black" stroke-width="0" stroke="black" />
<rect x="75" y="109" width="5" height="5" fill="black" stroke-width="0" stroke="black" />
<rect x="75" y="54" width="5" height="5" fill="black" stroke-width="0" stroke="black" />
<rect x="75" y="49" width="5" height="5" fill="black" stroke-width="0" stroke="black" />
<rect x="80" y="109" width="5" height="5" fill="black" stroke-width="0" stroke="black" />
<rect x="80" y="54" width="5" height="5" fill="black" stroke-width="0" stroke="black" />
<rect x="80" y="49" width="5" height="5" fill="black" stroke-width="0" stroke="black" />
<rect x="80" y="44" width="5" height="5" fill="black" stroke-width="0" stroke="black" />
<rect x="80" y="39" width="5" height="5" fill="black" stroke-width="0" stroke="black" />
<rect x="85" y="109" width="5" height="5" fill="black" stroke-width="0" stroke="black" />
<rect x="85" y="49" width="5" height="5" fill="black" stroke-width="0" stroke="black" />
<rect x="85" y="44" width="5" height="5" fill="black" stroke-width="0" stroke="black" />
<rect x="85" y="39" width="5" height="5" fill="black" stroke-width="0" stroke="black" />
<rect x="90" y="109" width="5" height="5" fill="black" stroke-width="0" stroke="black" />
<rect x="90" y="49" width="5" height="5" fill="black" stroke-width="0" stroke="black" />
<rect x="90" y="44" width="5" height="5" fill="black" stroke-width="0" stroke="black" />
<rect x="90" y="39" width="5" height="5" fill="black" stroke-width="0" stroke="black" />
<rect x="95" y="109" width="5" height="5" fill="black" stroke-width="0" stroke="black" />
<rect x="95" y="44" width="5" height="5" fill="black" stroke-width="0" stroke="black" />
<rect x="95" y="39" width="5" height="5" fill="black" stroke-width="0" stroke="black" />
<rect x="100" y="109" width="5" height="5" fill="black" stroke-width="0" stroke="black" />
<rect x="100" y="104" width="5" height="5" fill="black" stroke-width="0" stroke="black" />
<rect x="100" y="44" width="5" height="5" fill="black" stroke-width="0" stroke="black" />
<rect x="100" y="39" width="5" height="5" fill="black" stroke-width="0" stroke="black" />
<rect x="105" y="109" width="5" height="5" fill="black" stroke-width="0" stroke="black" />
<rect x="105" y="104" width="5" height="5" fill="black" stroke-width="0" stroke="black" />
<rect x="105" y="44" width="5" height="5" fill="black" stroke-width="0" stroke="black" />
<rect x="105" y="39" width="5" height="5" fill="black" stroke-width="0" stroke="black" />
<rect x="110" y="109" width="5" height="5" fill="black" stroke-width="0" stroke="black" />
<rect x="110" y="104" width="5" height="5" fill="black" stroke-width="0" stroke="black" />
<rect x="110" y="44" width="5" height="5" fill="black" stroke-width="0" stroke="black" />
<rect x="110" y="39" width="5" height="5" fill="black" stroke-width="0" stroke="black" />
<rect x="115" y="104" width="5" height="5" fill="black" stroke-width="0" stroke="black" />
<rect x="115" y="44" width="5" height="5" fill="black" stroke-width="0" stroke="black" />
<rect x="115" y="39" width="5" height="5" fill="black" stroke-width="0" stroke="black" />
<rect x="120" y="104" width="5" height="5" fill="black" stroke-width="0" stroke="black" />
<rect x="120" y="44" width="5" height="5" fill="black" stroke-width="0" stroke="black" />
<rect x="120" y="39" width="5" height="5" fill="black" stroke-width="0" stroke="black" />
<rect x="125" y="104" width="5" height="5" fill="black" stroke-width="0" stroke="black" />
<rect x="125" y="99" width="5" height="5" fill="black" stroke-width="0" stroke="black" />
<rect x="125" y="44" width="5" height="5" fill="black" stroke-width="0" stroke="black" />
<rect x="125" y="39" width="5" height="5" fill="black" stroke-width="0" stroke="black" />
<rect x="130" y="104" width="5" height="5" fill="black" stroke-width="0" stroke="black" />
<rect x="130" y="99" width="5" height="5" fill="black" stroke-width="0" stroke="black" />
<rect x="130" y="94" width="5" height="5" fill="black" stroke-width="0" stroke="black" />
<rect x="130" y="44" width="5" height="5" fill="black" stroke-width="0" stroke="black" />
<rect x="130" y="39" width="5" height="5" fill="black" stroke-width="0" stroke="black" />
<rect x="135" y="99" width="5" height="5" fill="black" stroke-width="0" stroke="black" />
<rect x="135" y="94" width="5" height="5" fill="black" stroke-width="0" stroke="black" />
<rect x="135" y="89" width="5" height="5" fill="black" stroke-width="0" stroke="black" />
<rect x="135" y="44" width="5" height="5" fill="black" stroke-width="0" stroke="black" />
<rect x="135" y="39" width="5" height="5" fill="black" stroke-width="0" stroke="black" />
<rect x="140" y="99" width="5" height="5" fill="black" stroke-width="0" stroke="black" />
<rect x="140" y="94" width="5" height="5" fill="black" stroke-width="0" stroke="black" />
<rect x="140" y="89" width="5" height="5" fill="black" stroke-width="0" stroke="black" />
<rect x="140" y="84" width="5" height="5" fill="black" stroke-width="0" stroke="black" />
<rect x="140" y="79" width="5" height="5" fill="black" stroke-width="0" stroke="black" />
<rect x="140" y="44" width="5" height="5" fill="black" stroke-width="0" stroke="black" />
<rect x="140" y="39" width="5" height="5" fill="black" stroke-width="0" stroke="black" />
<rect x="140" y="34" width="5" height="5" fill="black" stroke-width="0" stroke="black" />
<rect x="140" y="29" width="5" height="5" fill="black" stroke-width="0" stroke="black" />
<rect x="145" y="89" width="5" height="5" fill="black" stroke-width="0" stroke="black" />
<rect x="145" y="84" width="5" height="5" fill="black" stroke-width="0" stroke="black" />
<rect x="145" y="79" width="5" height="5" fill="black" stroke-width="0" stroke="black" />
<rect x="145" y="74" width="5" height="5" fill="black" stroke-width="0" stroke="black" />
<rect x="145" y="49" width="5" height="5" fill="black" stroke-width="0" stroke="black" />
<rect x="145" y="44" width="5" height="5" fill="black" stroke-width="0" stroke="black" />
<rect x="145" y="39" width="5" height="5" fill="black" stroke-width="0" stroke="black" />
<rect x="145" y="34" width="5" height="5" fill="black" stroke-width="0" stroke="black" />
<rect x="145" y="29" width="5" height="5" fill="black" stroke-width="0" stroke="black" />
<rect x="150" y="84" width="5" height="5" fill="black" stroke-width="0" stroke="black" />
<rect x="150" y="79" width="5" height="5" fill="black" stroke-width="0" stroke="black" />
<rect x="150" y="74" width="5" height="5" fill="black" stroke-width="0" stroke="black" />
<rect x="150" y="54" width="5" height="5" fill="black" stroke-width="0" stroke="black" />
<rect x="150" y="49" width="5" height="5" fill="black" stroke-width="0" stroke="black" />
<rect x="150" y="44" width="5" height="5" fill="black" stroke-width="0" stroke="black" />
<rect x="150" y="39" width="5" height="5" fill="black" stroke-width="0" stroke="black" />
<rect x="150" y="34" width="5" height="5" fill="black" stroke-width="0" stroke="black" />
<rect x="150" y="29" width="5" height="5" fill="black" stroke-width="0" stroke="black" />
<rect x="155" y="84" width="5" height="5" fill="black" stroke-width="0" stroke="black" />
<rect x="155" y="79" width="5" height="5" fill="black" stroke-width="0" stroke="black" />
<rect x="155" y="74" width="5" height="5" fill="black" stroke-width="0" stroke="black" />
<rect x="155" y="69" width="5" height="5" fill="black" stroke-width="0" stroke="black" />
<rect x="155" y="59" width="5" height="5" fill="black" stroke-width="0" stroke="black" />
<rect x="155" y="54" width="5" height="5" fill="black" stroke-width="0" stroke="black" />
<rect x="155" y="49" width="5" height="5" fill="black" stroke-width="0" stroke="black" />
<rect x="155" y="44" width="5" height="5" fill="black" stroke-width="0" stroke="black" />
<rect x="155" y="39" width="5" height="5" fill="black" stroke-width="0" stroke="black" />
<rect x="155" y="34" width="5" height="5" fill="black" stroke-width="0" stroke="black" />
<rect x="160" y="74" width="5" height="5" fill="black" stroke-width="0" stroke="black" />
<rect x="160" y="69" width="5" height="5" fill="black" stroke-width="0" stroke="black" />
<rect x="160" y="64" width="5" height="5" fill="black" stroke-width="0" stroke="black" />
<rect x="160" y="59" width="5" height="5" fill="black" stroke-width="0" stroke="black" />
<rect x="160" y="54" width="5" height="5" fill="black" stroke-width="0" stroke="black" />
<rect x="160" y="49" width="5" height="5" fill="black" stroke-width="0" stroke="black" />
<rect x="160" y="44" width="5" height="5" fill="black" stroke-width="0" stroke="black" />
<rect x="160" y="39" width="5" height="5" fill="black" stroke-width="0" stroke="black" />
<rect x="160" y="34" width="5" height="5" fill="black" stroke-width="0" stroke="black" />
<rect x="165" y="74" width="5" height="5" fill="black" stroke-width="0" stroke="black" />
<rect x="165" y="69" width="5" height="5" fill="black" stroke-width="0" stroke="black" />
<rect x="165" y="64" width="5" height="5" fill="black" stroke-width="0" stroke="black" />
<rect x="165" y="59" width="5" height="5" fill="black" stroke-width="0" stroke="black" />
<rect x="165" y="54" width="5" height="5" fill="black" stroke-width="0" stroke="black" />
<rect x="165" y="49" width="5" height="5" fill="black" stroke-width="0" stroke="black" />
<rect x="165" y="44" width="5" height="5" fill="black" stroke-width="0" stroke="black" />
<rect x="165" y="39" width="5" height="5" fill="black" stroke-width="0" stroke="black" />
<rect x="165" y="34" width="5" height="5" fill="black" stroke-width="0" stroke="black" />
<rect x="170" y="59" width="5" height="5" fill="black" stroke-width="0" stroke="black" />
<rect x="170" y="54" width="5" height="5" fill="black" stroke-width="0" stroke="black" />
<rect x="170" y="49" width="5" height="5" fill="black" stroke-width="0" stroke="black" />
<rect x="170" y="44" width="5" height="5" fill="black" stroke-width="0" stroke="black" />
<rect x="170" y="39" width="5" height="5" fill="black" stroke-width="0" stroke="black" />
<rect x="170" y="34" width="5" height="5" fill="black" stroke-width="0" stroke="black" />
<rect x="175" y="59" width="5" height="5" fill="black" stroke-width="0" stroke="black" />
<rect x="175" y="54" width="5" height="5" fill="black" stroke-width="0" stroke="black" />
<rect x="175" y="49" width="5" height="5" fill="black" stroke-width="0" stroke="black" />
<rect x="175" y="44" width="5" height="5" fill="black" stroke-width="0" stroke="black" />
<rect x="175" y="39" width="5" height="5" fill="black" stroke-width="0" stroke="black" />
<rect x="175" y="34" width="5" height="5" fill="black" stroke-width="0" stroke="black" />
<rect x="180" y="54" width="5" height="5" fill="black" stroke-width="0" stroke="black" />
<rect x="180" y="49" width="5" height="5" fill="black" stroke-width="0" stroke="black" />
<rect x="180" y="44" width="5" height="5" fill="black" stroke-width="0" stroke="black" />
<rect x="180" y="39" width="5" height="5" fill="black" stroke-width="0" stroke="black" />
<rect x="185" y="49" width="5" height="5" fill="black" stroke-width="0" stroke="black" />
<rect x="185" y="44" width="5" height="5" fill="black" stroke-width="0" stroke="black" />
<rect x="185" y="39" width="5" height="5" fill="black" stroke-width="0" stroke="black" />
<text x="91" y="155" fill="black" font-size="9px">1.84m</text>
<text x="0" y="0" fill="black" font-size="9px" transform="translate(234,57) rotate(90)">0.81m</text>
<line x1="10" y1="139" x2="199" y2="139" fill="none" stroke="black" stroke-width="1" />
<line x1="10" y1="136" x2="10" y2="142" fill="none" stroke="black" stroke-width="1" />
<line x1="199" y1="136" x2="199" y2="142" fill="none" stroke="black" stroke-width="1" />
<line x1="224" y1="114" x2="224" y2="28" fill="none" stroke="black" stroke-width="1" />
<line x1="221" y1="114" x2="227" y2="114" fill="none" stroke="black" stroke-width="1" />
<line x1="221" y1="28" x2="227" y2="28" fill="none" stroke="black" stroke-width="1" />
</svg>
