<?xml version="1.0" encoding="UTF-8"?>
<!DOCTYPE svg PUBLIC "-//W3C//DTD SVG 1.1//EN" "http://www.w3.org/Graphics/SVG/1.1/DTD/svg11.dtd">
<svg xmlns="http://www.w3.org/2000/svg" version="1.1" width="324" height="160">
<rect x="0" y="0" width="324" height="160" fill="white" stroke="white" stroke-width="0"/>
<text x="8" y="22" fill="black">Cross-section A</text>
<rect x="8" y="82" width="4" height="4" fill="black" stroke-width="0" stroke="black" />
<rect x="8" y="78" width="4" height="4" fill="black" stroke-width="0" stroke="black" />
<rect x="8" y="74" width="4" height="4" fill="black" stroke-width="0" stroke="black" />
<rect x="8" y="66" width="4" height="4" fill="black" stroke-width="0" stroke="black" />
<rect x="8" y="62" width="4" height="4" fill="black" stroke-width="0" stroke="black" />
<rect x="12" y="82" width="4" height="4" fill="black" stroke-width="0" stroke="black" />
<rect x="12" y="78" width="4" height="4" fill="black" stroke-width="0" stroke="black" />
<rect x="12" y="74" width="4" height="4" fill="black" stroke-width="0" stroke="black" />
<rect x="12" y="66" width="4" height="4" fill="black" stroke-width="0" stroke="black" />
<rect x="12" y="62" width="4" height="4" fill="black" stroke-width="0" stroke="black" />
<rect x="16" y="82" width="4" height="4" fill="black" stroke-width="0" stroke="black" />
<rect x="16" y="78" width="4" height="4" fill="black" stroke-width="0" stroke="black" />
<rect x="16" y="74" width="4" height="4" fill="black" stroke-width="0" stroke="black" />
<rect x="16" y="66" width="4" height="4" fill="black" stroke-width="0" stroke="black" />
<rect x="16" y="62" width="4" height="4" fill="black" stroke-width="0" stroke="black" />
<rect x="20" y="78" width="4" height="4" fill="black" stroke-width="0" stroke="black" />
<rect x="20" y="74" width="4" height="4" fill="black" stroke-width="0" stroke="black" />
<rect x="20" y="70" width="4" height="4" fill="black" stroke-width="0" stroke="black" />
<rect x="20" y="66" width="4" height="4" fill="black" stroke-width="0" stroke="black" />
<rect x="20" y="62" width="4" height="4" fill="black" stroke-width="0" stroke="black" />
<rect x="24" y="74" width="4" height="4" fill="black" stroke-width="0" stroke="black" />
<rect x="24" y="70" width="4" height="4" fill="black" stroke-width="0" stroke="black" />
<rect x="24" y="66" width="4" height="4" fill="black" stroke-width="0" stroke="black" />
<rect x="24" y="62" width="4" height="4" fill="black" stroke-width="0" stroke="black" />
<rect x="28" y="90" width="4" height="4" fill="black" stroke-width="0" stroke="black" />
<rect x="28" y="86" width="4" height="4" fill="black" stroke-width="0" stroke="black" />
<rect x="28" y="82" width="4" height="4" fill="black" stroke-width="0" stroke="black" />
<rect x="28" y="78" width="4" height="4" fill="black" stroke-width="0" stroke="black" />
<rect x="28" y="74" width="4" height="4" fill="black" stroke-width="0" stroke="black" />
<rect x="28" y="70" width="4" height="4" fill="black" stroke-width="0" stroke="black" />
<rect x="28" y="66" width="4" height="4" fill="black" stroke-width="0" stroke="black" />
<rect x="28" y="62" width="4" height="4" fill="black" stroke-width="0" stroke="black" />
<rect x="32" y="94" width="4" height="4" fill="black" stroke-width="0" stroke="black" />
<rect x="32" y="90" width="4" height="4" fill="black" stroke-width="0" stroke="black" />
<rect x="32" y="86" width="4" height="4" fill="black" stroke-width="0" stroke="black" />
<rect x="32" y="82" width="4" height="4" fill="black" stroke-width="0" stroke="black" />
<rect x="32" y="78" width="4" height="4" fill="black" stroke-width="0" stroke="black" />
<rect x="32" y="74" width="4" height="4" fill="black" stroke-width="0" stroke="black" />
<rect x="32" y="70" width="4" height="4" fill="black" stroke-width="0" stroke="black" />
<rect x="32" y="66" width="4" height="4" fill="black" stroke-width="0" stroke="black" />
<rect x="32" y="62" width="4" height="4" fill="black" stroke-width="0" stroke="black" />
<rect x="36" y="94" width="4" height="4" fill="black" stroke-width="0" stroke="black" />
<rect x="36" y="90" width="4" height="4" fill="black" stroke-width="0" stroke="black" />
<rect x="36" y="86" width="4" height="4" fill="black" stroke-width="0" stroke="black" />
<rect x="36" y="78" width="4" height="4" fill="black" stroke-width="0" stroke="black" />
<rect x="36" y="74" width="4" height="4" fill="black" stroke-width="0" stroke="black" />
<rect x="36" y="70" width="4" height="4" fill="black" stroke-width="0" stroke="black" />
<rect x="36" y="66" width="4" height="4" fill="black" stroke-width="0" stroke="black" />
<rect x="40" y="98" width="4" height="4" fill="black" stroke-width="0" stroke="black" />
<rect x="40" y="94" width="4" height="4" fill="black" stroke-width="0" stroke="black" />
<rect x="40" y="90" width="4" height="4" fill="black" stroke-width="0" stroke="black" />
<rect x="40" y="86" width="4" height="4" fill="black" stroke-width="0" stroke="black" />
<rect x="40" y="74" width="4" height="4" fill="black" stroke-width="0" stroke="black" />
<rect x="40" y="70" width="4" height="4" fill="black" stroke-width="0" stroke="black" />
<rect x="44" y="102" width="4" height="4" fill="black" stroke-width="0" stroke="black" />
<rect x="44" y="98" width="4" height="4" fill="black" stroke-width="0" stroke="black" />
<rect x="44" y="94" width="4" height="4" fill="black" stroke-width="0" stroke="black" />
<rect x="44" y="90" width="4" height="4" fill="black" stroke-width="0" stroke="black" />
<rect x="44" y="74" width="4" height="4" fill="black" stroke-width="0" stroke="black" />
<rect x="44" y="70" width="4" height="4" fill="black" stroke-width="0" stroke="black" />
<rect x="48" y="102" width="4" height="4" fill="black" stroke-width="0" stroke="black" />
<rect x="48" y="98" width="4" height="4" fill="black" stroke-width="0" stroke="black" />
<rect x="48" y="94" width="4" height="4" fill="black" stroke-width="0" stroke="black" />
<rect x="48" y="90" width="4" height="4" fill="black" stroke-width="0" stroke="black" />
<rect x="48" y="74" width="4" height="4" fill="black" stroke-width="0" stroke="black" />
<rect x="48" y="70" width="4" height="4" fill="black" stroke-width="0" stroke="black" />
<rect x="52" y="102" width="4" height="4" fill="black" stroke-width="0" stroke="black" />
<rect x="52" y="98" width="4" height="4" fill="black" stroke-width="0" stroke="black" />
<rect x="52" y="94" width="4" height="4" fill="black" stroke-width="0" stroke="black" />
<rect x="52" y="90" width="4" height="4" fill="black" stroke-width="0" stroke="black" />
<rect x="52" y="74" width="4" height="4" fill="black" stroke-width="0" stroke="black" />
<rect x="52" y="70" width="4" height="4" fill="black" stroke-width="0" stroke="black" />
<rect x="56" y="94" width="4" height="4" fill="black" stroke-width="0" stroke="black" />
<rect x="56" y="90" width="4" height="4" fill="black" stroke-width="0" stroke="black" />
<rect x="56" y="74" width="4" height="4" fill="black" stroke-width="0" stroke="black" />
<rect x="56" y="70" width="4" height="4" fill="black" stroke-width="0" stroke="black" />
<rect x="60" y="94" width="4" height="4" fill="black" stroke-width="0" stroke="black" />
<rect x="60" y="90" width="4" height="4" fill="black" stroke-width="0" stroke="black" />
<rect x="60" y="74" width="4" height="4" fill="black" stroke-width="0" stroke="black" />
<rect x="60" y="70" width="4" height="4" fill="black" stroke-width="0" stroke="black" />
<rect x="64" y="98" width="4" height="4" fill="black" stroke-width="0" stroke="black" />
<rect x="64" y="94" width="4" height="4" fill="black" stroke-width="0" stroke="black" />
<rect x="64" y="70" width="4" height="4" fill="black" stroke-width="0" stroke="black" />
<rect x="64" y="66" width="4" height="4" fill="black" stroke-width="0" stroke="black" />
<rect x="64" y="58" width="4" height="4" fill="black" stroke-width="0" stroke="black" />
<rect x="64" y="54" width="4" height="4" fill="black" stroke-width="0" stroke="black" />
<rect x="68" y="98" width="4" height="4" fill="black" stroke-width="0" stroke="black" />
<rect x="68" y="94" width="4" height="4" fill="black" stroke-width="0" stroke="black" />
<rect x="68" y="70" width="4" height="4" fill="black" stroke-width="0" stroke="black" />
<rect x="68" y="66" width="4" height="4" fill="black" stroke-width="0" stroke="black" />
<rect x="68" y="58" width="4" height="4" fill="black" stroke-width="0" stroke="black" />
<rect x="68" y="54" width="4" height="4" fill="black" stroke-width="0" stroke="black" />
<rect x="72" y="98" width="4" height="4" fill="black" stroke-width="0" stroke="black" />
<rect x="72" y="94" width="4" height="4" fill="black" stroke-width="0" stroke="black" />
<rect x="72" y="70" width="4" height="4" fill="black" stroke-width="0" stroke="black" />
<rect x="72" y="66" width="4" height="4" fill="black" stroke-width="0" stroke="black" />
<rect x="72" y="58" width="4" height="4" fill="black" stroke-width="0" stroke="black" />
<rect x="72" y="54" width="4" height="4" fill="black" stroke-width="0" stroke="black" />
<rect x="76" y="102" width="4" height="4" fill="black" stroke-width="0" stroke="black" />
<rect x="76" y="98" width="4" height="4" fill="black" stroke-width="0" stroke="black" />
<rect x="76" y="66" width="4" height="4" fill="black" stroke-width="0" stroke="black" />
<rect x="76" y="62" width="4" height="4" fill="black" stroke-width="0" stroke="black" />
<rect x="76" y="58" width="4" height="4" fill="black" stroke-width="0" stroke="black" />
<rect x="76" y="54" width="4" height="4" fill="black" stroke-width="0" stroke="black" />
<rect x="80" y="102" width="4" height="4" fill="black" stroke-width="0" stroke="black" />
<rect x="80" y="98" width="4" height="4" fill="black" stroke-width="0" stroke="black" />
<rect x="80" y="66" width="4" height="4" fill="black" stroke-width="0" stroke="black" />
<rect x="80" y="62" width="4" height="4" fill="black" stroke-width="0" stroke="black" />
<rect x="80" y="58" width="4" height="4" fill="black" stroke-width="0" stroke="black" />
<rect x="80" y="54" width="4" height="4" fill="black" stroke-width="0" stroke="black" />
<rect x="84" y="102" width="4" height="4" fill="black" stroke-width="0" stroke="black" />
<rect x="84" y="98" width="4" height="4" fill="black" stroke-width="0" stroke="black" />
<rect x="84" y="66" width="4" height="4" fill="black" stroke-width="0" stroke="black" />
<rect x="84" y="62" width="4" height="4" fill="black" stroke-width="0" stroke="black" />
<rect x="84" y="58" width="4" height="4" fill="black" stroke-width="0" stroke="black" />
<rect x="84" y="54" width="4" height="4" fill="black" stroke-width="0" stroke="black" />
<rect x="88" y="106" width="4" height="4" fill="black" stroke-width="0" stroke="black" />
<rect x="88" y="102" width="4" height="4" fill="black" stroke-width="0" stroke="black" />
<rect x="88" y="98" width="4" height="4" fill="black" stroke-width="0" stroke="black" />
<rect x="88" y="66" width="4" height="4" fill="black" stroke-width="0" stroke="black" />
<rect x="88" y="62" width="4" height="4" fill="black" stroke-width="0" stroke="black" />
<rect x="88" y="58" width="4" height="4" fill="black" stroke-width="0" stroke="black" />
<rect x="92" y="106" width="4" height="4" fill="black" stroke-width="0" stroke="black" />
<rect x="92" y="102" width="4" height="4" fill="black" stroke-width="0" stroke="black" />
<rect x="92" y="98" width="4" height="4" fill="black" stroke-width="0" stroke="black" />
<rect x="92" y="62" width="4" height="4" fill="black" stroke-width="0" stroke="black" />
<rect x="92" y="58" width="4" height="4" fill="black" stroke-width="0" stroke="black" />
<rect x="92" y="54" width="4" height="4" fill="black" stroke-width="0" stroke="black" />
<rect x="96" y="110" width="4" height="4" fill="black" stroke-width="0" stroke="black" />
<rect x="96" y="106" width="4" height="4" fill="black" stroke-width="0" stroke="black" />
<rect x="96" y="102" width="4" height="4" fill="black" stroke-width="0" stroke="black" />
<rect x="96" y="98" width="4" height="4" fill="black" stroke-width="0" stroke="black" />
<rect x="96" y="62" width="4" height="4" fill="black" stroke-width="0" stroke="black" />
<rect x="96" y="58" width="4" height="4" fill="black" stroke-width="0" stroke="black" />
<rect x="96" y="54" width="4" height="4" fill="black" stroke-width="0" stroke="black" />
<rect x="100" y="106" width="4" height="4" fill="black" stroke-width="0" stroke="black" />
<rect x="100" y="102" width="4" height="4" fill="black" stroke-width="0" stroke="black" />
<rect x="100" y="58" width="4" height="4" fill="black" stroke-width="0" stroke="black" />
<rect x="100" y="54" width="4" height="4" fill="black" stroke-width="0" stroke="black" />
<rect x="100" y="50" width="4" height="4" fill="black" stroke-width="0" stroke="black" />
<rect x="104" y="106" width="4" height="4" fill="black" stroke-width="0" stroke="black" />
<rect x="104" y="102" width="4" height="4" fill="black" stroke-width="0" stroke="black" />
<rect x="104" y="58" width="4" height="4" fill="black" stroke-width="0" stroke="black" />
<rect x="104" y="54" width="4" height="4" fill="black" stroke-width="0" stroke="black" />
<rect x="104" y="50" width="4" height="4" fill="black" stroke-width="0" stroke="black" />
<rect x="108" y="106" width="4" height="4" fill="black" stroke-width="0" stroke="black" />
<rect x="108" y="102" width="4" height="4" fill="black" stroke-width="0" stroke="black" />
<rect x="108" y="58" width="4" height="4" fill="black" stroke-width="0" stroke="black" />
<rect x="108" y="54" width="4" height="4" fill="black" stroke-width="0" stroke="black" />
<rect x="108" y="50" width="4" height="4" fill="black" stroke-width="0" stroke="black" />
<rect x="112" y="114" width="4" height="4" fill="black" stroke-width="0" stroke="black" />
<rect x="112" y="110" width="4" height="4" fill="black" stroke-width="0" stroke="black" />
<rect x="112" y="106" width="4" height="4" fill="black" stroke-width="0" stroke="black" />
<rect x="112" y="50" width="4" height="4" fill="black" stroke-width="0" stroke="black" />
<rect x="112" y="46" width="4" height="4" fill="black" stroke-width="0" stroke="black" />
<rect x="112" y="42" width="4" height="4" fill="black" stroke-width="0" stroke="black" />
<rect x="116" y="114" width="4" height="4" fill="black" stroke-width="0" stroke="black" />
<rect x="116" y="110" width="4" height="4" fill="black" stroke-width="0" stroke="black" />
<rect x="116" y="50" width="4" height="4" fill="black" stroke-width="0" stroke="black" />
<rect x="116" y="46" width="4" height="4" fill="black" stroke-width="0" stroke="black" />
<rect x="116" y="42" width="4" height="4" fill="black" stroke-width="0" stroke="black" />
<rect x="120" y="118" width="4" height="4" fill="black" stroke-width="0" stroke="black" />
<rect x="120" y="114" width="4" height="4" fill="black" stroke-width="0" stroke="black" />
<rect x="120" y="110" width="4" height="4" fill="black" stroke-width="0" stroke="black" />
<rect x="120" y="50" width="4" height="4" fill="black" stroke-width="0" stroke="black" />
<rect x="120" y="46" width="4" height="4" fill="black" stroke-width="0" stroke="black" />
<rect x="120" y="42" width="4" height="4" fill="black" stroke-width="0" stroke="black" />
<rect x="124" y="118" width="4" height="4" fill="black" stroke-width="0" stroke="black" />
<rect x="124" y="114" width="4" height="4" fill="black" stroke-width="0" stroke="black" />
<rect x="124" y="46" width="4" height="4" fill="black" stroke-width="0" stroke="black" />
<rect x="124" y="42" width="4" height="4" fill="black" stroke-width="0" stroke="black" />
<rect x="124" y="38" width="4" height="4" fill="black" stroke-width="0" stroke="black" />
<rect x="128" y="118" width="4" height="4" fill="black" stroke-width="0" stroke="black" />
<rect x="128" y="114" width="4" height="4" fill="black" stroke-width="0" stroke="black" />
<rect x="128" y="46" width="4" height="4" fill="black" stroke-width="0" stroke="black" />
<rect x="128" y="42" width="4" height="4" fill="black" stroke-width="0" stroke="black" />
<rect x="128" y="38" width="4" height="4" fill="black" stroke-width="0" stroke="black" />
<rect x="132" y="118" width="4" height="4" fill="black" stroke-width="0" stroke="black" />
<rect x="132" y="114" width="4" height="4" fill="black" stroke-width="0" stroke="black" />
<rect x="132" y="42" width="4" height="4" fill="black" stroke-width="0" stroke="black" />
<rect x="132" y="38" width="4" height="4" fill="black" stroke-width="0" stroke="black" />
<rect x="136" y="118" width="4" height="4" fill="black" stroke-width="0" stroke="black" />
<rect x="136" y="38" width="4" height="4" fill="black" stroke-width="0" stroke="black" />
<rect x="140" y="118" width="4" height="4" fill="black" stroke-width="0" stroke="black" />
<rect x="140" y="38" width="4" height="4" fill="black" stroke-width="0" stroke="black" />
<rect x="144" y="118" width="4" height="4" fill="black" stroke-width="0" stroke="black" />
<rect x="144" y="38" width="4" height="4" fill="black" stroke-width="0" stroke="black" />
<rect x="148" y="118" width="4" height="4" fill="black" stroke-width="0" stroke="black" />
<rect x="148" y="38" width="4" height="4" fill="black" stroke-width="0" stroke="black" />
<rect x="148" y="34" width="4" height="4" fill="black" stroke-width="0" stroke="black" />
<rect x="152" y="118" width="4" height="4" fill="black" stroke-width="0" stroke="black" />
<rect x="152" y="38" width="4" height="4" fill="black" stroke-width="0" stroke="black" />
<rect x="152" y="34" width="4" height="4" fill="black" stroke-width="0" stroke="black" />
<rect x="156" y="118" width="4" height="4" fill="black" stroke-width="0" stroke="black" />
<rect x="156" y="38" width="4" height="4" fill="black" stroke-width="0" stroke="black" />
<rect x="156" y="34" width="4" height="4" fill="black" stroke-width="0" stroke="black" />
<rect x="160" y="118" width="4" height="4" fill="black" stroke-width="0" stroke="black" />
<rect x="160" y="34" width="4" height="4" fill="black" stroke-width="0" stroke="black" />
<rect x="164" y="118" width="4" height="4" fill="black" stroke-width="0" stroke="black" />
<rect x="164" y="114" width="4" height="4" fill="black" stroke-width="0" stroke="black" />
<rect x="164" y="34" width="4" height="4" fill="black" stroke-width="0" stroke="black" />
<rect x="164" y="30" width="4" height="4" fill="black" stroke-width="0" stroke="black" />
<rect x="168" y="118" width="4" height="4" fill="black" stroke-width="0" stroke="black" />
<rect x="168" y="114" width="4" height="4" fill="black" stroke-width="0" stroke="black" />
<rect x="168" y="34" width="4" height="4" fill="black" stroke-width="0" stroke="black" />
<rect x="168" y="30" width="4" height="4" fill="black" stroke-width="0" stroke="black" />
<rect x="172" y="118" width="4" height="4" fill="black" stroke-width="0" stroke="black" />
<rect x="172" y="114" width="4" height="4" fill="black" stroke-width="0" stroke="black" />
<rect x="172" y="34" width="4" height="4" fill="black" stroke-width="0" stroke="black" />
<rect x="172" y="30" width="4" height="4" fill="black" stroke-width="0" stroke="black" />
<rect x="176" y="114" width="4" height="4" fill="black" stroke-width="0" stroke="black" />
<rect x="176" y="34" width="4" height="4" fill="black" stroke-width="0" stroke="black" />
<rect x="176" y="30" width="4" height="4" fill="black" stroke-width="0" stroke="black" />
<rect x="180" y="114" width="4" height="4" fill="black" stroke-width="0" stroke="black" />
<rect x="180" y="110" width="4" height="4" fill="black" stroke-width="0" stroke="black" />
<rect x="180" y="34" width="4" height="4" fill="black" stroke-width="0" stroke="black" />
<rect x="180" y="30" width="4" height="4" fill="black" stroke-width="0" stroke="black" />
<rect x="184" y="114" width="4" height="4" fill="black" stroke-width="0" stroke="black" />
<rect x="184" y="110" width="4" height="4" fill="black" stroke-width="0" stroke="black" />
<rect x="184" y="34" width="4" height="4" fill="black" stroke-width="0" stroke="black" />
<rect x="184" y="30" width="4" height="4" fill="black" stroke-width="0" stroke="black" />
<rect x="188" y="114" width="4" height="4" fill="black" stroke-width="0" stroke="black" />
<rect x="188" y="110" width="4" height="4" fill="black" stroke-width="0" stroke="black" />
<rect x="188" y="106" width="4" height="4" fill="black" stroke-width="0" stroke="black" />
<rect x="188" y="30" width="4" height="4" fill="black" stroke-width="0" stroke="black" />
<rect x="192" y="114" width="4" height="4" fill="black" stroke-width="0" stroke="black" />
<rect x="192" y="110" width="4" height="4" fill="black" stroke-width="0" stroke="black" />
<rect x="192" y="106" width="4" height="4" fill="black" stroke-width="0" stroke="black" />
<rect x="192" y="30" width="4" height="4" fill="black" stroke-width="0" stroke="black" />
<rect x="192" y="26" width="4" height="4" fill="black" stroke-width="0" stroke="black" />
<rect x="196" y="110" width="4" height="4" fill="black" stroke-width="0" stroke="black" />
<rect x="196" y="106" width="4" height="4" fill="black" stroke-width="0" stroke="black" />
<rect x="196" y="30" width="4" height="4" fill="black" stroke-width="0" stroke="black" />
<rect x="196" y="26" width="4" height="4" fill="black" stroke-width="0" stroke="black" />
<rect x="200" y="106" width="4" height="4" fill="black" stroke-width="0" stroke="black" />
<rect x="200" y="102" width="4" height="4" fill="black" stroke-width="0" stroke="black" />
<rect x="200" y="30" width="4" height="4" fill="black" stroke-width="0" stroke="black" />
<rect x="200" y="26" width="4" height="4" fill="black" stroke-width="0" stroke="black" />
<rect x="204" y="106" width="4" height="4" fill="black" stroke-width="0" stroke="black" />
<rect x="204" y="102" width="4" height="4" fill="black" stroke-width="0" stroke="black" />
<rect x="204" y="30" width="4" height="4" fill="black" stroke-width="0" stroke="black" />
<rect x="204" y="26" width="4" height="4" fill="black" stroke-width="0" stroke="black" />
<rect x="208" y="106" width="4" height="4" fill="black" stroke-width="0" stroke="black" />
<rect x="208" y="102" width="4" height="4" fill="black" stroke-width="0" stroke="black" />
<rect x="208" y="30" width="4" height="4" fill="black" stroke-width="0" stroke="black" />
<rect x="208" y="26" width="4" height="4" fill="black" stroke-width="0" stroke="black" />
<rect x="212" y="106" width="4" height="4" fill="black" stroke-width="0" stroke="black" />
<rect x="212" y="102" width="4" height="4" fill="black" stroke-width="0" stroke="black" />
<rect x="212" y="98" width="4" height="4" fill="black" stroke-width="0" stroke="black" />
<rect x="212" y="30" width="4" height="4" fill="black" stroke-width="0" stroke="black" />
<rect x="212" y="26" width="4" height="4" fill="black" stroke-width="0" stroke="black" />
<rect x="216" y="106" width="4" height="4" fill="black" stroke-width="0" stroke="black" />
<rect x="216" y="102" width="4" height="4" fill="black" stroke-width="0" stroke="black" />
<rect x="216" y="98" width="4" height="4" fill="black" stroke-width="0" stroke="black" />
<rect x="216" y="30" width="4" height="4" fill="black" stroke-width="0" stroke="black" />
<rect x="216" y="26" width="4" height="4" fill="black" stroke-width="0" stroke="black" />
<rect x="220" y="102" width="4" height="4" fill="black" stroke-width="0" stroke="black" />
<rect x="220" y="98" width="4" height="4" fill="black" stroke-width="0" stroke="black" />
<rect x="220" y="30" width="4" height="4" fill="black" stroke-width="0" stroke="black" />
<rect x="220" y="26" width="4" height="4" fill="black" stroke-width="0" stroke="black" />
<rect x="224" y="98" width="4" height="4" fill="black" stroke-width="0" stroke="black" />
<rect x="224" y="94" width="4" height="4" fill="black" stroke-width="0" stroke="black" />
<rect x="224" y="90" width="4" height="4" fill="black" stroke-width="0" stroke="black" />
<rect x="224" y="86" width="4" height="4" fill="black" stroke-width="0" stroke="black" />
<rect x="224" y="38" width="4" height="4" fill="black" stroke-width="0" stroke="black" />
<rect x="224" y="34" width="4" height="4" fill="black" stroke-width="0" stroke="black" />
<rect x="224" y="30" width="4" height="4" fill="black" stroke-width="0" stroke="black" />
<rect x="224" y="26" width="4" height="4" fill="black" stroke-width="0" stroke="black" />
<rect x="228" y="98" width="4" height="4" fill="black" stroke-width="0" stroke="black" />
<rect x="228" y="94" width="4" height="4" fill="black" stroke-width="0" stroke="black" />
<rect x="228" y="90" width="4" height="4" fill="black" stroke-width="0" stroke="black" />
<rect x="228" y="86" width="4" height="4" fill="black" stroke-width="0" stroke="black" />
<rect x="228" y="38" width="4" height="4" fill="black" stroke-width="0" stroke="black" />
<rect x="228" y="34" width="4" height="4" fill="black" stroke-width="0" stroke="black" />
<rect x="228" y="30" width="4" height="4" fill="black" stroke-width="0" stroke="black" />
<rect x="232" y="94" width="4" height="4" fill="black" stroke-width="0" stroke="black" />
<rect x="232" y="90" width="4" height="4" fill="black" stroke-width="0" stroke="black" />
<rect x="232" y="86" width="4" height="4" fill="black" stroke-width="0" stroke="black" />
<rect x="232" y="38" width="4" height="4" fill="black" stroke-width="0" stroke="black" />
<rect x="232" y="34" width="4" height="4" fill="black" stroke-width="0" stroke="black" />
<rect x="232" y="30" width="4" height="4" fill="black" stroke-width="0" stroke="black" />
<rect x="236" y="94" width="4" height="4" fill="black" stroke-width="0" stroke="black" />
<rect x="236" y="90" width="4" height="4" fill="black" stroke-width="0" stroke="black" />
<rect x="236" y="86" width="4" height="4" fill="black" stroke-width="0" stroke="black" />
<rect x="236" y="38" width="4" height="4" fill="black" stroke-width="0" stroke="black" />
<rect x="236" y="34" width="4" height="4" fill="black" stroke-width="0" stroke="black" />
<rect x="236" y="30" width="4" height="4" fill="black" stroke-width="0" stroke="black" />
<rect x="240" y="94" width="4" height="4" fill="black" stroke-width="0" stroke="black" />
<rect x="240" y="90" width="4" height="4" fill="black" stroke-width="0" stroke="black" />
<rect x="240" y="86" width="4" height="4" fill="black" stroke-width="0" stroke="black" />
<rect x="240" y="82" width="4" height="4" fill="black" stroke-width="0" stroke="black" />
<rect x="240" y="38" width="4" height="4" fill="black" stroke-width="0" stroke="black" />
<rect x="240" y="34" width="4" height="4" fill="black" stroke-width="0" stroke="black" />
<rect x="240" y="30" width="4" height="4" fill="black" stroke-width="0" stroke="black" />
<rect x="244" y="90" width="4" height="4" fill="black" stroke-width="0" stroke="black" />
<rect x="244" y="86" width="4" height="4" fill="black" stroke-width="0" stroke="black" />
<rect x="244" y="82" width="4" height="4" fill="black" stroke-width="0" stroke="black" />
<rect x="244" y="38" width="4" height="4" fill="black" stroke-width="0" stroke="black" />
<rect x="244" y="34" width="4" height="4" fill="black" stroke-width="0" stroke="black" />
<rect x="248" y="90" width="4" height="4" fill="black" stroke-width="0" stroke="black" />
<rect x="248" y="86" width="4" height="4" fill="black" stroke-width="0" stroke="black" />
<rect x="248" y="82" width="4" height="4" fill="black" stroke-width="0" stroke="black" />
<rect x="248" y="78" width="4" height="4" fill="black" stroke-width="0" stroke="black" />
<rect x="248" y="74" width="4" height="4" fill="black" stroke-width="0" stroke="black" />
<rect x="248" y="70" width="4" height="4" fill="black" stroke-width="0" stroke="black" />
<rect x="248" y="66" width="4" height="4" fill="black" stroke-width="0" stroke="black" />
<rect x="248" y="38" width="4" height="4" fill="black" stroke-width="0" stroke="black" />
<rect x="248" y="34" width="4" height="4" fill="black" stroke-width="0" stroke="black" />
<rect x="252" y="86" width="4" height="4" fill="black" stroke-width="0" stroke="black" />
<rect x="252" y="82" width="4" height="4" fill="black" stroke-width="0" stroke="black" />
<rect x="252" y="78" width="4" height="4" fill="black" stroke-width="0" stroke="black" />
<rect x="252" y="74" width="4" height="4" fill="black" stroke-width="0" stroke="black" />
<rect x="252" y="70" width="4" height="4" fill="black" stroke-width="0" stroke="black" />
<rect x="252" y="66" width="4" height="4" fill="black" stroke-width="0" stroke="black" />
<rect x="252" y="42" width="4" height="4" fill="black" stroke-width="0" stroke="black" />
<rect x="252" y="38" width="4" height="4" fill="black" stroke-width="0" stroke="black" />
<rect x="256" y="82" width="4" height="4" fill="black" stroke-width="0" stroke="black" />
<rect x="256" y="78" width="4" height="4" fill="black" stroke-width="0" stroke="black" />
<rect x="256" y="74" width="4" height="4" fill="black" stroke-width="0" stroke="black" />
<rect x="256" y="70" width="4" height="4" fill="black" stroke-width="0" stroke="black" />
<rect x="256" y="66" width="4" height="4" fill="black" stroke-width="0" stroke="black" />
<rect x="256" y="62" width="4" height="4" fill="black" stroke-width="0" stroke="black" />
<rect x="256" y="42" width="4" height="4" fill="black" stroke-width="0" stroke="black" />
<rect x="256" y="38" width="4" height="4" fill="black" stroke-width="0" stroke="black" />
<rect x="260" y="78" width="4" height="4" fill="black" stroke-width="0" stroke="black" />
<rect x="260" y="74" width="4" height="4" fill="black" stroke-width="0" stroke="black" />
<rect x="260" y="70" width="4" height="4" fill="black" stroke-width="0" stroke="black" />
<rect x="260" y="66" width="4" height="4" fill="black" stroke-width="0" stroke="black" />
<rect x="260" y="62" width="4" height="4" fill="black" stroke-width="0" stroke="black" />
<rect x="260" y="58" width="4" height="4" fill="black" stroke-width="0" stroke="black" />
<rect x="260" y="46" width="4" height="4" fill="black" stroke-width="0" stroke="black" />
<rect x="260" y="42" width="4" height="4" fill="black" stroke-width="0" stroke="black" />
<rect x="260" y="38" width="4" height="4" fill="black" stroke-width="0" stroke="black" />
<rect x="264" y="78" width="4" height="4" fill="black" stroke-width="0" stroke="black" />
<rect x="264" y="74" width="4" height="4" fill="black" stroke-width="0" stroke="black" />
<rect x="264" y="70" width="4" height="4" fill="black" stroke-width="0" stroke="black" />
<rect x="264" y="66" width="4" height="4" fill="black" stroke-width="0" stroke="black" />
<rect x="264" y="62" width="4" height="4" fill="black" stroke-width="0" stroke="black" />
<rect x="264" y="58" width="4" height="4" fill="black" stroke-width="0" stroke="black" />
<rect x="264" y="54" width="4" height="4" fill="black" stroke-width="0" stroke="black" />
<rect x="264" y="50" width="4" height="4" fill="black" stroke-width="0" stroke="black" />
<rect x="264" y="46" width="4" height="4" fill="black" stroke-width="0" stroke="black" />
<rect x="264" y="42" width="4" height="4" fill="black" stroke-width="0" stroke="black" />
<rect x="264" y="38" width="4" height="4" fill="black" stroke-width="0" stroke="black" />
<rect x="268" y="78" width="4" height="4" fill="black" stroke-width="0" stroke="black" />
<rect x="268" y="74" width="4" height="4" fill="black" stroke-width="0" stroke="black" />
<rect x="268" y="70" width="4" height="4" fill="black" stroke-width="0" stroke="black" />
<rect x="268" y="66" width="4" height="4" fill="black" stroke-width="0" stroke="black" />
<rect x="268" y="62" width="4" height="4" fill="black" stroke-width="0" stroke="black" />
<rect x="268" y="58" width="4" height="4" fill="black" stroke-width="0" stroke="black" />
<rect x="268" y="54" width="4" height="4" fill="black" stroke-width="0" stroke="black" />
<rect x="268" y="50" width="4" height="4" fill="black" stroke-width="0" stroke="black" />
<rect x="268" y="46" width="4" height="4" fill="black" stroke-width="0" stroke="black" />
<rect x="268" y="42" width="4" height="4" fill="black" stroke-width="0" stroke="black" />
<rect x="272" y="66" width="4" height="4" fill="black" stroke-width="0" stroke="black" />
<rect x="272" y="62" width="4" height="4" fill="black" stroke-width="0" stroke="black" />
<rect x="272" y="58" width="4" height="4" fill="black" stroke-width="0" stroke="black" />
<rect x="272" y="54" width="4" height="4" fill="black" stroke-width="0" stroke="black" />
<rect x="272" y="50" width="4" height="4" fill="black" stroke-width="0" stroke="black" />
<rect x="272" y="46" width="4" height="4" fill="black" stroke-width="0" stroke="black" />
<rect x="276" y="66" width="4" height="4" fill="black" stroke-width="0" stroke="black" />
<rect x="276" y="62" width="4" height="4" fill="black" stroke-width="0" stroke="black" />
<rect x="276" y="58" width="4" height="4" fill="black" stroke-width="0" stroke="black" />
<rect x="276" y="54" width="4" height="4" fill="black" stroke-width="0" stroke="black" />
<rect x="276" y="50" width="4" height="4" fill="black" stroke-width="0" stroke="black" />
<rect x="276" y="46" width="4" height="4" fill="black" stroke-width="0" stroke="black" />
<rect x="280" y="62" width="4" height="4" fill="black" stroke-width="0" stroke="black" />
<rect x="280" y="58" width="4" height="4" fill="black" stroke-width="0" stroke="black" />
<rect x="280" y="54" width="4" height="4" fill="black" stroke-width="0" stroke="black" />
<text x="135" y="156" fill="black" font-size="9px">3.46m</text>
<text x="0" y="0" fill="black" font-size="9px" transform="translate(317,60) rotate(90)">1.16m</text>
<line x1="8" y1="142" x2="289" y2="142" fill="none" stroke="black" stroke-width="1" />
<line x1="8" y1="139" x2="8" y2="145" fill="none" stroke="black" stroke-width="1" />
<line x1="289" y1="139" x2="289" y2="145" fill="none" stroke="black" stroke-width="1" />
<line x1="309" y1="122" x2="309" y2="24" fill="none" stroke="black" stroke-width="1" />
<line x1="306" y1="122" x2="312" y2="122" fill="none" stroke="black" stroke-width="1" />
<line x1="306" y1="24" x2="312" y2="24" fill="none" stroke="black" stroke-width="1" />
</svg>
