<?xml version="1.0" encoding="UTF-8"?>
<!DOCTYPE svg PUBLIC "-//W3C//DTD SVG 1.1//EN"
          "http://www.w3.org/Graphics/SVG/1.1/DTD/svg11.dtd">
<svg xmlns="http://www.w3.org/2000/svg" version="1.1"
     width="121" height="61">
<rect x="0" y="0" width="121" height="61" fill="white" stroke="white" stroke-width="0"/>
<text x="2" y="13" fill="black">Cross-section A</text>
<rect x="2" y="58" width="1" height="1" fill="black" stroke-width="0" stroke="black" />
<rect x="2" y="19" width="1" height="1" fill="black" stroke-width="0" stroke="black" />
<rect x="3" y="58" width="1" height="1" fill="black" stroke-width="0" stroke="black" />
<rect x="3" y="19" width="1" height="1" fill="black" stroke-width="0" stroke="black" />
<rect x="4" y="58" width="1" height="1" fill="black" stroke-width="0" stroke="black" />
<rect x="4" y="19" width="1" height="1" fill="black" stroke-width="0" stroke="black" />
<rect x="5" y="58" width="1" height="1" fill="black" stroke-width="0" stroke="black" />
<rect x="5" y="19" width="1" height="1" fill="black" stroke-width="0" stroke="black" />
<rect x="6" y="58" width="1" height="1" fill="black" stroke-width="0" stroke="black" />
<rect x="6" y="19" width="1" height="1" fill="black" stroke-width="0" stroke="black" />
<rect x="7" y="58" width="1" height="1" fill="black" stroke-width="0" stroke="black" />
<rect x="7" y="19" width="1" height="1" fill="black" stroke-width="0" stroke="black" />
<rect x="8" y="58" width="1" height="1" fill="black" stroke-width="0" stroke="black" />
<rect x="8" y="19" width="1" height="1" fill="black" stroke-width="0" stroke="black" />
<rect x="9" y="58" width="1" height="1" fill="black" stroke-width="0" stroke="black" />
<rect x="9" y="19" width="1" height="1" fill="black" stroke-width="0" stroke="black" />
<rect x="10" y="58" width="1" height="1" fill="black" stroke-width="0" stroke="black" />
<rect x="10" y="19" width="1" height="1" fill="black" stroke-width="0" stroke="black" />
<rect x="11" y="58" width="1" height="1" fill="black" stroke-width="0" stroke="black" />
<rect x="11" y="19" width="1" height="1" fill="black" stroke-width="0" stroke="black" />
<rect x="12" y="58" width="1" height="1" fill="black" stroke-width="0" stroke="black" />
<rect x="12" y="19" width="1" height="1" fill="black" stroke-width="0" stroke="black" />
<rect x="13" y="58" width="1" height="1" fill="black" stroke-width="0" stroke="black" />
<rect x="13" y="19" width="1" height="1" fill="black" stroke-width="0" stroke="black" />
<rect x="14" y="58" width="1" height="1" fill="black" stroke-width="0" stroke="black" />
<rect x="14" y="19" width="1" height="1" fill="black" stroke-width="0" stroke="black" />
<rect x="15" y="58" width="1" height="1" fill="black" stroke-width="0" stroke="black" />
<rect x="15" y="19" width="1" height="1" fill="black" stroke-width="0" stroke="black" />
<rect x="16" y="58" width="1" height="1" fill="black" stroke-width="0" stroke="black" />
<rect x="16" y="19" width="1" height="1" fill="black" stroke-width="0" stroke="black" />
<rect x="17" y="58" width="1" height="1" fill="black" stroke-width="0" stroke="black" />
<rect x="17" y="19" width="1" height="1" fill="black" stroke-width="0" stroke="black" />
<rect x="18" y="58" width="1" height="1" fill="black" stroke-width="0" stroke="black" />
<rect x="18" y="19" width="1" height="1" fill="black" stroke-width="0" stroke="black" />
<rect x="19" y="58" width="1" height="1" fill="black" stroke-width="0" stroke="black" />
<rect x="19" y="19" width="1" height="1" fill="black" stroke-width="0" stroke="black" />
<rect x="20" y="58" width="1" height="1" fill="black" stroke-width="0" stroke="black" />
<rect x="20" y="19" width="1" height="1" fill="black" stroke-width="0" stroke="black" />
<rect x="21" y="58" width="1" height="1" fill="black" stroke-width="0" stroke="black" />
<rect x="21" y="19" width="1" height="1" fill="black" stroke-width="0" stroke="black" />
<rect x="22" y="58" width="1" height="1" fill="black" stroke-width="0" stroke="black" />
<rect x="22" y="19" width="1" height="1" fill="black" stroke-width="0" stroke="black" />
<rect x="23" y="58" width="1" height="1" fill="black" stroke-width="0" stroke="black" />
<rect x="23" y="19" width="1" height="1" fill="black" stroke-width="0" stroke="black" />
<rect x="24" y="58" width="1" height="1" fill="black" stroke-width="0" stroke="black" />
<rect x="24" y="19" width="1" height="1" fill="black" stroke-width="0" stroke="black" />
<rect x="25" y="58" width="1" height="1" fill="black" stroke-width="0" stroke="black" />
<rect x="25" y="19" width="1" height="1" fill="black" stroke-width="0" stroke="black" />
<rect x="26" y="58" width="1" height="1" fill="black" stroke-width="0" stroke="black" />
<rect x="26" y="19" width="1" height="1" fill="black" stroke-width="0" stroke="black" />
<rect x="27" y="58" width="1" height="1" fill="black" stroke-width="0" stroke="black" />
<rect x="27" y="19" width="1" height="1" fill="black" stroke-width="0" stroke="black" />
<rect x="28" y="58" width="1" height="1" fill="black" stroke-width="0" stroke="black" />
<rect x="28" y="19" width="1" height="1" fill="black" stroke-width="0" stroke="black" />
<rect x="29" y="58" width="1" height="1" fill="black" stroke-width="0" stroke="black" />
<rect x="29" y="19" width="1" height="1" fill="black" stroke-width="0" stroke="black" />
<rect x="30" y="58" width="1" height="1" fill="black" stroke-width="0" stroke="black" />
<rect x="30" y="19" width="1" height="1" fill="black" stroke-width="0" stroke="black" />
<rect x="31" y="58" width="1" height="1" fill="black" stroke-width="0" stroke="black" />
<rect x="31" y="19" width="1" height="1" fill="black" stroke-width="0" stroke="black" />
<rect x="32" y="58" width="1" height="1" fill="black" stroke-width="0" stroke="black" />
<rect x="32" y="19" width="1" height="1" fill="black" stroke-width="0" stroke="black" />
<rect x="33" y="58" width="1" height="1" fill="black" stroke-width="0" stroke="black" />
<rect x="33" y="19" width="1" height="1" fill="black" stroke-width="0" stroke="black" />
<rect x="34" y="58" width="1" height="1" fill="black" stroke-width="0" stroke="black" />
<rect x="34" y="19" width="1" height="1" fill="black" stroke-width="0" stroke="black" />
<rect x="35" y="58" width="1" height="1" fill="black" stroke-width="0" stroke="black" />
<rect x="35" y="19" width="1" height="1" fill="black" stroke-width="0" stroke="black" />
<rect x="36" y="58" width="1" height="1" fill="black" stroke-width="0" stroke="black" />
<rect x="36" y="19" width="1" height="1" fill="black" stroke-width="0" stroke="black" />
<rect x="37" y="58" width="1" height="1" fill="black" stroke-width="0" stroke="black" />
<rect x="37" y="19" width="1" height="1" fill="black" stroke-width="0" stroke="black" />
<rect x="38" y="58" width="1" height="1" fill="black" stroke-width="0" stroke="black" />
<rect x="38" y="19" width="1" height="1" fill="black" stroke-width="0" stroke="black" />
<rect x="39" y="58" width="1" height="1" fill="black" stroke-width="0" stroke="black" />
<rect x="39" y="19" width="1" height="1" fill="black" stroke-width="0" stroke="black" />
<rect x="40" y="58" width="1" height="1" fill="black" stroke-width="0" stroke="black" />
<rect x="40" y="19" width="1" height="1" fill="black" stroke-width="0" stroke="black" />
<rect x="41" y="58" width="1" height="1" fill="black" stroke-width="0" stroke="black" />
<rect x="41" y="19" width="1" height="1" fill="black" stroke-width="0" stroke="black" />
</svg>
