<?xml version="1.0" encoding="UTF-8"?>
<!DOCTYPE svg PUBLIC "-//W3C//DTD SVG 1.1//EN"
          "http://www.w3.org/Graphics/SVG/1.1/DTD/svg11.dtd">
<svg xmlns="http://www.w3.org/2000/svg" version="1.1"
     width="21" height="21">
<rect x="0" y="0" width="21" height="21" fill="white" stroke="white" stroke-width="0"/>
<rect x="6" y="12" width="1" height="1" fill="black" stroke-width="0" stroke="black" />
<rect x="6" y="11" width="1" height="1" fill="black" stroke-width="0" stroke="black" />
<rect x="6" y="10" width="1" height="1" fill="black" stroke-width="0" stroke="black" />
<rect x="6" y="9" width="1" height="1" fill="black" stroke-width="0" stroke="black" />
<rect x="6" y="8" width="1" height="1" fill="black" stroke-width="0" stroke="black" />
<rect x="7" y="12" width="1" height="1" fill="black" stroke-width="0" stroke="black" />
<rect x="7" y="11" width="1" height="1" fill="black" stroke-width="0" stroke="black" />
<rect x="7" y="10" width="1" height="1" fill="black" stroke-width="0" stroke="black" />
<rect x="7" y="9" width="1" height="1" fill="black" stroke-width="0" stroke="black" />
<rect x="7" y="8" width="1" height="1" fill="black" stroke-width="0" stroke="black" />
<rect x="8" y="12" width="1" height="1" fill="black" stroke-width="0" stroke="black" />
<rect x="8" y="11" width="1" height="1" fill="black" stroke-width="0" stroke="black" />
<rect x="8" y="10" width="1" height="1" fill="black" stroke-width="0" stroke="black" />
<rect x="8" y="9" width="1" height="1" fill="black" stroke-width="0" stroke="black" />
<rect x="8" y="8" width="1" height="1" fill="black" stroke-width="0" stroke="black" />
<rect x="9" y="12" width="1" height="1" fill="black" stroke-width="0" stroke="black" />
<rect x="9" y="11" width="1" height="1" fill="black" stroke-width="0" stroke="black" />
<rect x="9" y="10" width="1" height="1" fill="black" stroke-width="0" stroke="black" />
<rect x="9" y="9" width="1" height="1" fill="black" stroke-width="0" stroke="black" />
<rect x="9" y="8" width="1" height="1" fill="black" stroke-width="0" stroke="black" />
<rect x="10" y="12" width="1" height="1" fill="black" stroke-width="0" stroke="black" />
<rect x="10" y="11" width="1" height="1" fill="black" stroke-width="0" stroke="black" />
<rect x="10" y="10" width="1" height="1" fill="black" stroke-width="0" stroke="black" />
<rect x="10" y="9" width="1" height="1" fill="black" stroke-width="0" stroke="black" />
<rect x="10" y="8" width="1" height="1" fill="black" stroke-width="0" stroke="black" />
<rect x="11" y="12" width="1" height="1" fill="black" stroke-width="0" stroke="black" />
<rect x="11" y="11" width="1" height="1" fill="black" stroke-width="0" stroke="black" />
<rect x="11" y="10" width="1" height="1" fill="black" stroke-width="0" stroke="black" />
<rect x="11" y="9" width="1" height="1" fill="black" stroke-width="0" stroke="black" />
<rect x="11" y="8" width="1" height="1" fill="black" stroke-width="0" stroke="black" />
<rect x="12" y="12" width="1" height="1" fill="black" stroke-width="0" stroke="black" />
<rect x="12" y="11" width="1" height="1" fill="black" stroke-width="0" stroke="black" />
<rect x="12" y="10" width="1" height="1" fill="black" stroke-width="0" stroke="black" />
<rect x="12" y="9" width="1" height="1" fill="black" stroke-width="0" stroke="black" />
<rect x="12" y="8" width="1" height="1" fill="black" stroke-width="0" stroke="black" />
<rect x="13" y="12" width="1" height="1" fill="black" stroke-width="0" stroke="black" />
<rect x="13" y="11" width="1" height="1" fill="black" stroke-width="0" stroke="black" />
<rect x="13" y="10" width="1" height="1" fill="black" stroke-width="0" stroke="black" />
<rect x="13" y="9" width="1" height="1" fill="black" stroke-width="0" stroke="black" />
<rect x="13" y="8" width="1" height="1" fill="black" stroke-width="0" stroke="black" />
</svg>
